Could not rename log file 'C:/Users/Allen/tools/kafka/kafka_2.13-4.0.0/logs/kafkaServer-gc.log' to 'C:/Users/Allen/tools/kafka/kafka_2.13-4.0.0/logs/kafkaServer-gc.log.4' (Permission denied).
2026-09-07T09:38:31.620863700Z main ERROR Reconfiguration failed: No configuration found for '7a81197d' at 'null' in 'null'
17:38:33.896 [data-plane-kafka-request-handler-1] ERROR kafka.server.ControllerApis - [ControllerApis nodeId=0] Unexpected error handling request RequestHeader(apiKey=CONTROLLER_REGISTRATION, apiVersion=0, clientId=2, correlationId=0, headerVersion=2) -- ControllerRegistrationRequestData(controllerId=2, incarnationId=BveKfyJmRmeihoBpNMjhkw, zkMigrationReady=false, listeners=[Listener(name='CONTROLLER', host='allen', port=19094, securityProtocol=0)], features=[Feature(name='group.version', minSupportedVersion=0, maxSupportedVersion=1), Feature(name='transaction.version', minSupportedVersion=0, maxSupportedVersion=2), Feature(name='eligible.leader.replicas.version', minSupportedVersion=0, maxSupportedVersion=1), Feature(name='kraft.version', minSupportedVersion=0, maxSupportedVersion=1), Feature(name='metadata.version', minSupportedVersion=7, maxSupportedVersion=25)]) with context RequestContext(header=RequestHeader(apiKey=CONTROLLER_REGISTRATION, apiVersion=0, clientId=2, correlationId=0, headerVersion=2), connectionId='127.0.0.1:19092-127.0.0.1:57293-0-1', clientAddress=/127.0.0.1, principal=User:ANONYMOUS, listenerName=ListenerName(CONTROLLER), securityProtocol=PLAINTEXT, clientInformation=ClientInformation(softwareName=apache-kafka-java, softwareVersion=4.0.0), fromPrivilegedListener=false, principalSerde=Optional[org.apache.kafka.common.security.authenticator.DefaultKafkaPrincipalBuilder@2f6cd265])
java.util.concurrent.CompletionException: org.apache.kafka.common.errors.NotControllerException: The active controller appears to be node 2.
	at java.base/java.util.concurrent.CompletableFuture.encodeThrowable(CompletableFuture.java:332) ~[?:?]
	at java.base/java.util.concurrent.CompletableFuture.uniApplyNow(CompletableFuture.java:674) ~[?:?]
	at java.base/java.util.concurrent.CompletableFuture.uniApplyStage(CompletableFuture.java:662) ~[?:?]
	at java.base/java.util.concurrent.CompletableFuture.thenApply(CompletableFuture.java:2200) ~[?:?]
	at kafka.server.ControllerApis.handleControllerRegistration(ControllerApis.scala:870) ~[kafka_2.13-4.0.0.jar:?]
	at kafka.server.ControllerApis.handle(ControllerApis.scala:130) ~[kafka_2.13-4.0.0.jar:?]
	at kafka.server.KafkaRequestHandler.run(KafkaRequestHandler.scala:158) ~[kafka_2.13-4.0.0.jar:?]
	at java.base/java.lang.Thread.run(Thread.java:1583) [?:?]
Caused by: org.apache.kafka.common.errors.NotControllerException: The active controller appears to be node 2.
17:38:34.109 [quorum-controller-0-event-handler] ERROR kafka.server.ControllerApis - [ControllerApis nodeId=0] Unexpected error handling request RequestHeader(apiKey=CONTROLLER_REGISTRATION, apiVersion=0, clientId=0, correlationId=0, headerVersion=2) -- ControllerRegistrationRequestData(controllerId=0, incarnationId=01hEPD7VQnOjJs6rCWl8vA, zkMigrationReady=false, listeners=[Listener(name='CONTROLLER', host='allen', port=19092, securityProtocol=0)], features=[Feature(name='group.version', minSupportedVersion=0, maxSupportedVersion=1), Feature(name='transaction.version', minSupportedVersion=0, maxSupportedVersion=2), Feature(name='eligible.leader.replicas.version', minSupportedVersion=0, maxSupportedVersion=1), Feature(name='kraft.version', minSupportedVersion=0, maxSupportedVersion=1), Feature(name='metadata.version', minSupportedVersion=7, maxSupportedVersion=25)]) with context RequestContext(header=RequestHeader(apiKey=CONTROLLER_REGISTRATION, apiVersion=0, clientId=0, correlationId=0, headerVersion=2), connectionId='127.0.0.1:19092-127.0.0.1:57297-1-1', clientAddress=/127.0.0.1, principal=User:ANONYMOUS, listenerName=ListenerName(CONTROLLER), securityProtocol=PLAINTEXT, clientInformation=ClientInformation(softwareName=apache-kafka-java, softwareVersion=4.0.0), fromPrivilegedListener=false, principalSerde=Optional[org.apache.kafka.common.security.authenticator.DefaultKafkaPrincipalBuilder@74cc4c3c])
java.util.concurrent.CompletionException: org.apache.kafka.common.errors.NotControllerException: The active controller appears to be node 2.
	at java.base/java.util.concurrent.CompletableFuture.encodeThrowable(CompletableFuture.java:332) ~[?:?]
	at java.base/java.util.concurrent.CompletableFuture.completeThrowable(CompletableFuture.java:347) ~[?:?]
	at java.base/java.util.concurrent.CompletableFuture$UniApply.tryFire(CompletableFuture.java:636) ~[?:?]
	at java.base/java.util.concurrent.CompletableFuture.postComplete(CompletableFuture.java:510) ~[?:?]
	at java.base/java.util.concurrent.CompletableFuture.completeExceptionally(CompletableFuture.java:2194) ~[?:?]
	at org.apache.kafka.controller.QuorumController$ControllerWriteEvent.complete(QuorumController.java:871) ~[kafka-metadata-4.0.0.jar:?]
	at org.apache.kafka.controller.QuorumController$ControllerWriteEvent.handleException(QuorumController.java:862) ~[kafka-metadata-4.0.0.jar:?]
	at org.apache.kafka.queue.KafkaEventQueue$EventContext.completeWithException(KafkaEventQueue.java:153) ~[kafka-server-common-4.0.0.jar:?]
	at org.apache.kafka.queue.KafkaEventQueue$EventContext.run(KafkaEventQueue.java:142) ~[kafka-server-common-4.0.0.jar:?]
	at org.apache.kafka.queue.KafkaEventQueue$EventHandler.handleEvents(KafkaEventQueue.java:215) ~[kafka-server-common-4.0.0.jar:?]
	at org.apache.kafka.queue.KafkaEventQueue$EventHandler.run(KafkaEventQueue.java:186) ~[kafka-server-common-4.0.0.jar:?]
	at java.base/java.lang.Thread.run(Thread.java:1583) [?:?]
Caused by: org.apache.kafka.common.errors.NotControllerException: The active controller appears to be node 2.
17:38:39.910 [log-recovery-C:\tmp\kafka-cluster-logs-0-0] ERROR org.apache.kafka.storage.internals.log.LogDirFailureChannel - Error while renaming dir for __consumer_offsets-24 in log dir C:\tmp\kafka-cluster-logs-0
java.nio.file.AccessDeniedException: C:\tmp\kafka-cluster-logs-0\__consumer_offsets-24 -> C:\tmp\kafka-cluster-logs-0\__consumer_offsets-24.66277b4d5216427eb3dcb54dafe580c0-stray
	at java.base/sun.nio.fs.WindowsException.translateToIOException(WindowsException.java:89) ~[?:?]
	at java.base/sun.nio.fs.WindowsException.rethrowAsIOException(WindowsException.java:103) ~[?:?]
	at java.base/sun.nio.fs.WindowsFileCopy.move(WindowsFileCopy.java:414) ~[?:?]
	at java.base/sun.nio.fs.WindowsFileSystemProvider.move(WindowsFileSystemProvider.java:291) ~[?:?]
	at java.base/java.nio.file.Files.move(Files.java:1430) ~[?:?]
	at org.apache.kafka.common.utils.Utils.atomicMoveWithFallback(Utils.java:945) ~[kafka-clients-4.0.0.jar:?]
	at org.apache.kafka.common.utils.Utils.atomicMoveWithFallback(Utils.java:927) ~[kafka-clients-4.0.0.jar:?]
	at org.apache.kafka.storage.internals.log.LocalLog.lambda$renameDir$1(LocalLog.java:205) ~[kafka-storage-4.0.0.jar:?]
	at org.apache.kafka.storage.internals.log.LocalLog.maybeHandleIOException(LocalLog.java:818) ~[kafka-storage-4.0.0.jar:?]
	at org.apache.kafka.storage.internals.log.LocalLog.maybeHandleIOException(LocalLog.java:192) ~[kafka-storage-4.0.0.jar:?]
	at org.apache.kafka.storage.internals.log.LocalLog.renameDir(LocalLog.java:201) ~[kafka-storage-4.0.0.jar:?]
	at kafka.log.UnifiedLog.$anonfun$renameDir$2(UnifiedLog.scala:671) ~[kafka_2.13-4.0.0.jar:?]
	at scala.runtime.java8.JFunction0$mcV$sp.apply(JFunction0$mcV$sp.scala:18) ~[scala-library-2.13.15.jar:?]
	at kafka.log.UnifiedLog.$anonfun$maybeHandleIOException$2(UnifiedLog.scala:1936) ~[kafka_2.13-4.0.0.jar:?]
	at org.apache.kafka.storage.internals.log.LocalLog.maybeHandleIOException(LocalLog.java:818) ~[kafka-storage-4.0.0.jar:?]
	at kafka.log.UnifiedLog.renameDir(UnifiedLog.scala:1936) ~[kafka_2.13-4.0.0.jar:?]
	at kafka.log.LogManager.loadLog(LogManager.scala:360) ~[kafka_2.13-4.0.0.jar:?]
	at kafka.log.LogManager.$anonfun$loadLogs$15(LogManager.scala:489) ~[kafka_2.13-4.0.0.jar:?]
	at java.base/java.util.concurrent.Executors$RunnableAdapter.call(Executors.java:572) ~[?:?]
	at java.base/java.util.concurrent.FutureTask.run(FutureTask.java:317) ~[?:?]
	at java.base/java.util.concurrent.ThreadPoolExecutor.runWorker(ThreadPoolExecutor.java:1144) ~[?:?]
	at java.base/java.util.concurrent.ThreadPoolExecutor$Worker.run(ThreadPoolExecutor.java:642) ~[?:?]
	at java.base/java.lang.Thread.run(Thread.java:1583) [?:?]
	Suppressed: java.nio.file.AccessDeniedException: C:\tmp\kafka-cluster-logs-0\__consumer_offsets-24 -> C:\tmp\kafka-cluster-logs-0\__consumer_offsets-24.66277b4d5216427eb3dcb54dafe580c0-stray
		at java.base/sun.nio.fs.WindowsException.translateToIOException(WindowsException.java:89) ~[?:?]
		at java.base/sun.nio.fs.WindowsException.rethrowAsIOException(WindowsException.java:103) ~[?:?]
		at java.base/sun.nio.fs.WindowsFileCopy.move(WindowsFileCopy.java:328) ~[?:?]
		at java.base/sun.nio.fs.WindowsFileSystemProvider.move(WindowsFileSystemProvider.java:291) ~[?:?]
		at java.base/java.nio.file.Files.move(Files.java:1430) ~[?:?]
		at org.apache.kafka.common.utils.Utils.atomicMoveWithFallback(Utils.java:941) ~[kafka-clients-4.0.0.jar:?]
		at org.apache.kafka.common.utils.Utils.atomicMoveWithFallback(Utils.java:927) ~[kafka-clients-4.0.0.jar:?]
		at org.apache.kafka.storage.internals.log.LocalLog.lambda$renameDir$1(LocalLog.java:205) ~[kafka-storage-4.0.0.jar:?]
		at org.apache.kafka.storage.internals.log.LocalLog.maybeHandleIOException(LocalLog.java:818) ~[kafka-storage-4.0.0.jar:?]
		at org.apache.kafka.storage.internals.log.LocalLog.maybeHandleIOException(LocalLog.java:192) ~[kafka-storage-4.0.0.jar:?]
		at org.apache.kafka.storage.internals.log.LocalLog.renameDir(LocalLog.java:201) ~[kafka-storage-4.0.0.jar:?]
		at kafka.log.UnifiedLog.$anonfun$renameDir$2(UnifiedLog.scala:671) ~[kafka_2.13-4.0.0.jar:?]
		at scala.runtime.java8.JFunction0$mcV$sp.apply(JFunction0$mcV$sp.scala:18) ~[scala-library-2.13.15.jar:?]
		at kafka.log.UnifiedLog.$anonfun$maybeHandleIOException$2(UnifiedLog.scala:1936) ~[kafka_2.13-4.0.0.jar:?]
		at org.apache.kafka.storage.internals.log.LocalLog.maybeHandleIOException(LocalLog.java:818) ~[kafka-storage-4.0.0.jar:?]
		at kafka.log.UnifiedLog.renameDir(UnifiedLog.scala:1936) ~[kafka_2.13-4.0.0.jar:?]
		at kafka.log.LogManager.loadLog(LogManager.scala:360) ~[kafka_2.13-4.0.0.jar:?]
		at kafka.log.LogManager.$anonfun$loadLogs$15(LogManager.scala:489) ~[kafka_2.13-4.0.0.jar:?]
		at java.base/java.util.concurrent.Executors$RunnableAdapter.call(Executors.java:572) ~[?:?]
		at java.base/java.util.concurrent.FutureTask.run(FutureTask.java:317) ~[?:?]
		at java.base/java.util.concurrent.ThreadPoolExecutor.runWorker(ThreadPoolExecutor.java:1144) ~[?:?]
		at java.base/java.util.concurrent.ThreadPoolExecutor$Worker.run(ThreadPoolExecutor.java:642) ~[?:?]
		at java.base/java.lang.Thread.run(Thread.java:1583) [?:?]
17:38:44.211 [kafka-0-metadata-loader-event-handler] ERROR kafka.log.LogManager - There was an error in one of the threads during logs loading: org.apache.kafka.common.errors.KafkaStorageException: The log dir C:\tmp\kafka-cluster-logs-0 is already offline due to a previous IO exception.
17:38:44.212 [kafka-0-metadata-loader-event-handler] ERROR org.apache.kafka.server.fault.ProcessTerminatingFaultHandler - Encountered fatal fault: Error starting LogManager
org.apache.kafka.common.errors.KafkaStorageException: The log dir C:\tmp\kafka-cluster-logs-0 is already offline due to a previous IO exception.
