Could not rename log file 'C:/Users/Allen/tools/kafka/kafka_2.13-4.0.0/logs/kafkaServer-gc.log' to 'C:/Users/Allen/tools/kafka/kafka_2.13-4.0.0/logs/kafkaServer-gc.log.7' (Permission denied).
2026-09-07T09:53:49.802822200Z main ERROR Reconfiguration failed: No configuration found for '7a81197d' at 'null' in 'null'
17:53:56.466 [log-recovery-C:\tmp\kafka-cluster-logs-0-1] ERROR org.apache.kafka.storage.internals.log.LogDirFailureChannel - Error while renaming dir for __consumer_offsets-24 in log dir C:\tmp\kafka-cluster-logs-0
java.nio.file.AccessDeniedException: C:\tmp\kafka-cluster-logs-0\__consumer_offsets-24 -> C:\tmp\kafka-cluster-logs-0\__consumer_offsets-24.565dbe0c70f9484dbaa5657fe5cfb6b1-stray
	at java.base/sun.nio.fs.WindowsException.translateToIOException(WindowsException.java:89) ~[?:?]
	at java.base/sun.nio.fs.WindowsException.rethrowAsIOException(WindowsException.java:103) ~[?:?]
	at java.base/sun.nio.fs.WindowsFileCopy.move(WindowsFileCopy.java:414) ~[?:?]
	at java.base/sun.nio.fs.WindowsFileSystemProvider.move(WindowsFileSystemProvider.java:291) ~[?:?]
	at java.base/java.nio.file.Files.move(Files.java:1430) ~[?:?]
	at org.apache.kafka.common.utils.Utils.atomicMoveWithFallback(Utils.java:945) ~[kafka-clients-4.0.0.jar:?]
	at org.apache.kafka.common.utils.Utils.atomicMoveWithFallback(Utils.java:927) ~[kafka-clients-4.0.0.jar:?]
	at org.apache.kafka.storage.internals.log.LocalLog.lambda$renameDir$1(LocalLog.java:205) ~[kafka-storage-4.0.0.jar:?]
	at org.apache.kafka.storage.internals.log.LocalLog.maybeHandleIOException(LocalLog.java:818) ~[kafka-storage-4.0.0.jar:?]
	at org.apache.kafka.storage.internals.log.LocalLog.maybeHandleIOException(LocalLog.java:192) ~[kafka-storage-4.0.0.jar:?]
	at org.apache.kafka.storage.internals.log.LocalLog.renameDir(LocalLog.java:201) ~[kafka-storage-4.0.0.jar:?]
	at kafka.log.UnifiedLog.$anonfun$renameDir$2(UnifiedLog.scala:671) ~[kafka_2.13-4.0.0.jar:?]
	at scala.runtime.java8.JFunction0$mcV$sp.apply(JFunction0$mcV$sp.scala:18) ~[scala-library-2.13.15.jar:?]
	at kafka.log.UnifiedLog.$anonfun$maybeHandleIOException$2(UnifiedLog.scala:1936) ~[kafka_2.13-4.0.0.jar:?]
	at org.apache.kafka.storage.internals.log.LocalLog.maybeHandleIOException(LocalLog.java:818) ~[kafka-storage-4.0.0.jar:?]
	at kafka.log.UnifiedLog.renameDir(UnifiedLog.scala:1936) ~[kafka_2.13-4.0.0.jar:?]
	at kafka.log.LogManager.loadLog(LogManager.scala:360) ~[kafka_2.13-4.0.0.jar:?]
	at kafka.log.LogManager.$anonfun$loadLogs$15(LogManager.scala:489) ~[kafka_2.13-4.0.0.jar:?]
	at java.base/java.util.concurrent.Executors$RunnableAdapter.call(Executors.java:572) ~[?:?]
	at java.base/java.util.concurrent.FutureTask.run(FutureTask.java:317) ~[?:?]
	at java.base/java.util.concurrent.ThreadPoolExecutor.runWorker(ThreadPoolExecutor.java:1144) ~[?:?]
	at java.base/java.util.concurrent.ThreadPoolExecutor$Worker.run(ThreadPoolExecutor.java:642) ~[?:?]
	at java.base/java.lang.Thread.run(Thread.java:1583) [?:?]
	Suppressed: java.nio.file.AccessDeniedException: C:\tmp\kafka-cluster-logs-0\__consumer_offsets-24 -> C:\tmp\kafka-cluster-logs-0\__consumer_offsets-24.565dbe0c70f9484dbaa5657fe5cfb6b1-stray
		at java.base/sun.nio.fs.WindowsException.translateToIOException(WindowsException.java:89) ~[?:?]
		at java.base/sun.nio.fs.WindowsException.rethrowAsIOException(WindowsException.java:103) ~[?:?]
		at java.base/sun.nio.fs.WindowsFileCopy.move(WindowsFileCopy.java:328) ~[?:?]
		at java.base/sun.nio.fs.WindowsFileSystemProvider.move(WindowsFileSystemProvider.java:291) ~[?:?]
		at java.base/java.nio.file.Files.move(Files.java:1430) ~[?:?]
		at org.apache.kafka.common.utils.Utils.atomicMoveWithFallback(Utils.java:941) ~[kafka-clients-4.0.0.jar:?]
		at org.apache.kafka.common.utils.Utils.atomicMoveWithFallback(Utils.java:927) ~[kafka-clients-4.0.0.jar:?]
		at org.apache.kafka.storage.internals.log.LocalLog.lambda$renameDir$1(LocalLog.java:205) ~[kafka-storage-4.0.0.jar:?]
		at org.apache.kafka.storage.internals.log.LocalLog.maybeHandleIOException(LocalLog.java:818) ~[kafka-storage-4.0.0.jar:?]
		at org.apache.kafka.storage.internals.log.LocalLog.maybeHandleIOException(LocalLog.java:192) ~[kafka-storage-4.0.0.jar:?]
		at org.apache.kafka.storage.internals.log.LocalLog.renameDir(LocalLog.java:201) ~[kafka-storage-4.0.0.jar:?]
		at kafka.log.UnifiedLog.$anonfun$renameDir$2(UnifiedLog.scala:671) ~[kafka_2.13-4.0.0.jar:?]
		at scala.runtime.java8.JFunction0$mcV$sp.apply(JFunction0$mcV$sp.scala:18) ~[scala-library-2.13.15.jar:?]
		at kafka.log.UnifiedLog.$anonfun$maybeHandleIOException$2(UnifiedLog.scala:1936) ~[kafka_2.13-4.0.0.jar:?]
		at org.apache.kafka.storage.internals.log.LocalLog.maybeHandleIOException(LocalLog.java:818) ~[kafka-storage-4.0.0.jar:?]
		at kafka.log.UnifiedLog.renameDir(UnifiedLog.scala:1936) ~[kafka_2.13-4.0.0.jar:?]
		at kafka.log.LogManager.loadLog(LogManager.scala:360) ~[kafka_2.13-4.0.0.jar:?]
		at kafka.log.LogManager.$anonfun$loadLogs$15(LogManager.scala:489) ~[kafka_2.13-4.0.0.jar:?]
		at java.base/java.util.concurrent.Executors$RunnableAdapter.call(Executors.java:572) ~[?:?]
		at java.base/java.util.concurrent.FutureTask.run(FutureTask.java:317) ~[?:?]
		at java.base/java.util.concurrent.ThreadPoolExecutor.runWorker(ThreadPoolExecutor.java:1144) ~[?:?]
		at java.base/java.util.concurrent.ThreadPoolExecutor$Worker.run(ThreadPoolExecutor.java:642) ~[?:?]
		at java.base/java.lang.Thread.run(Thread.java:1583) [?:?]
17:53:59.932 [kafka-0-metadata-loader-event-handler] ERROR kafka.log.LogManager - There was an error in one of the threads during logs loading: org.apache.kafka.common.errors.KafkaStorageException: The log dir C:\tmp\kafka-cluster-logs-0 is already offline due to a previous IO exception.
17:53:59.953 [kafka-0-metadata-loader-event-handler] ERROR org.apache.kafka.server.fault.ProcessTerminatingFaultHandler - Encountered fatal fault: Error starting LogManager
org.apache.kafka.common.errors.KafkaStorageException: The log dir C:\tmp\kafka-cluster-logs-0 is already offline due to a previous IO exception.
