2026-09-07T09:21:39.000186500Z main ERROR Invalid URL C:/Users/Allen/tools/kafka/kafka_2.13-4.0.0/config/tools-log4j2.yaml java.net.MalformedURLException: unknown protocol: c
	at java.base/java.net.URL.<init>(URL.java:779)
	at java.base/java.net.URL.of(URL.java:913)
	at java.base/java.net.URI.toURL(URI.java:1172)
	at org.apache.logging.log4j.core.config.ConfigurationSource.fromUri(ConfigurationSource.java:336)
	at org.apache.logging.log4j.core.config.ConfigurationFactory$Factory.getConfiguration(ConfigurationFactory.java:488)
	at org.apache.logging.log4j.core.config.ConfigurationFactory$Factory.getConfiguration(ConfigurationFactory.java:481)
	at org.apache.logging.log4j.core.config.ConfigurationFactory$Factory.getConfiguration(ConfigurationFactory.java:402)
	at org.apache.logging.log4j.core.config.ConfigurationFactory.getConfiguration(ConfigurationFactory.java:321)
	at org.apache.logging.log4j.core.LoggerContext.reconfigure(LoggerContext.java:754)
	at org.apache.logging.log4j.core.LoggerContext.reconfigure(LoggerContext.java:784)
	at org.apache.logging.log4j.core.LoggerContext.start(LoggerContext.java:300)
	at org.apache.logging.log4j.core.impl.Log4jContextFactory.getContext(Log4jContextFactory.java:153)
	at org.apache.logging.log4j.core.impl.Log4jContextFactory.getContext(Log4jContextFactory.java:46)
	at org.apache.logging.log4j.LogManager.getContext(LogManager.java:138)
	at org.apache.logging.log4j.spi.AbstractLoggerAdapter.getContext(AbstractLoggerAdapter.java:136)
	at org.apache.logging.slf4j.Log4jLoggerFactory.getContext(Log4jLoggerFactory.java:58)
	at org.apache.logging.log4j.spi.AbstractLoggerAdapter.getLogger(AbstractLoggerAdapter.java:46)
	at org.apache.logging.slf4j.Log4jLoggerFactory.getLogger(Log4jLoggerFactory.java:32)
	at org.slf4j.LoggerFactory.getLogger(LoggerFactory.java:363)
	at org.slf4j.LoggerFactory.getLogger(LoggerFactory.java:388)
	at org.apache.kafka.common.config.AbstractConfig.<clinit>(AbstractConfig.java:48)
	at org.apache.kafka.clients.admin.Admin.create(Admin.java:133)
	at org.apache.kafka.tools.MetadataQuorumCommand.execute(MetadataQuorumCommand.java:127)
	at org.apache.kafka.tools.MetadataQuorumCommand.mainNoExit(MetadataQuorumCommand.java:81)
	at org.apache.kafka.tools.MetadataQuorumCommand.main(MetadataQuorumCommand.java:76)

2026-09-07T09:21:39.003644400Z main ERROR Invalid URL C:/Users/Allen/tools/kafka/kafka_2.13-4.0.0/config/tools-log4j2.yaml java.net.MalformedURLException: unknown protocol: c
	at java.base/java.net.URL.<init>(URL.java:779)
	at java.base/java.net.URL.of(URL.java:913)
	at java.base/java.net.URI.toURL(URI.java:1172)
	at org.apache.logging.log4j.core.config.ConfigurationSource.fromUri(ConfigurationSource.java:336)
	at org.apache.logging.log4j.core.config.ConfigurationFactory.getInputFromString(ConfigurationFactory.java:356)
	at org.apache.logging.log4j.core.config.ConfigurationFactory$Factory.getConfiguration(ConfigurationFactory.java:495)
	at org.apache.logging.log4j.core.config.ConfigurationFactory$Factory.getConfiguration(ConfigurationFactory.java:481)
	at org.apache.logging.log4j.core.config.ConfigurationFactory$Factory.getConfiguration(ConfigurationFactory.java:402)
	at org.apache.logging.log4j.core.config.ConfigurationFactory.getConfiguration(ConfigurationFactory.java:321)
	at org.apache.logging.log4j.core.LoggerContext.reconfigure(LoggerContext.java:754)
	at org.apache.logging.log4j.core.LoggerContext.reconfigure(LoggerContext.java:784)
	at org.apache.logging.log4j.core.LoggerContext.start(LoggerContext.java:300)
	at org.apache.logging.log4j.core.impl.Log4jContextFactory.getContext(Log4jContextFactory.java:153)
	at org.apache.logging.log4j.core.impl.Log4jContextFactory.getContext(Log4jContextFactory.java:46)
	at org.apache.logging.log4j.LogManager.getContext(LogManager.java:138)
	at org.apache.logging.log4j.spi.AbstractLoggerAdapter.getContext(AbstractLoggerAdapter.java:136)
	at org.apache.logging.slf4j.Log4jLoggerFactory.getContext(Log4jLoggerFactory.java:58)
	at org.apache.logging.log4j.spi.AbstractLoggerAdapter.getLogger(AbstractLoggerAdapter.java:46)
	at org.apache.logging.slf4j.Log4jLoggerFactory.getLogger(Log4jLoggerFactory.java:32)
	at org.slf4j.LoggerFactory.getLogger(LoggerFactory.java:363)
	at org.slf4j.LoggerFactory.getLogger(LoggerFactory.java:388)
	at org.apache.kafka.common.config.AbstractConfig.<clinit>(AbstractConfig.java:48)
	at org.apache.kafka.clients.admin.Admin.create(Admin.java:133)
	at org.apache.kafka.tools.MetadataQuorumCommand.execute(MetadataQuorumCommand.java:127)
	at org.apache.kafka.tools.MetadataQuorumCommand.mainNoExit(MetadataQuorumCommand.java:81)
	at org.apache.kafka.tools.MetadataQuorumCommand.main(MetadataQuorumCommand.java:76)

2026-09-07T09:21:39.004629300Z main ERROR Reconfiguration failed: No configuration found for '7a81197d' at 'null' in 'null'
ClusterId:              QGE8oKypR3eU_FL8dh7DHg
LeaderId:               0
LeaderEpoch:            1
HighWatermark:          222
MaxFollowerLag:         0
MaxFollowerLagTimeMs:   0
CurrentVoters:          [{"id": 0, "directoryId": null, "endpoints": ["CONTROLLER://localhost:19092"]}, {"id": 1, "directoryId": null, "endpoints": ["CONTROLLER://localhost:19093"]}, {"id": 2, "directoryId": null, "endpoints": ["CONTROLLER://localhost:19094"]}]
CurrentObservers:       []
2026-09-07T09:23:17.018910800Z main ERROR Invalid URL C:/Users/Allen/tools/kafka/kafka_2.13-4.0.0/config/tools-log4j2.yaml java.net.MalformedURLException: unknown protocol: c
	at java.base/java.net.URL.<init>(URL.java:779)
	at java.base/java.net.URL.of(URL.java:913)
	at java.base/java.net.URI.toURL(URI.java:1172)
	at org.apache.logging.log4j.core.config.ConfigurationSource.fromUri(ConfigurationSource.java:336)
	at org.apache.logging.log4j.core.config.ConfigurationFactory$Factory.getConfiguration(ConfigurationFactory.java:488)
	at org.apache.logging.log4j.core.config.ConfigurationFactory$Factory.getConfiguration(ConfigurationFactory.java:481)
	at org.apache.logging.log4j.core.config.ConfigurationFactory$Factory.getConfiguration(ConfigurationFactory.java:402)
	at org.apache.logging.log4j.core.config.ConfigurationFactory.getConfiguration(ConfigurationFactory.java:321)
	at org.apache.logging.log4j.core.LoggerContext.reconfigure(LoggerContext.java:754)
	at org.apache.logging.log4j.core.LoggerContext.reconfigure(LoggerContext.java:784)
	at org.apache.logging.log4j.core.LoggerContext.start(LoggerContext.java:300)
	at org.apache.logging.log4j.core.impl.Log4jContextFactory.getContext(Log4jContextFactory.java:153)
	at org.apache.logging.log4j.core.impl.Log4jContextFactory.getContext(Log4jContextFactory.java:46)
	at org.apache.logging.log4j.LogManager.getContext(LogManager.java:138)
	at org.apache.logging.log4j.spi.AbstractLoggerAdapter.getContext(AbstractLoggerAdapter.java:136)
	at org.apache.logging.slf4j.Log4jLoggerFactory.getContext(Log4jLoggerFactory.java:58)
	at org.apache.logging.log4j.spi.AbstractLoggerAdapter.getLogger(AbstractLoggerAdapter.java:46)
	at org.apache.logging.slf4j.Log4jLoggerFactory.getLogger(Log4jLoggerFactory.java:32)
	at org.slf4j.LoggerFactory.getLogger(LoggerFactory.java:363)
	at org.slf4j.LoggerFactory.getLogger(LoggerFactory.java:388)
	at org.apache.kafka.tools.TopicCommand.<clinit>(TopicCommand.java:82)

2026-09-07T09:23:17.021834600Z main ERROR Invalid URL C:/Users/Allen/tools/kafka/kafka_2.13-4.0.0/config/tools-log4j2.yaml java.net.MalformedURLException: unknown protocol: c
	at java.base/java.net.URL.<init>(URL.java:779)
	at java.base/java.net.URL.of(URL.java:913)
	at java.base/java.net.URI.toURL(URI.java:1172)
	at org.apache.logging.log4j.core.config.ConfigurationSource.fromUri(ConfigurationSource.java:336)
	at org.apache.logging.log4j.core.config.ConfigurationFactory.getInputFromString(ConfigurationFactory.java:356)
	at org.apache.logging.log4j.core.config.ConfigurationFactory$Factory.getConfiguration(ConfigurationFactory.java:495)
	at org.apache.logging.log4j.core.config.ConfigurationFactory$Factory.getConfiguration(ConfigurationFactory.java:481)
	at org.apache.logging.log4j.core.config.ConfigurationFactory$Factory.getConfiguration(ConfigurationFactory.java:402)
	at org.apache.logging.log4j.core.config.ConfigurationFactory.getConfiguration(ConfigurationFactory.java:321)
	at org.apache.logging.log4j.core.LoggerContext.reconfigure(LoggerContext.java:754)
	at org.apache.logging.log4j.core.LoggerContext.reconfigure(LoggerContext.java:784)
	at org.apache.logging.log4j.core.LoggerContext.start(LoggerContext.java:300)
	at org.apache.logging.log4j.core.impl.Log4jContextFactory.getContext(Log4jContextFactory.java:153)
	at org.apache.logging.log4j.core.impl.Log4jContextFactory.getContext(Log4jContextFactory.java:46)
	at org.apache.logging.log4j.LogManager.getContext(LogManager.java:138)
	at org.apache.logging.log4j.spi.AbstractLoggerAdapter.getContext(AbstractLoggerAdapter.java:136)
	at org.apache.logging.slf4j.Log4jLoggerFactory.getContext(Log4jLoggerFactory.java:58)
	at org.apache.logging.log4j.spi.AbstractLoggerAdapter.getLogger(AbstractLoggerAdapter.java:46)
	at org.apache.logging.slf4j.Log4jLoggerFactory.getLogger(Log4jLoggerFactory.java:32)
	at org.slf4j.LoggerFactory.getLogger(LoggerFactory.java:363)
	at org.slf4j.LoggerFactory.getLogger(LoggerFactory.java:388)
	at org.apache.kafka.tools.TopicCommand.<clinit>(TopicCommand.java:82)

2026-09-07T09:23:17.022810500Z main ERROR Reconfiguration failed: No configuration found for '7a81197d' at 'null' in 'null'
Created topic qb-ha.
2026-09-07T09:24:54.074901200Z main ERROR Invalid URL C:/Users/Allen/tools/kafka/kafka_2.13-4.0.0/config/tools-log4j2.yaml java.net.MalformedURLException: unknown protocol: c
	at java.base/java.net.URL.<init>(URL.java:779)
	at java.base/java.net.URL.of(URL.java:913)
	at java.base/java.net.URI.toURL(URI.java:1172)
	at org.apache.logging.log4j.core.config.ConfigurationSource.fromUri(ConfigurationSource.java:336)
	at org.apache.logging.log4j.core.config.ConfigurationFactory$Factory.getConfiguration(ConfigurationFactory.java:488)
	at org.apache.logging.log4j.core.config.ConfigurationFactory$Factory.getConfiguration(ConfigurationFactory.java:481)
	at org.apache.logging.log4j.core.config.ConfigurationFactory$Factory.getConfiguration(ConfigurationFactory.java:402)
	at org.apache.logging.log4j.core.config.ConfigurationFactory.getConfiguration(ConfigurationFactory.java:321)
	at org.apache.logging.log4j.core.LoggerContext.reconfigure(LoggerContext.java:754)
	at org.apache.logging.log4j.core.LoggerContext.reconfigure(LoggerContext.java:784)
	at org.apache.logging.log4j.core.LoggerContext.start(LoggerContext.java:300)
	at org.apache.logging.log4j.core.impl.Log4jContextFactory.getContext(Log4jContextFactory.java:153)
	at org.apache.logging.log4j.core.impl.Log4jContextFactory.getContext(Log4jContextFactory.java:46)
	at org.apache.logging.log4j.LogManager.getContext(LogManager.java:138)
	at org.apache.logging.log4j.spi.AbstractLoggerAdapter.getContext(AbstractLoggerAdapter.java:136)
	at org.apache.logging.slf4j.Log4jLoggerFactory.getContext(Log4jLoggerFactory.java:58)
	at org.apache.logging.log4j.spi.AbstractLoggerAdapter.getLogger(AbstractLoggerAdapter.java:46)
	at org.apache.logging.slf4j.Log4jLoggerFactory.getLogger(Log4jLoggerFactory.java:32)
	at org.slf4j.LoggerFactory.getLogger(LoggerFactory.java:363)
	at org.slf4j.LoggerFactory.getLogger(LoggerFactory.java:388)
	at org.apache.kafka.tools.TopicCommand.<clinit>(TopicCommand.java:82)

2026-09-07T09:24:54.081462500Z main ERROR Invalid URL C:/Users/Allen/tools/kafka/kafka_2.13-4.0.0/config/tools-log4j2.yaml java.net.MalformedURLException: unknown protocol: c
	at java.base/java.net.URL.<init>(URL.java:779)
	at java.base/java.net.URL.of(URL.java:913)
	at java.base/java.net.URI.toURL(URI.java:1172)
	at org.apache.logging.log4j.core.config.ConfigurationSource.fromUri(ConfigurationSource.java:336)
	at org.apache.logging.log4j.core.config.ConfigurationFactory.getInputFromString(ConfigurationFactory.java:356)
	at org.apache.logging.log4j.core.config.ConfigurationFactory$Factory.getConfiguration(ConfigurationFactory.java:495)
	at org.apache.logging.log4j.core.config.ConfigurationFactory$Factory.getConfiguration(ConfigurationFactory.java:481)
	at org.apache.logging.log4j.core.config.ConfigurationFactory$Factory.getConfiguration(ConfigurationFactory.java:402)
	at org.apache.logging.log4j.core.config.ConfigurationFactory.getConfiguration(ConfigurationFactory.java:321)
	at org.apache.logging.log4j.core.LoggerContext.reconfigure(LoggerContext.java:754)
	at org.apache.logging.log4j.core.LoggerContext.reconfigure(LoggerContext.java:784)
	at org.apache.logging.log4j.core.LoggerContext.start(LoggerContext.java:300)
	at org.apache.logging.log4j.core.impl.Log4jContextFactory.getContext(Log4jContextFactory.java:153)
	at org.apache.logging.log4j.core.impl.Log4jContextFactory.getContext(Log4jContextFactory.java:46)
	at org.apache.logging.log4j.LogManager.getContext(LogManager.java:138)
	at org.apache.logging.log4j.spi.AbstractLoggerAdapter.getContext(AbstractLoggerAdapter.java:136)
	at org.apache.logging.slf4j.Log4jLoggerFactory.getContext(Log4jLoggerFactory.java:58)
	at org.apache.logging.log4j.spi.AbstractLoggerAdapter.getLogger(AbstractLoggerAdapter.java:46)
	at org.apache.logging.slf4j.Log4jLoggerFactory.getLogger(Log4jLoggerFactory.java:32)
	at org.slf4j.LoggerFactory.getLogger(LoggerFactory.java:363)
	at org.slf4j.LoggerFactory.getLogger(LoggerFactory.java:388)
	at org.apache.kafka.tools.TopicCommand.<clinit>(TopicCommand.java:82)

2026-09-07T09:24:54.082438400Z main ERROR Reconfiguration failed: No configuration found for '7a81197d' at 'null' in 'null'
Topic: qb-ha	TopicId: oUzjQl0ZRtSmY0uEt8KPyg	PartitionCount: 3	ReplicationFactor: 3	Configs: 
	Topic: qb-ha	Partition: 0	Leader: 1	Replicas: 1,2,0	Isr: 1,2,0	Elr: 	LastKnownElr: 
	Topic: qb-ha	Partition: 1	Leader: 2	Replicas: 2,0,1	Isr: 2,0,1	Elr: 	LastKnownElr: 
	Topic: qb-ha	Partition: 2	Leader: 0	Replicas: 0,1,2	Isr: 0,1,2	Elr: 	LastKnownElr: 
2026-09-07T09:28:15.934826300Z main ERROR Invalid URL C:/Users/Allen/tools/kafka/kafka_2.13-4.0.0/config/tools-log4j2.yaml java.net.MalformedURLException: unknown protocol: c
	at java.base/java.net.URL.<init>(URL.java:779)
	at java.base/java.net.URL.of(URL.java:913)
	at java.base/java.net.URI.toURL(URI.java:1172)
	at org.apache.logging.log4j.core.config.ConfigurationSource.fromUri(ConfigurationSource.java:336)
	at org.apache.logging.log4j.core.config.ConfigurationFactory$Factory.getConfiguration(ConfigurationFactory.java:488)
	at org.apache.logging.log4j.core.config.ConfigurationFactory$Factory.getConfiguration(ConfigurationFactory.java:481)
	at org.apache.logging.log4j.core.config.ConfigurationFactory$Factory.getConfiguration(ConfigurationFactory.java:402)
	at org.apache.logging.log4j.core.config.ConfigurationFactory.getConfiguration(ConfigurationFactory.java:321)
	at org.apache.logging.log4j.core.LoggerContext.reconfigure(LoggerContext.java:754)
	at org.apache.logging.log4j.core.LoggerContext.reconfigure(LoggerContext.java:784)
	at org.apache.logging.log4j.core.LoggerContext.start(LoggerContext.java:300)
	at org.apache.logging.log4j.core.impl.Log4jContextFactory.getContext(Log4jContextFactory.java:153)
	at org.apache.logging.log4j.core.impl.Log4jContextFactory.getContext(Log4jContextFactory.java:46)
	at org.apache.logging.log4j.LogManager.getContext(LogManager.java:138)
	at org.apache.logging.log4j.spi.AbstractLoggerAdapter.getContext(AbstractLoggerAdapter.java:136)
	at org.apache.logging.slf4j.Log4jLoggerFactory.getContext(Log4jLoggerFactory.java:58)
	at org.apache.logging.log4j.spi.AbstractLoggerAdapter.getLogger(AbstractLoggerAdapter.java:46)
	at org.apache.logging.slf4j.Log4jLoggerFactory.getLogger(Log4jLoggerFactory.java:32)
	at org.slf4j.LoggerFactory.getLogger(LoggerFactory.java:363)
	at org.slf4j.LoggerFactory.getLogger(LoggerFactory.java:388)
	at org.apache.kafka.common.config.AbstractConfig.<clinit>(AbstractConfig.java:48)
	at org.apache.kafka.clients.admin.Admin.create(Admin.java:133)
	at org.apache.kafka.tools.MetadataQuorumCommand.execute(MetadataQuorumCommand.java:127)
	at org.apache.kafka.tools.MetadataQuorumCommand.mainNoExit(MetadataQuorumCommand.java:81)
	at org.apache.kafka.tools.MetadataQuorumCommand.main(MetadataQuorumCommand.java:76)

2026-09-07T09:28:15.937754500Z main ERROR Invalid URL C:/Users/Allen/tools/kafka/kafka_2.13-4.0.0/config/tools-log4j2.yaml java.net.MalformedURLException: unknown protocol: c
	at java.base/java.net.URL.<init>(URL.java:779)
	at java.base/java.net.URL.of(URL.java:913)
	at java.base/java.net.URI.toURL(URI.java:1172)
	at org.apache.logging.log4j.core.config.ConfigurationSource.fromUri(ConfigurationSource.java:336)
	at org.apache.logging.log4j.core.config.ConfigurationFactory.getInputFromString(ConfigurationFactory.java:356)
	at org.apache.logging.log4j.core.config.ConfigurationFactory$Factory.getConfiguration(ConfigurationFactory.java:495)
	at org.apache.logging.log4j.core.config.ConfigurationFactory$Factory.getConfiguration(ConfigurationFactory.java:481)
	at org.apache.logging.log4j.core.config.ConfigurationFactory$Factory.getConfiguration(ConfigurationFactory.java:402)
	at org.apache.logging.log4j.core.config.ConfigurationFactory.getConfiguration(ConfigurationFactory.java:321)
	at org.apache.logging.log4j.core.LoggerContext.reconfigure(LoggerContext.java:754)
	at org.apache.logging.log4j.core.LoggerContext.reconfigure(LoggerContext.java:784)
	at org.apache.logging.log4j.core.LoggerContext.start(LoggerContext.java:300)
	at org.apache.logging.log4j.core.impl.Log4jContextFactory.getContext(Log4jContextFactory.java:153)
	at org.apache.logging.log4j.core.impl.Log4jContextFactory.getContext(Log4jContextFactory.java:46)
	at org.apache.logging.log4j.LogManager.getContext(LogManager.java:138)
	at org.apache.logging.log4j.spi.AbstractLoggerAdapter.getContext(AbstractLoggerAdapter.java:136)
	at org.apache.logging.slf4j.Log4jLoggerFactory.getContext(Log4jLoggerFactory.java:58)
	at org.apache.logging.log4j.spi.AbstractLoggerAdapter.getLogger(AbstractLoggerAdapter.java:46)
	at org.apache.logging.slf4j.Log4jLoggerFactory.getLogger(Log4jLoggerFactory.java:32)
	at org.slf4j.LoggerFactory.getLogger(LoggerFactory.java:363)
	at org.slf4j.LoggerFactory.getLogger(LoggerFactory.java:388)
	at org.apache.kafka.common.config.AbstractConfig.<clinit>(AbstractConfig.java:48)
	at org.apache.kafka.clients.admin.Admin.create(Admin.java:133)
	at org.apache.kafka.tools.MetadataQuorumCommand.execute(MetadataQuorumCommand.java:127)
	at org.apache.kafka.tools.MetadataQuorumCommand.mainNoExit(MetadataQuorumCommand.java:81)
	at org.apache.kafka.tools.MetadataQuorumCommand.main(MetadataQuorumCommand.java:76)

2026-09-07T09:28:15.938741Z main ERROR Reconfiguration failed: No configuration found for '7a81197d' at 'null' in 'null'
ClusterId:              QGE8oKypR3eU_FL8dh7DHg
LeaderId:               0
LeaderEpoch:            1
HighWatermark:          1023
MaxFollowerLag:         211
MaxFollowerLagTimeMs:   104070
CurrentVoters:          [{"id": 0, "directoryId": null, "endpoints": ["CONTROLLER://localhost:19092"]}, {"id": 1, "directoryId": null, "endpoints": ["CONTROLLER://localhost:19093"]}, {"id": 2, "directoryId": null, "endpoints": ["CONTROLLER://localhost:19094"]}]
CurrentObservers:       []
2026-09-07T09:29:51.470377100Z main ERROR Invalid URL C:/Users/Allen/tools/kafka/kafka_2.13-4.0.0/config/tools-log4j2.yaml java.net.MalformedURLException: unknown protocol: c
	at java.base/java.net.URL.<init>(URL.java:779)
	at java.base/java.net.URL.of(URL.java:913)
	at java.base/java.net.URI.toURL(URI.java:1172)
	at org.apache.logging.log4j.core.config.ConfigurationSource.fromUri(ConfigurationSource.java:336)
	at org.apache.logging.log4j.core.config.ConfigurationFactory$Factory.getConfiguration(ConfigurationFactory.java:488)
	at org.apache.logging.log4j.core.config.ConfigurationFactory$Factory.getConfiguration(ConfigurationFactory.java:481)
	at org.apache.logging.log4j.core.config.ConfigurationFactory$Factory.getConfiguration(ConfigurationFactory.java:402)
	at org.apache.logging.log4j.core.config.ConfigurationFactory.getConfiguration(ConfigurationFactory.java:321)
	at org.apache.logging.log4j.core.LoggerContext.reconfigure(LoggerContext.java:754)
	at org.apache.logging.log4j.core.LoggerContext.reconfigure(LoggerContext.java:784)
	at org.apache.logging.log4j.core.LoggerContext.start(LoggerContext.java:300)
	at org.apache.logging.log4j.core.impl.Log4jContextFactory.getContext(Log4jContextFactory.java:153)
	at org.apache.logging.log4j.core.impl.Log4jContextFactory.getContext(Log4jContextFactory.java:46)
	at org.apache.logging.log4j.LogManager.getContext(LogManager.java:138)
	at org.apache.logging.log4j.spi.AbstractLoggerAdapter.getContext(AbstractLoggerAdapter.java:136)
	at org.apache.logging.slf4j.Log4jLoggerFactory.getContext(Log4jLoggerFactory.java:58)
	at org.apache.logging.log4j.spi.AbstractLoggerAdapter.getLogger(AbstractLoggerAdapter.java:46)
	at org.apache.logging.slf4j.Log4jLoggerFactory.getLogger(Log4jLoggerFactory.java:32)
	at org.slf4j.LoggerFactory.getLogger(LoggerFactory.java:363)
	at org.slf4j.LoggerFactory.getLogger(LoggerFactory.java:388)
	at org.apache.kafka.tools.TopicCommand.<clinit>(TopicCommand.java:82)

2026-09-07T09:29:51.475299600Z main ERROR Invalid URL C:/Users/Allen/tools/kafka/kafka_2.13-4.0.0/config/tools-log4j2.yaml java.net.MalformedURLException: unknown protocol: c
	at java.base/java.net.URL.<init>(URL.java:779)
	at java.base/java.net.URL.of(URL.java:913)
	at java.base/java.net.URI.toURL(URI.java:1172)
	at org.apache.logging.log4j.core.config.ConfigurationSource.fromUri(ConfigurationSource.java:336)
	at org.apache.logging.log4j.core.config.ConfigurationFactory.getInputFromString(ConfigurationFactory.java:356)
	at org.apache.logging.log4j.core.config.ConfigurationFactory$Factory.getConfiguration(ConfigurationFactory.java:495)
	at org.apache.logging.log4j.core.config.ConfigurationFactory$Factory.getConfiguration(ConfigurationFactory.java:481)
	at org.apache.logging.log4j.core.config.ConfigurationFactory$Factory.getConfiguration(ConfigurationFactory.java:402)
	at org.apache.logging.log4j.core.config.ConfigurationFactory.getConfiguration(ConfigurationFactory.java:321)
	at org.apache.logging.log4j.core.LoggerContext.reconfigure(LoggerContext.java:754)
	at org.apache.logging.log4j.core.LoggerContext.reconfigure(LoggerContext.java:784)
	at org.apache.logging.log4j.core.LoggerContext.start(LoggerContext.java:300)
	at org.apache.logging.log4j.core.impl.Log4jContextFactory.getContext(Log4jContextFactory.java:153)
	at org.apache.logging.log4j.core.impl.Log4jContextFactory.getContext(Log4jContextFactory.java:46)
	at org.apache.logging.log4j.LogManager.getContext(LogManager.java:138)
	at org.apache.logging.log4j.spi.AbstractLoggerAdapter.getContext(AbstractLoggerAdapter.java:136)
	at org.apache.logging.slf4j.Log4jLoggerFactory.getContext(Log4jLoggerFactory.java:58)
	at org.apache.logging.log4j.spi.AbstractLoggerAdapter.getLogger(AbstractLoggerAdapter.java:46)
	at org.apache.logging.slf4j.Log4jLoggerFactory.getLogger(Log4jLoggerFactory.java:32)
	at org.slf4j.LoggerFactory.getLogger(LoggerFactory.java:363)
	at org.slf4j.LoggerFactory.getLogger(LoggerFactory.java:388)
	at org.apache.kafka.tools.TopicCommand.<clinit>(TopicCommand.java:82)

2026-09-07T09:29:51.476275500Z main ERROR Reconfiguration failed: No configuration found for '7a81197d' at 'null' in 'null'
Topic: qb-ha	TopicId: oUzjQl0ZRtSmY0uEt8KPyg	PartitionCount: 3	ReplicationFactor: 3	Configs: 
	Topic: qb-ha	Partition: 0	Leader: 2	Replicas: 1,2,0	Isr: 2,0	Elr: 	LastKnownElr: 
	Topic: qb-ha	Partition: 1	Leader: 2	Replicas: 2,0,1	Isr: 2,0	Elr: 	LastKnownElr: 
	Topic: qb-ha	Partition: 2	Leader: 0	Replicas: 0,1,2	Isr: 0,2	Elr: 	LastKnownElr: 
