=== 多实例吞吐对比证据 20260909-224325 ===
客户端：4 进程 × 16 线程（两阶段一致）；每阶段 15s
MySQL 3306: LISTENING

########## 打包 ##########

########## 阶段一：单实例 :8081 ##########
实例 :8081 就绪（探针 HTTP 401）
单实例结果: {"rps": 159.9, "ok": 2444, "fail": 0, "p50_ms": 388.0, "p95_ms": 448.4, "p99_ms": 903.9, "procs": 4, "concurrency_each": 16}

########## 阶段二：双实例 :8081 + :8082（经轮询 LB :18080） ##########
实例 :8082 就绪（探针 HTTP 401）
双实例结果: {"rps": 199.8, "ok": 3097, "fail": 17, "p50_ms": 130.9, "p95_ms": 1154.9, "p99_ms": 1648.3, "procs": 4, "concurrency_each": 16}

########## 结论 ##########
单实例 RPS=159.9 (p50=388.0ms p99=903.9ms) | 双实例 RPS=199.8 (p50=130.9ms p99=1648.3ms) | 吞吐 1.25x
双实例阶段失败请求数: 17（应≈0；少量失败多为实例刚就绪时 LB 的连接竞争）
客户端：4 进程 × 16 线程（两阶段一致）
判定：吞吐 +25%、p50 388.0ms→130.9ms。本机全部组件（JVM×2 + 压测客户端 + MySQL）共享同一份 CPU，加进程不加 CPU 测不出近线性是物理约束而非缺陷——近线性吞吐提升需要多机；本证据证明的是双实例在 LB 下正确分担负载且延迟显著改善

########## 收尾 ##########
已停止 :8081（PID 77736）
已停止 :8082（PID 99964）
已停止 :18080（PID 130876）
证据日志: output/multi_instance_throughput_20260909-224325.log
=== 多实例吞吐对比结束 20260909-224325 ===
