=== 多实例水平扩容证据 20260909-220227 ===
容量/窗口: capacity=3 window=PT10M

########## 1. 环境供给（MySQL 3306 / Redis 6379） ##########
SKIP_ENV=1 → 跳过环境供给，直接校验端口
MySQL 3306: LISTENING
Redis 6379: LISTENING

########## 2. 打包 jar ##########
jar 就绪: C:\Project\QuestionBank\deploy\question-bank-app.jar

########## 3. 证据一：无状态（A 签发 token，B 是否认） ##########
启动 A:8081 B:8082（rate-limit.backend=redis, token-store=redis）
（把 TOKEN_STORE=local 再跑一次即可复现『B 不认 A 签发的 token』——本机内存 token 的扩容阻塞缺陷）
实例 :8081 就绪（探针 HTTP 401）
实例 :8082 就绪（探针 HTTP 401）
A(:8081) 登录返回: {"token":"4be7b1c1-9a16-49ad-a8be-8adc5ca8223a","userId":1,"username":"admin","role":"ADMIN"}
B(:8082) 持 A 签发的 token 访问受保护接口 → HTTP 200
B(:8082) 不带 token 访问同一接口       → HTTP 401
A(:8081) 持自己的 token 访问           → HTTP 200

########## 4. 限流共享性对照实验（capacity=3，交替打 A/B） ##########
已清空限流 key（qb:ratelimit:*）
[backend=redis] 并发突发 8（A/B 各半）→ 放行 3 / 429 5 / 其他 0

--- 回归探针：配额耗尽后 1.5s 不应白送令牌 ---
（续杯下限缺陷 Math.max(1, refillPerMilli) 会在此 1.5s 攒出 1 个令牌放行 200；修复后必须仍 429）
长窗口续杯下限回归：1.5s 后仍 429 = 通过

--- 对照组：切回 local（JVM 内存）后端重跑（token 存储仍为 redis，只换限流后端）---
已停止 :8081（PID 108236）
已停止 :8082（PID 85544）
实例 :8081 就绪（探针 HTTP 401）
实例 :8082 就绪（探针 HTTP 401）
已清空限流 key（qb:ratelimit:*）
[backend=local] 并发突发 8（A/B 各半）→ 放行 6 / 429 2 / 其他 0

--- 对照结论（capacity=3，8 个请求 A/B 各 4 个）---
共享后端（redis）放行 3 次 / 本地后端（JVM 内存）放行 6 次
背景：RedisTokenBucketRateLimiter 的 Math.max(1, refillPerMilli) 下限使实际续杯 ≥1 令牌/秒，
      长窗口配置会被架空——共享桶放行数 = capacity + 探针耗时内的续杯，属已记录缺陷（见 docs）。
判定：本地后端放行 6 ≈ 2×capacity（每实例各一个桶），显著多于共享后端的 3
      → 多实例下内存限流的配额按实例翻倍、全局配额失效；水平扩容必须 app.rate-limit.backend=redis

########## 5. 证据四：跨实例幂等（同一 Idempotency-Key 打到不同实例） ##########
重启实例并放开限流容量，避免上一步配额残留污染业务调用…
已停止 :8081（PID 94712）
已停止 :8082（PID 109392）
实例 :8081 就绪（探针 HTTP 401）
实例 :8082 就绪（探针 HTTP 401）
已发布试卷原始响应: [{"id":168401,"bankId":221,"versionNo":1,"title":"冒烟卷","status":"PUBLISHED","publishedAt":"2026-09-09T11:12:44Z"},{"id":168400,"bankId":220,"versionNo":1,"title":"冒烟卷","status":"PUBLISHED","publishedAt":"2026-09-09T11:11:53Z"},{"id":168399,"bankId":219,"versionNo":1,"title":"冒烟卷","
使用 paperVersionId=168401
student 在 A 登录: {"token":"b622c295-8415-4b58-9d95-fed484d32690","userId":2,"username":"student","role":"STUDENT"}
A 创建练习响应: {"id":50,"paperVersionId":168401,"status":"IN_PROGRESS","createdAt":"2026-09-09T14:04:49.570940700Z"}
A 创建练习会话 id=50
A 实例提交: {"sessionId":50,"totalScore":0,"maxScore":10,"answers":[{"questionId":156,"correct":false,"score":0},{"questionId":157,"correct":false,"score":0}]}
B 实例提交: {"sessionId":50,"totalScore":0,"maxScore":10,"answers":[{"questionId":156,"correct":false,"score":0},{"questionId":157,"correct":false,"score":0}]}
判定：跨实例幂等成立（两次提交返回完全一致）

########## 收尾 ##########
已停止 :8081（PID 117100）
已停止 :8082（PID 115432）
证据日志: output/multi_instance_20260909-220227.log
实例日志: output/instance_8081_20260909-220227.log / output/instance_8082_20260909-220227.log
=== 多实例证据结束 20260909-220227 ===
