[INFO] Scanning for projects...
[INFO] ------------------------------------------------------------------------
[INFO] Reactor Build Order:
[INFO] 
[INFO] question-bank-parent                                               [pom]
[INFO] monitor-spring-boot-starter                                        [jar]
[INFO] question-bank-m0                                                   [jar]
[INFO] Downloading from central: https://repo.maven.apache.org/maven2/org/pitest/pitest-maven/maven-metadata.xml
[INFO] Downloaded from central: https://repo.maven.apache.org/maven2/org/pitest/pitest-maven/maven-metadata.xml (5.3 kB at 4.9 kB/s)
[INFO] Downloading from central: https://repo.maven.apache.org/maven2/org/pitest/pitest-maven/1.30.0/pitest-maven-1.30.0.pom
[INFO] Downloaded from central: https://repo.maven.apache.org/maven2/org/pitest/pitest-maven/1.30.0/pitest-maven-1.30.0.pom (6.3 kB at 19 kB/s)
[INFO] Downloading from central: https://repo.maven.apache.org/maven2/org/pitest/pitest-parent/1.30.0/pitest-parent-1.30.0.pom
[INFO] Downloaded from central: https://repo.maven.apache.org/maven2/org/pitest/pitest-parent/1.30.0/pitest-parent-1.30.0.pom (13 kB at 30 kB/s)
[INFO] Downloading from central: https://repo.maven.apache.org/maven2/org/pitest/pitest-maven/1.30.0/pitest-maven-1.30.0.jar
[INFO] Downloaded from central: https://repo.maven.apache.org/maven2/org/pitest/pitest-maven/1.30.0/pitest-maven-1.30.0.jar (74 kB at 97 kB/s)
[INFO] 
[INFO] -------------------< com.allen:question-bank-parent >-------------------
[INFO] Building question-bank-parent 0.1.0-SNAPSHOT                       [1/3]
[INFO]   from pom.xml
[INFO] --------------------------------[ pom ]---------------------------------
[INFO] 
[INFO] --- pitest:1.30.0:mutationCoverage (default-cli) @ question-bank-parent ---
[INFO] Downloading from central: https://repo.maven.apache.org/maven2/org/pitest/pitest-entry/1.30.0/pitest-entry-1.30.0.pom
[INFO] Downloaded from central: https://repo.maven.apache.org/maven2/org/pitest/pitest-entry/1.30.0/pitest-entry-1.30.0.pom (5.1 kB at 12 kB/s)
[INFO] Downloading from central: https://repo.maven.apache.org/maven2/org/pitest/pitest/1.30.0/pitest-1.30.0.pom
[INFO] Downloaded from central: https://repo.maven.apache.org/maven2/org/pitest/pitest/1.30.0/pitest-1.30.0.pom (6.0 kB at 15 kB/s)
[INFO] Downloading from central: https://repo.maven.apache.org/maven2/org/ow2/asm/asm/9.10.1/asm-9.10.1.pom
[INFO] Downloaded from central: https://repo.maven.apache.org/maven2/org/ow2/asm/asm/9.10.1/asm-9.10.1.pom (2.4 kB at 5.3 kB/s)
[INFO] Downloading from central: https://repo.maven.apache.org/maven2/org/ow2/asm/asm-commons/9.10.1/asm-commons-9.10.1.pom
[INFO] Downloaded from central: https://repo.maven.apache.org/maven2/org/ow2/asm/asm-commons/9.10.1/asm-commons-9.10.1.pom (2.8 kB at 6.3 kB/s)
[INFO] Downloading from central: https://repo.maven.apache.org/maven2/org/ow2/asm/asm-tree/9.10.1/asm-tree-9.10.1.pom
[INFO] Downloaded from central: https://repo.maven.apache.org/maven2/org/ow2/asm/asm-tree/9.10.1/asm-tree-9.10.1.pom (2.6 kB at 6.4 kB/s)
[INFO] Downloading from central: https://repo.maven.apache.org/maven2/org/ow2/asm/asm-util/9.10.1/asm-util-9.10.1.pom
[INFO] Downloaded from central: https://repo.maven.apache.org/maven2/org/ow2/asm/asm-util/9.10.1/asm-util-9.10.1.pom (3.0 kB at 6.6 kB/s)
[INFO] Downloading from central: https://repo.maven.apache.org/maven2/org/ow2/asm/asm-analysis/9.10.1/asm-analysis-9.10.1.pom
[INFO] Downloaded from central: https://repo.maven.apache.org/maven2/org/ow2/asm/asm-analysis/9.10.1/asm-analysis-9.10.1.pom (2.6 kB at 5.8 kB/s)
[INFO] Downloading from central: https://repo.maven.apache.org/maven2/org/apache/commons/commons-text/1.14.0/commons-text-1.14.0.pom
[INFO] Downloaded from central: https://repo.maven.apache.org/maven2/org/apache/commons/commons-text/1.14.0/commons-text-1.14.0.pom (23 kB at 49 kB/s)
[INFO] Downloading from central: https://repo.maven.apache.org/maven2/org/apache/commons/commons-parent/85/commons-parent-85.pom
[INFO] Downloaded from central: https://repo.maven.apache.org/maven2/org/apache/commons/commons-parent/85/commons-parent-85.pom (78 kB at 192 kB/s)
[INFO] Downloading from central: https://repo.maven.apache.org/maven2/org/junit/junit-bom/5.13.1/junit-bom-5.13.1.pom
[INFO] Downloaded from central: https://repo.maven.apache.org/maven2/org/junit/junit-bom/5.13.1/junit-bom-5.13.1.pom (5.6 kB at 13 kB/s)
[INFO] Downloading from central: https://repo.maven.apache.org/maven2/org/apache/commons/commons-lang3/3.18.0/commons-lang3-3.18.0.pom
[INFO] Downloaded from central: https://repo.maven.apache.org/maven2/org/apache/commons/commons-lang3/3.18.0/commons-lang3-3.18.0.pom (32 kB at 69 kB/s)
[INFO] Downloading from central: https://repo.maven.apache.org/maven2/org/pitest/pitest-html-report/1.30.0/pitest-html-report-1.30.0.pom
[INFO] Downloaded from central: https://repo.maven.apache.org/maven2/org/pitest/pitest-html-report/1.30.0/pitest-html-report-1.30.0.pom (3.6 kB at 11 kB/s)
[INFO] Downloading from central: https://repo.maven.apache.org/maven2/org/pitest/pitest-aggregator/1.30.0/pitest-aggregator-1.30.0.pom
[INFO] Downloaded from central: https://repo.maven.apache.org/maven2/org/pitest/pitest-aggregator/1.30.0/pitest-aggregator-1.30.0.pom (3.0 kB at 6.8 kB/s)
[INFO] Downloading from central: https://repo.maven.apache.org/maven2/com/fasterxml/jackson/dataformat/jackson-dataformat-xml/2.18.8/jackson-dataformat-xml-2.18.8.pom
[INFO] Downloaded from central: https://repo.maven.apache.org/maven2/com/fasterxml/jackson/dataformat/jackson-dataformat-xml/2.18.8/jackson-dataformat-xml-2.18.8.pom (9.5 kB at 21 kB/s)
[INFO] Downloading from central: https://repo.maven.apache.org/maven2/com/fasterxml/jackson/jackson-base/2.18.8/jackson-base-2.18.8.pom
[INFO] Downloaded from central: https://repo.maven.apache.org/maven2/com/fasterxml/jackson/jackson-base/2.18.8/jackson-base-2.18.8.pom (12 kB at 27 kB/s)
[INFO] Downloading from central: https://repo.maven.apache.org/maven2/com/fasterxml/jackson/jackson-bom/2.18.8/jackson-bom-2.18.8.pom
[INFO] Downloaded from central: https://repo.maven.apache.org/maven2/com/fasterxml/jackson/jackson-bom/2.18.8/jackson-bom-2.18.8.pom (19 kB at 54 kB/s)
[INFO] Downloading from central: https://repo.maven.apache.org/maven2/com/fasterxml/jackson/core/jackson-core/2.18.8/jackson-core-2.18.8.pom
[INFO] Downloaded from central: https://repo.maven.apache.org/maven2/com/fasterxml/jackson/core/jackson-core/2.18.8/jackson-core-2.18.8.pom (9.6 kB at 22 kB/s)
[INFO] Downloading from central: https://repo.maven.apache.org/maven2/com/fasterxml/jackson/core/jackson-annotations/2.18.8/jackson-annotations-2.18.8.pom
[INFO] Downloaded from central: https://repo.maven.apache.org/maven2/com/fasterxml/jackson/core/jackson-annotations/2.18.8/jackson-annotations-2.18.8.pom (6.8 kB at 16 kB/s)
[INFO] Downloading from central: https://repo.maven.apache.org/maven2/com/fasterxml/jackson/core/jackson-databind/2.18.8/jackson-databind-2.18.8.pom
[INFO] Downloaded from central: https://repo.maven.apache.org/maven2/com/fasterxml/jackson/core/jackson-databind/2.18.8/jackson-databind-2.18.8.pom (21 kB at 45 kB/s)
[INFO] Downloading from central: https://repo.maven.apache.org/maven2/commons-beanutils/commons-beanutils/1.11.0/commons-beanutils-1.11.0.pom
[INFO] Downloaded from central: https://repo.maven.apache.org/maven2/commons-beanutils/commons-beanutils/1.11.0/commons-beanutils-1.11.0.pom (19 kB at 49 kB/s)
[INFO] Downloading from central: https://repo.maven.apache.org/maven2/org/apache/commons/commons-parent/84/commons-parent-84.pom
[INFO] Downloaded from central: https://repo.maven.apache.org/maven2/org/apache/commons/commons-parent/84/commons-parent-84.pom (78 kB at 178 kB/s)
[INFO] Downloading from central: https://repo.maven.apache.org/maven2/org/junit/junit-bom/5.12.2/junit-bom-5.12.2.pom
[INFO] Downloaded from central: https://repo.maven.apache.org/maven2/org/junit/junit-bom/5.12.2/junit-bom-5.12.2.pom (5.6 kB at 13 kB/s)
[INFO] Downloading from central: https://repo.maven.apache.org/maven2/commons-logging/commons-logging/1.3.5/commons-logging-1.3.5.pom
[INFO] Downloaded from central: https://repo.maven.apache.org/maven2/commons-logging/commons-logging/1.3.5/commons-logging-1.3.5.pom (32 kB at 73 kB/s)
[INFO] Downloading from central: https://repo.maven.apache.org/maven2/org/apache/commons/commons-parent/81/commons-parent-81.pom
[INFO] Downloaded from central: https://repo.maven.apache.org/maven2/org/apache/commons/commons-parent/81/commons-parent-81.pom (78 kB at 202 kB/s)
[INFO] Downloading from central: https://repo.maven.apache.org/maven2/org/pitest/pitest-entry/1.30.0/pitest-entry-1.30.0.jar
[INFO] Downloaded from central: https://repo.maven.apache.org/maven2/org/pitest/pitest-entry/1.30.0/pitest-entry-1.30.0.jar (806 kB at 320 kB/s)
[INFO] Downloading from central: https://repo.maven.apache.org/maven2/org/pitest/pitest/1.30.0/pitest-1.30.0.jar
[INFO] Downloading from central: https://repo.maven.apache.org/maven2/org/ow2/asm/asm-commons/9.10.1/asm-commons-9.10.1.jar
[INFO] Downloading from central: https://repo.maven.apache.org/maven2/org/ow2/asm/asm/9.10.1/asm-9.10.1.jar
[INFO] Downloading from central: https://repo.maven.apache.org/maven2/org/ow2/asm/asm-util/9.10.1/asm-util-9.10.1.jar
[INFO] Downloading from central: https://repo.maven.apache.org/maven2/org/ow2/asm/asm-tree/9.10.1/asm-tree-9.10.1.jar
[INFO] Downloaded from central: https://repo.maven.apache.org/maven2/org/ow2/asm/asm-commons/9.10.1/asm-commons-9.10.1.jar (75 kB at 82 kB/s)
[INFO] Downloading from central: https://repo.maven.apache.org/maven2/org/ow2/asm/asm-analysis/9.10.1/asm-analysis-9.10.1.jar
[INFO] Downloaded from central: https://repo.maven.apache.org/maven2/org/ow2/asm/asm-tree/9.10.1/asm-tree-9.10.1.jar (52 kB at 57 kB/s)
[INFO] Downloading from central: https://repo.maven.apache.org/maven2/org/apache/commons/commons-text/1.14.0/commons-text-1.14.0.jar
[INFO] Downloaded from central: https://repo.maven.apache.org/maven2/org/ow2/asm/asm-util/9.10.1/asm-util-9.10.1.jar (96 kB at 60 kB/s)
[INFO] Downloading from central: https://repo.maven.apache.org/maven2/org/apache/commons/commons-lang3/3.18.0/commons-lang3-3.18.0.jar
[INFO] Downloaded from central: https://repo.maven.apache.org/maven2/org/apache/commons/commons-text/1.14.0/commons-text-1.14.0.jar (260 kB at 163 kB/s)
[INFO] Downloading from central: https://repo.maven.apache.org/maven2/org/pitest/pitest-html-report/1.30.0/pitest-html-report-1.30.0.jar
[INFO] Downloaded from central: https://repo.maven.apache.org/maven2/org/pitest/pitest/1.30.0/pitest-1.30.0.jar (638 kB at 397 kB/s)
[INFO] Downloading from central: https://repo.maven.apache.org/maven2/org/pitest/pitest-aggregator/1.30.0/pitest-aggregator-1.30.0.jar
[INFO] Downloaded from central: https://repo.maven.apache.org/maven2/org/ow2/asm/asm/9.10.1/asm-9.10.1.jar (126 kB at 66 kB/s)
[INFO] Downloading from central: https://repo.maven.apache.org/maven2/com/fasterxml/jackson/dataformat/jackson-dataformat-xml/2.18.8/jackson-dataformat-xml-2.18.8.jar
[INFO] Downloaded from central: https://repo.maven.apache.org/maven2/org/ow2/asm/asm-analysis/9.10.1/asm-analysis-9.10.1.jar (35 kB at 18 kB/s)
[INFO] Downloading from central: https://repo.maven.apache.org/maven2/com/fasterxml/jackson/core/jackson-core/2.18.8/jackson-core-2.18.8.jar
[INFO] Downloaded from central: https://repo.maven.apache.org/maven2/org/pitest/pitest-html-report/1.30.0/pitest-html-report-1.30.0.jar (659 kB at 270 kB/s)
[INFO] Downloading from central: https://repo.maven.apache.org/maven2/com/fasterxml/jackson/core/jackson-annotations/2.18.8/jackson-annotations-2.18.8.jar
[INFO] Downloaded from central: https://repo.maven.apache.org/maven2/com/fasterxml/jackson/dataformat/jackson-dataformat-xml/2.18.8/jackson-dataformat-xml-2.18.8.jar (130 kB at 50 kB/s)
[INFO] Downloading from central: https://repo.maven.apache.org/maven2/com/fasterxml/jackson/core/jackson-databind/2.18.8/jackson-databind-2.18.8.jar
[INFO] Downloaded from central: https://repo.maven.apache.org/maven2/com/fasterxml/jackson/core/jackson-annotations/2.18.8/jackson-annotations-2.18.8.jar (78 kB at 24 kB/s)
[INFO] Downloading from central: https://repo.maven.apache.org/maven2/commons-beanutils/commons-beanutils/1.11.0/commons-beanutils-1.11.0.jar
[INFO] Downloaded from central: https://repo.maven.apache.org/maven2/com/fasterxml/jackson/core/jackson-core/2.18.8/jackson-core-2.18.8.jar (588 kB at 176 kB/s)
[INFO] Downloading from central: https://repo.maven.apache.org/maven2/commons-logging/commons-logging/1.3.5/commons-logging-1.3.5.jar
[INFO] Downloaded from central: https://repo.maven.apache.org/maven2/com/fasterxml/jackson/core/jackson-databind/2.18.8/jackson-databind-2.18.8.jar (1.7 MB at 457 kB/s)
[INFO] Downloading from central: https://repo.maven.apache.org/maven2/org/slf4j/slf4j-api/1.7.12/slf4j-api-1.7.12.jar
[INFO] Downloaded from central: https://repo.maven.apache.org/maven2/org/apache/commons/commons-lang3/3.18.0/commons-lang3-3.18.0.jar (703 kB at 193 kB/s)
[INFO] Downloaded from central: https://repo.maven.apache.org/maven2/commons-logging/commons-logging/1.3.5/commons-logging-1.3.5.jar (74 kB at 19 kB/s)
[INFO] Downloaded from central: https://repo.maven.apache.org/maven2/commons-beanutils/commons-beanutils/1.11.0/commons-beanutils-1.11.0.jar (247 kB at 60 kB/s)
[INFO] Downloaded from central: https://repo.maven.apache.org/maven2/org/pitest/pitest-aggregator/1.30.0/pitest-aggregator-1.30.0.jar (2.5 MB at 591 kB/s)
[INFO] Downloaded from central: https://repo.maven.apache.org/maven2/org/slf4j/slf4j-api/1.7.12/slf4j-api-1.7.12.jar (32 kB at 7.5 kB/s)
[INFO] Skipping project because:
[INFO]   - Packaging is POM.
[INFO]   - Project has either no tests or no production code.
[INFO] 
[INFO] ---------------< com.allen:monitor-spring-boot-starter >----------------
[INFO] Building monitor-spring-boot-starter 0.1.0-SNAPSHOT                [2/3]
[INFO]   from monitor-starter\pom.xml
[INFO] --------------------------------[ jar ]---------------------------------
[INFO] 
[INFO] --- resources:3.3.1:resources (default-resources) @ monitor-spring-boot-starter ---
[INFO] Copying 0 resource from src\main\resources to target\classes
[INFO] Copying 1 resource from src\main\resources to target\classes
[INFO] 
[INFO] --- compiler:3.13.0:compile (default-compile) @ monitor-spring-boot-starter ---
[INFO] Nothing to compile - all classes are up to date.
[INFO] 
[INFO] --- resources:3.3.1:testResources (default-testResources) @ monitor-spring-boot-starter ---
[INFO] skip non existing resourceDirectory C:\Project\QuestionBank\monitor-starter\src\test\resources
[INFO] 
[INFO] --- compiler:3.13.0:testCompile (default-testCompile) @ monitor-spring-boot-starter ---
[INFO] Nothing to compile - all classes are up to date.
[INFO] 
[INFO] --- surefire:3.5.3:test (default-test) @ monitor-spring-boot-starter ---
[INFO] Using auto detected provider org.apache.maven.surefire.junitplatform.JUnitPlatformProvider
[INFO] 
[INFO] -------------------------------------------------------
[INFO]  T E S T S
[INFO] -------------------------------------------------------
[INFO] Running com.questionbank.monitor.QuestionBankMonitorAutoConfigurationTest
[INFO] Tests run: 3, Failures: 0, Errors: 0, Skipped: 0, Time elapsed: 0.544 s -- in com.questionbank.monitor.QuestionBankMonitorAutoConfigurationTest
[INFO] 
[INFO] Results:
[INFO] 
[INFO] Tests run: 3, Failures: 0, Errors: 0, Skipped: 0
[INFO] 
[INFO] 
[INFO] --- pitest:1.30.0:mutationCoverage (default-cli) @ monitor-spring-boot-starter ---
[INFO] Root dir is : C:\Project\QuestionBank
[INFO] Found plugin : Default csv report plugin
[INFO] Found plugin : Default xml report plugin
[INFO] Found plugin : Log progress during mutation analysis
[INFO] Found plugin : Default html report plugin
[INFO] Found plugin : Static initializer code detector plugin
[INFO] Found plugin : Excluded annotations plugin
[INFO] Found plugin : Try with resources filter
[INFO] Found plugin : Inlined finally block filter plugin
[INFO] Found plugin : Implicit null check filter
[INFO] Found plugin : Method reference null check filter
[INFO] Found plugin : For each loop filter
[INFO] Found plugin : Enum junk filter
[INFO] Found plugin : Record junk mutation filter
[INFO] Found plugin : String switch filter
[INFO] Found plugin : Assertions filter
[INFO] Found plugin : Enum switch filter
[INFO] Found plugin : Logging calls filter
[INFO] Found plugin : Infinite for loop filter
[INFO] Found plugin : Long running iterator loop filter
[INFO] Found plugin : For loop counter filter
[INFO] Found plugin : Kotlin junk mutations filter
[INFO] Found plugin : Groovy junk mutations filter
[INFO] Found plugin : Max mutations per class limit
[INFO] Found plugin : Equals shortcut equivalent mutant filter
[INFO] Found plugin : Trivial return vals equivalence filter
[INFO] Found plugin : Filters mutants with line number <= 1
[INFO] Found plugin : Division by one equivalent mutant filter
[INFO] Found plugin : Lombok junk mutations filter
[INFO] Found plugin : Filter mutations to defensive wrappers such as unmodifiableCollection on return or field write
[INFO] Found plugin : Final field null assignment equivalent mutant filter
[INFO] Found plugin : Mutant export plugin
[INFO] Found plugin : Auto add java.awt.headless=true to keep keyboard focus on Mac OS
[INFO] Found plugin : Auto set number of threads based on machine
[INFO] Found plugin : Automatically add -ea to launch args to enable assertions
[INFO] Found plugin : Default build verifier
[INFO] Found plugin : Detect missing JUnit5 plugin
[INFO] Found plugin : Detect missing TestNG plugin
[INFO] Found plugin : Detect missing kotlin plugin
[INFO] Found plugin : Detect missing spring plugin
[INFO] Found plugin : Default coverage exporter
[INFO] Found plugin : Basic test statistics
[INFO] Found shared classpath plugin : Default mutation engine
[INFO] Found shared classpath plugin : JUnit plugin
[INFO] Found shared classpath plugin : Support for mocking frameworks using javassist
[INFO] Found shared classpath plugin : Disable JaCoCo
[INFO] Found shared classpath plugin : Normalise record attributes
[INFO] Found shared classpath plugin : Reset environment for javassist
[INFO] Available mutators : EXPERIMENTAL_ARGUMENT_PROPAGATION,FALSE_RETURNS,TRUE_RETURNS,CONDITIONALS_BOUNDARY,CONSTRUCTOR_CALLS,EMPTY_RETURNS,INCREMENTS,INLINE_CONSTS,INVERT_NEGS,MATH,NEGATE_CONDITIONALS,NON_VOID_METHOD_CALLS,NULL_RETURNS,PRIMITIVE_RETURNS,REMOVE_CONDITIONALS_EQUAL_IF,REMOVE_CONDITIONALS_EQUAL_ELSE,REMOVE_CONDITIONALS_ORDER_IF,REMOVE_CONDITIONALS_ORDER_ELSE,VOID_METHOD_CALLS,EXPERIMENTAL_BIG_DECIMAL,EXPERIMENTAL_BIG_INTEGER,EXPERIMENTAL_MEMBER_VARIABLE,EXPERIMENTAL_NAKED_RECEIVER,REMOVE_INCREMENTS,EXPERIMENTAL_SWITCH
[INFO] Adding org.pitest:pitest to SUT classpath
[INFO] Auto adding org.junit.platform:junit-platform-launcher:jar:1.11.4 < central (https://repo.maven.apache.org/maven2, default, releases) to classpath.
[INFO] Mutating from C:\Project\QuestionBank\monitor-starter\target\classes
[INFO] Defaulting target classes to match packages in build directory
[INFO] Defaulting target tests to match packages in test build directory
06:42:39 PIT >> WARNING : JUnit 5 is on the classpath but the pitest junit 5 plugin is not installed.
06:42:39 PIT >> INFO : Verbose logging is disabled. If you encounter a problem, please enable it before reporting an issue.
06:42:39 PIT >> INFO : Created 3 mutation test units in pre scan
06:42:39 PIT >> INFO : Sending 4 test classes to minion
06:42:39 PIT >> INFO : Sent tests to minion
06:42:39 PIT >> SEVERE : Pitest could not run any tests. Please check that you have installed the pitest plugin for your testing library (eg JUnit 5, TestNG). If your project uses JUnit 4 the plugin is automatically included, but a recent version of JUnit 4 must be on the classpath.
[INFO] ------------------------------------------------------------------------
[INFO] Reactor Summary for question-bank-parent 0.1.0-SNAPSHOT:
[INFO] 
[INFO] question-bank-parent ............................... SUCCESS [ 22.690 s]
[INFO] monitor-spring-boot-starter ........................ FAILURE [  4.435 s]
[INFO] question-bank-m0 ................................... SKIPPED
[INFO] ------------------------------------------------------------------------
[INFO] BUILD FAILURE
[INFO] ------------------------------------------------------------------------
[INFO] Total time:  30.539 s
[INFO] Finished at: 2026-09-09T06:42:39-05:00
[INFO] ------------------------------------------------------------------------
[ERROR] Failed to execute goal org.pitest:pitest-maven:1.30.0:mutationCoverage (default-cli) on project monitor-spring-boot-starter: Execution default-cli of goal org.pitest:pitest-maven:1.30.0:mutationCoverage failed: Please check you have correctly installed the pitest plugin for your project's test library (JUnit 5, TestNG, JUnit 4 etc). 
[ERROR] 
[ERROR] Please copy and paste the information and the complete stacktrace below when reporting an issue
[ERROR] VM : Java HotSpot(TM) 64-Bit Server VM
[ERROR] Vendor : Oracle Corporation
[ERROR] Version : 21.0.12+7-LTS-205
[ERROR] Uptime : 31644
[ERROR] Input -> 
[ERROR]  1 : -Dclassworlds.conf=C:/Users/Allen/.m2/wrapper/dists/apache-maven-3.9.9/3477a4f1/bin/m2.conf
[ERROR]  2 : -Dmaven.home=C:/Users/Allen/.m2/wrapper/dists/apache-maven-3.9.9/3477a4f1
[ERROR]  3 : -Dmaven.multiModuleProjectDirectory=C:/Project/QuestionBank
[ERROR] BootClassPathSupported : false
[ERROR] 
[ERROR] 
[ERROR] Please copy and paste the information and the complete stacktrace below when reporting an issue
[ERROR] VM : Java HotSpot(TM) 64-Bit Server VM
[ERROR] Vendor : Oracle Corporation
[ERROR] Version : 21.0.12+7-LTS-205
[ERROR] Uptime : 31653
[ERROR] Input -> 
[ERROR]  1 : -Dclassworlds.conf=C:/Users/Allen/.m2/wrapper/dists/apache-maven-3.9.9/3477a4f1/bin/m2.conf
[ERROR]  2 : -Dmaven.home=C:/Users/Allen/.m2/wrapper/dists/apache-maven-3.9.9/3477a4f1
[ERROR]  3 : -Dmaven.multiModuleProjectDirectory=C:/Project/QuestionBank
[ERROR] BootClassPathSupported : false
[ERROR] -> [Help 1]
[ERROR] 
[ERROR] To see the full stack trace of the errors, re-run Maven with the -e switch.
[ERROR] Re-run Maven using the -X switch to enable full debug logging.
[ERROR] 
[ERROR] For more information about the errors and possible solutions, please read the following articles:
[ERROR] [Help 1] http://cwiki.apache.org/confluence/display/MAVEN/PluginExecutionException
[ERROR] 
[ERROR] After correcting the problems, you can resume the build with the command
[ERROR]   mvn <args> -rf :monitor-spring-boot-starter
