# HELP application_ready_time_seconds Time taken for the application to be ready to service requests
# TYPE application_ready_time_seconds gauge
application_ready_time_seconds{main_application_class="com.allen.questionbank.QuestionBankApplication"} 18.038
# HELP application_started_time_seconds Time taken to start the application
# TYPE application_started_time_seconds gauge
application_started_time_seconds{main_application_class="com.allen.questionbank.QuestionBankApplication"} 17.643
# HELP disk_free_bytes Usable space for path
# TYPE disk_free_bytes gauge
disk_free_bytes{path="C:\\Project\\QuestionBank\\."} 6.68205400064E11
# HELP disk_total_bytes Total space for path
# TYPE disk_total_bytes gauge
disk_total_bytes{path="C:\\Project\\QuestionBank\\."} 1.021820530688E12
# HELP executor_active_threads The approximate number of threads that are actively executing tasks
# TYPE executor_active_threads gauge
executor_active_threads{name="importTaskExecutor"} 0.0
executor_active_threads{name="taskScheduler"} 0.0
# HELP executor_completed_tasks_total The approximate total number of tasks that have completed execution
# TYPE executor_completed_tasks_total counter
executor_completed_tasks_total{name="importTaskExecutor"} 0.0
executor_completed_tasks_total{name="taskScheduler"} 0.0
# HELP executor_pool_core_threads The core number of threads for the pool
# TYPE executor_pool_core_threads gauge
executor_pool_core_threads{name="importTaskExecutor"} 2.0
executor_pool_core_threads{name="taskScheduler"} 1.0
# HELP executor_pool_max_threads The maximum allowed number of threads in the pool
# TYPE executor_pool_max_threads gauge
executor_pool_max_threads{name="importTaskExecutor"} 4.0
executor_pool_max_threads{name="taskScheduler"} 2.147483647E9
# HELP executor_pool_size_threads The current number of threads in the pool
# TYPE executor_pool_size_threads gauge
executor_pool_size_threads{name="importTaskExecutor"} 0.0
executor_pool_size_threads{name="taskScheduler"} 0.0
# HELP executor_queue_remaining_tasks The number of additional elements that this queue can ideally accept without blocking
# TYPE executor_queue_remaining_tasks gauge
executor_queue_remaining_tasks{name="importTaskExecutor"} 100.0
executor_queue_remaining_tasks{name="taskScheduler"} 2.147483647E9
# HELP executor_queued_tasks The approximate number of tasks that are queued for execution
# TYPE executor_queued_tasks gauge
executor_queued_tasks{name="importTaskExecutor"} 0.0
executor_queued_tasks{name="taskScheduler"} 0.0
# HELP hikaricp_connections Total connections
# TYPE hikaricp_connections gauge
hikaricp_connections{pool="HikariPool-1"} 10.0
# HELP hikaricp_connections_acquire_seconds Connection acquire time
# TYPE hikaricp_connections_acquire_seconds summary
hikaricp_connections_acquire_seconds_count{pool="HikariPool-1"} 29
hikaricp_connections_acquire_seconds_sum{pool="HikariPool-1"} 0.0025472
# HELP hikaricp_connections_acquire_seconds_max Connection acquire time
# TYPE hikaricp_connections_acquire_seconds_max gauge
hikaricp_connections_acquire_seconds_max{pool="HikariPool-1"} 5.695E-4
# HELP hikaricp_connections_active Active connections
# TYPE hikaricp_connections_active gauge
hikaricp_connections_active{pool="HikariPool-1"} 0.0
# HELP hikaricp_connections_creation_seconds Connection creation time
# TYPE hikaricp_connections_creation_seconds summary
hikaricp_connections_creation_seconds_count{pool="HikariPool-1"} 0
hikaricp_connections_creation_seconds_sum{pool="HikariPool-1"} 0.0
# HELP hikaricp_connections_creation_seconds_max Connection creation time
# TYPE hikaricp_connections_creation_seconds_max gauge
hikaricp_connections_creation_seconds_max{pool="HikariPool-1"} 0.0
# HELP hikaricp_connections_idle Idle connections
# TYPE hikaricp_connections_idle gauge
hikaricp_connections_idle{pool="HikariPool-1"} 10.0
# HELP hikaricp_connections_max Max connections
# TYPE hikaricp_connections_max gauge
hikaricp_connections_max{pool="HikariPool-1"} 10.0
# HELP hikaricp_connections_min Min connections
# TYPE hikaricp_connections_min gauge
hikaricp_connections_min{pool="HikariPool-1"} 10.0
# HELP hikaricp_connections_pending Pending threads
# TYPE hikaricp_connections_pending gauge
hikaricp_connections_pending{pool="HikariPool-1"} 0.0
# HELP hikaricp_connections_timeout_total Connection timeout total count
# TYPE hikaricp_connections_timeout_total counter
hikaricp_connections_timeout_total{pool="HikariPool-1"} 0.0
# HELP hikaricp_connections_usage_seconds Connection usage time
# TYPE hikaricp_connections_usage_seconds summary
hikaricp_connections_usage_seconds_count{pool="HikariPool-1"} 29
hikaricp_connections_usage_seconds_sum{pool="HikariPool-1"} 0.276
# HELP hikaricp_connections_usage_seconds_max Connection usage time
# TYPE hikaricp_connections_usage_seconds_max gauge
hikaricp_connections_usage_seconds_max{pool="HikariPool-1"} 0.095
# HELP http_server_requests_active_seconds  
# TYPE http_server_requests_active_seconds summary
http_server_requests_active_seconds_count{exception="none",method="GET",outcome="SUCCESS",status="200",uri="UNKNOWN"} 1
http_server_requests_active_seconds_sum{exception="none",method="GET",outcome="SUCCESS",status="200",uri="UNKNOWN"} 1.7295864
http_server_requests_active_seconds_count{exception="none",method="POST",outcome="SUCCESS",status="200",uri="UNKNOWN"} 0
http_server_requests_active_seconds_sum{exception="none",method="POST",outcome="SUCCESS",status="200",uri="UNKNOWN"} 0.0
# HELP http_server_requests_active_seconds_max  
# TYPE http_server_requests_active_seconds_max gauge
http_server_requests_active_seconds_max{exception="none",method="GET",outcome="SUCCESS",status="200",uri="UNKNOWN"} 1.7296004
http_server_requests_active_seconds_max{exception="none",method="POST",outcome="SUCCESS",status="200",uri="UNKNOWN"} 0.0
# HELP http_server_requests_seconds  
# TYPE http_server_requests_seconds summary
http_server_requests_seconds_count{error="IOException",exception="IOException",method="GET",outcome="SUCCESS",status="200",uri="/api/papers/published"} 6
http_server_requests_seconds_sum{error="IOException",exception="IOException",method="GET",outcome="SUCCESS",status="200",uri="/api/papers/published"} 0.2363241
http_server_requests_seconds_count{error="none",exception="none",method="GET",outcome="CLIENT_ERROR",status="401",uri="UNKNOWN"} 1
http_server_requests_seconds_sum{error="none",exception="none",method="GET",outcome="CLIENT_ERROR",status="401",uri="UNKNOWN"} 0.0072377
http_server_requests_seconds_count{error="none",exception="none",method="GET",outcome="SERVER_ERROR",status="503",uri="/actuator/health"} 1
http_server_requests_seconds_sum{error="none",exception="none",method="GET",outcome="SERVER_ERROR",status="503",uri="/actuator/health"} 0.7615894
http_server_requests_seconds_count{error="none",exception="none",method="GET",outcome="SUCCESS",status="200",uri="/actuator/health"} 1
http_server_requests_seconds_sum{error="none",exception="none",method="GET",outcome="SUCCESS",status="200",uri="/actuator/health"} 0.0189828
http_server_requests_seconds_count{error="none",exception="none",method="GET",outcome="SUCCESS",status="200",uri="/api/papers/published"} 14
http_server_requests_seconds_sum{error="none",exception="none",method="GET",outcome="SUCCESS",status="200",uri="/api/papers/published"} 0.1343521
http_server_requests_seconds_count{error="none",exception="none",method="POST",outcome="SUCCESS",status="200",uri="/api/auth/login"} 1
http_server_requests_seconds_sum{error="none",exception="none",method="POST",outcome="SUCCESS",status="200",uri="/api/auth/login"} 0.1911059
# HELP http_server_requests_seconds_max  
# TYPE http_server_requests_seconds_max gauge
http_server_requests_seconds_max{error="IOException",exception="IOException",method="GET",outcome="SUCCESS",status="200",uri="/api/papers/published"} 0.149949
http_server_requests_seconds_max{error="none",exception="none",method="GET",outcome="CLIENT_ERROR",status="401",uri="UNKNOWN"} 0.0072377
http_server_requests_seconds_max{error="none",exception="none",method="GET",outcome="SERVER_ERROR",status="503",uri="/actuator/health"} 0.7615894
http_server_requests_seconds_max{error="none",exception="none",method="GET",outcome="SUCCESS",status="200",uri="/actuator/health"} 0.0189828
http_server_requests_seconds_max{error="none",exception="none",method="GET",outcome="SUCCESS",status="200",uri="/api/papers/published"} 0.0334664
http_server_requests_seconds_max{error="none",exception="none",method="POST",outcome="SUCCESS",status="200",uri="/api/auth/login"} 0.1911059
# HELP jdbc_connections_active Current number of active connections that have been allocated from the data source.
# TYPE jdbc_connections_active gauge
jdbc_connections_active{name="dataSource"} 0.0
# HELP jdbc_connections_idle Number of established but idle connections.
# TYPE jdbc_connections_idle gauge
jdbc_connections_idle{name="dataSource"} 10.0
# HELP jdbc_connections_max Maximum number of active connections that can be allocated at the same time.
# TYPE jdbc_connections_max gauge
jdbc_connections_max{name="dataSource"} 10.0
# HELP jdbc_connections_min Minimum number of idle connections in the pool.
# TYPE jdbc_connections_min gauge
jdbc_connections_min{name="dataSource"} 10.0
# HELP jvm_info JVM version info
# TYPE jvm_info gauge
jvm_info{runtime="Java(TM) SE Runtime Environment",vendor="Oracle Corporation",version="21.0.12+7-LTS-205"} 1
# HELP jvm_buffer_count_buffers An estimate of the number of buffers in the pool
# TYPE jvm_buffer_count_buffers gauge
jvm_buffer_count_buffers{id="direct"} 14.0
jvm_buffer_count_buffers{id="mapped"} 0.0
jvm_buffer_count_buffers{id="mapped - 'non-volatile memory'"} 0.0
# HELP jvm_buffer_memory_used_bytes An estimate of the memory that the Java virtual machine is using for this buffer pool
# TYPE jvm_buffer_memory_used_bytes gauge
jvm_buffer_memory_used_bytes{id="direct"} 4294673.0
jvm_buffer_memory_used_bytes{id="mapped"} 0.0
jvm_buffer_memory_used_bytes{id="mapped - 'non-volatile memory'"} 0.0
# HELP jvm_buffer_total_capacity_bytes An estimate of the total capacity of the buffers in this pool
# TYPE jvm_buffer_total_capacity_bytes gauge
jvm_buffer_total_capacity_bytes{id="direct"} 4294672.0
jvm_buffer_total_capacity_bytes{id="mapped"} 0.0
jvm_buffer_total_capacity_bytes{id="mapped - 'non-volatile memory'"} 0.0
# HELP jvm_classes_loaded_classes The number of classes that are currently loaded in the Java virtual machine
# TYPE jvm_classes_loaded_classes gauge
jvm_classes_loaded_classes 22216.0
# HELP jvm_classes_unloaded_classes_total The total number of classes unloaded since the Java virtual machine has started execution
# TYPE jvm_classes_unloaded_classes_total counter
jvm_classes_unloaded_classes_total 0.0
# HELP jvm_compilation_time_ms_total The approximate accumulated elapsed time spent in compilation
# TYPE jvm_compilation_time_ms_total counter
jvm_compilation_time_ms_total{compiler="HotSpot 64-Bit Tiered Compilers"} 60699.0
# HELP jvm_gc_concurrent_phase_time_seconds Time spent in concurrent phase
# TYPE jvm_gc_concurrent_phase_time_seconds summary
jvm_gc_concurrent_phase_time_seconds_count{action="end of concurrent GC pause",cause="No GC",gc="G1 Concurrent GC"} 2
jvm_gc_concurrent_phase_time_seconds_sum{action="end of concurrent GC pause",cause="No GC",gc="G1 Concurrent GC"} 0.009
# HELP jvm_gc_concurrent_phase_time_seconds_max Time spent in concurrent phase
# TYPE jvm_gc_concurrent_phase_time_seconds_max gauge
jvm_gc_concurrent_phase_time_seconds_max{action="end of concurrent GC pause",cause="No GC",gc="G1 Concurrent GC"} 0.008
# HELP jvm_gc_live_data_size_bytes Size of long-lived heap memory pool after reclamation
# TYPE jvm_gc_live_data_size_bytes gauge
jvm_gc_live_data_size_bytes 0.0
# HELP jvm_gc_max_data_size_bytes Max size of long-lived heap memory pool
# TYPE jvm_gc_max_data_size_bytes gauge
jvm_gc_max_data_size_bytes 1.073741824E9
# HELP jvm_gc_memory_allocated_bytes_total Incremented for an increase in the size of the (young) heap memory pool after one GC to before the next
# TYPE jvm_gc_memory_allocated_bytes_total counter
jvm_gc_memory_allocated_bytes_total 1.84549376E8
# HELP jvm_gc_memory_promoted_bytes_total Count of positive increases in the size of the old generation memory pool before GC to after GC
# TYPE jvm_gc_memory_promoted_bytes_total counter
jvm_gc_memory_promoted_bytes_total 9048704.0
# HELP jvm_gc_overhead An approximation of the percent of CPU time used by GC activities over the last lookback period or since monitoring began, whichever is shorter, in the range [0..1]
# TYPE jvm_gc_overhead gauge
jvm_gc_overhead 8.387161761169517E-4
# HELP jvm_gc_pause_seconds Time spent in GC pause
# TYPE jvm_gc_pause_seconds summary
jvm_gc_pause_seconds_count{action="end of minor GC",cause="Metadata GC Threshold",gc="G1 Young Generation"} 1
jvm_gc_pause_seconds_sum{action="end of minor GC",cause="Metadata GC Threshold",gc="G1 Young Generation"} 0.013
# HELP jvm_gc_pause_seconds_max Time spent in GC pause
# TYPE jvm_gc_pause_seconds_max gauge
jvm_gc_pause_seconds_max{action="end of minor GC",cause="Metadata GC Threshold",gc="G1 Young Generation"} 0.013
# HELP jvm_memory_committed_bytes The amount of memory in bytes that is committed for the Java virtual machine to use
# TYPE jvm_memory_committed_bytes gauge
jvm_memory_committed_bytes{area="heap",id="G1 Eden Space"} 3.16669952E8
jvm_memory_committed_bytes{area="heap",id="G1 Old Gen"} 1.98180864E8
jvm_memory_committed_bytes{area="heap",id="G1 Survivor Space"} 2.2020096E7
jvm_memory_committed_bytes{area="nonheap",id="CodeHeap 'non-nmethods'"} 4259840.0
jvm_memory_committed_bytes{area="nonheap",id="CodeHeap 'non-profiled nmethods'"} 1.2189696E7
jvm_memory_committed_bytes{area="nonheap",id="CodeHeap 'profiled nmethods'"} 2.1364736E7
jvm_memory_committed_bytes{area="nonheap",id="Compressed Class Space"} 1.5794176E7
jvm_memory_committed_bytes{area="nonheap",id="Metaspace"} 1.14622464E8
# HELP jvm_memory_max_bytes The maximum amount of memory in bytes that can be used for memory management
# TYPE jvm_memory_max_bytes gauge
jvm_memory_max_bytes{area="heap",id="G1 Eden Space"} -1.0
jvm_memory_max_bytes{area="heap",id="G1 Old Gen"} 1.073741824E9
jvm_memory_max_bytes{area="heap",id="G1 Survivor Space"} -1.0
jvm_memory_max_bytes{area="nonheap",id="CodeHeap 'non-nmethods'"} 8257536.0
jvm_memory_max_bytes{area="nonheap",id="CodeHeap 'non-profiled nmethods'"} 1.21700352E8
jvm_memory_max_bytes{area="nonheap",id="CodeHeap 'profiled nmethods'"} 1.21700352E8
jvm_memory_max_bytes{area="nonheap",id="Compressed Class Space"} 1.073741824E9
jvm_memory_max_bytes{area="nonheap",id="Metaspace"} -1.0
# HELP jvm_memory_usage_after_gc The percentage of long-lived heap pool used after the last GC event, in the range [0..1]
# TYPE jvm_memory_usage_after_gc gauge
jvm_memory_usage_after_gc{area="heap",pool="long-lived"} 0.024786293506622314
# HELP jvm_memory_used_bytes The amount of used memory
# TYPE jvm_memory_used_bytes gauge
jvm_memory_used_bytes{area="heap",id="G1 Eden Space"} 1.21634816E8
jvm_memory_used_bytes{area="heap",id="G1 Old Gen"} 2.661408E7
jvm_memory_used_bytes{area="heap",id="G1 Survivor Space"} 2.140276E7
jvm_memory_used_bytes{area="nonheap",id="CodeHeap 'non-nmethods'"} 4152576.0
jvm_memory_used_bytes{area="nonheap",id="CodeHeap 'non-profiled nmethods'"} 1.1073664E7
jvm_memory_used_bytes{area="nonheap",id="CodeHeap 'profiled nmethods'"} 2.132864E7
jvm_memory_used_bytes{area="nonheap",id="Compressed Class Space"} 1.5314664E7
jvm_memory_used_bytes{area="nonheap",id="Metaspace"} 1.13541512E8
# HELP jvm_threads_daemon_threads The current number of live daemon threads
# TYPE jvm_threads_daemon_threads gauge
jvm_threads_daemon_threads 25.0
# HELP jvm_threads_live_threads The current number of live threads including both daemon and non-daemon threads
# TYPE jvm_threads_live_threads gauge
jvm_threads_live_threads 29.0
# HELP jvm_threads_peak_threads The peak live thread count since the Java virtual machine started or peak was reset
# TYPE jvm_threads_peak_threads gauge
jvm_threads_peak_threads 29.0
# HELP jvm_threads_started_threads_total The total number of application threads started in the JVM
# TYPE jvm_threads_started_threads_total counter
jvm_threads_started_threads_total 33.0
# HELP jvm_threads_states_threads The current number of threads
# TYPE jvm_threads_states_threads gauge
jvm_threads_states_threads{state="blocked"} 0.0
jvm_threads_states_threads{state="new"} 0.0
jvm_threads_states_threads{state="runnable"} 9.0
jvm_threads_states_threads{state="terminated"} 0.0
jvm_threads_states_threads{state="timed-waiting"} 8.0
jvm_threads_states_threads{state="waiting"} 12.0
# HELP lettuce_command_completion_seconds Latency between command send and command completion (complete response received
# TYPE lettuce_command_completion_seconds summary
lettuce_command_completion_seconds_count{command="CLIENT",local="local:any",remote="localhost/127.0.0.1:6379"} 2
lettuce_command_completion_seconds_sum{command="CLIENT",local="local:any",remote="localhost/127.0.0.1:6379"} 0.009558
lettuce_command_completion_seconds_count{command="HELLO",local="local:any",remote="localhost/127.0.0.1:6379"} 1
lettuce_command_completion_seconds_sum{command="HELLO",local="local:any",remote="localhost/127.0.0.1:6379"} 0.0147674
lettuce_command_completion_seconds_count{command="INFO",local="local:any",remote="localhost/127.0.0.1:6379"} 2
lettuce_command_completion_seconds_sum{command="INFO",local="local:any",remote="localhost/127.0.0.1:6379"} 0.0018192
# HELP lettuce_command_completion_seconds_max Latency between command send and command completion (complete response received
# TYPE lettuce_command_completion_seconds_max gauge
lettuce_command_completion_seconds_max{command="CLIENT",local="local:any",remote="localhost/127.0.0.1:6379"} 0.0055556
lettuce_command_completion_seconds_max{command="HELLO",local="local:any",remote="localhost/127.0.0.1:6379"} 0.0147674
lettuce_command_completion_seconds_max{command="INFO",local="local:any",remote="localhost/127.0.0.1:6379"} 9.968E-4
# HELP lettuce_command_firstresponse_seconds Latency between command send and first response (first response received)
# TYPE lettuce_command_firstresponse_seconds summary
lettuce_command_firstresponse_seconds_count{command="CLIENT",local="local:any",remote="localhost/127.0.0.1:6379"} 2
lettuce_command_firstresponse_seconds_sum{command="CLIENT",local="local:any",remote="localhost/127.0.0.1:6379"} 0.0093024
lettuce_command_firstresponse_seconds_count{command="HELLO",local="local:any",remote="localhost/127.0.0.1:6379"} 1
lettuce_command_firstresponse_seconds_sum{command="HELLO",local="local:any",remote="localhost/127.0.0.1:6379"} 0.0071604
lettuce_command_firstresponse_seconds_count{command="INFO",local="local:any",remote="localhost/127.0.0.1:6379"} 2
lettuce_command_firstresponse_seconds_sum{command="INFO",local="local:any",remote="localhost/127.0.0.1:6379"} 0.0015552
# HELP lettuce_command_firstresponse_seconds_max Latency between command send and first response (first response received)
# TYPE lettuce_command_firstresponse_seconds_max gauge
lettuce_command_firstresponse_seconds_max{command="CLIENT",local="local:any",remote="localhost/127.0.0.1:6379"} 0.0055244
lettuce_command_firstresponse_seconds_max{command="HELLO",local="local:any",remote="localhost/127.0.0.1:6379"} 0.0071604
lettuce_command_firstresponse_seconds_max{command="INFO",local="local:any",remote="localhost/127.0.0.1:6379"} 8.078E-4
# HELP logback_events_total Number of log events that were enabled by the effective log level
# TYPE logback_events_total counter
logback_events_total{level="debug"} 0.0
logback_events_total{level="error"} 0.0
logback_events_total{level="info"} 6.0
logback_events_total{level="trace"} 0.0
logback_events_total{level="warn"} 0.0
# HELP process_cpu_time_ns_total The "cpu time" used by the Java Virtual Machine process
# TYPE process_cpu_time_ns_total counter
process_cpu_time_ns_total 5.5515625E10
# HELP process_cpu_usage The "recent cpu usage" for the Java Virtual Machine process
# TYPE process_cpu_usage gauge
process_cpu_usage 0.02750702067190013
# HELP process_start_time_seconds Start time of the process since unix epoch.
# TYPE process_start_time_seconds gauge
process_start_time_seconds 1.788771308247E9
# HELP process_uptime_seconds The uptime of the Java virtual machine
# TYPE process_uptime_seconds gauge
process_uptime_seconds 33.139
# HELP spring_data_repository_invocations_seconds Duration of repository invocations
# TYPE spring_data_repository_invocations_seconds summary
spring_data_repository_invocations_seconds_count{exception="None",method="findByStatusOrderByPublishedAtDesc",repository="PaperVersionRepository",state="SUCCESS"} 1
spring_data_repository_invocations_seconds_sum{exception="None",method="findByStatusOrderByPublishedAtDesc",repository="PaperVersionRepository",state="SUCCESS"} 0.0879216
spring_data_repository_invocations_seconds_count{exception="None",method="findByUsername",repository="UserAccountRepository",state="SUCCESS"} 3
spring_data_repository_invocations_seconds_sum{exception="None",method="findByUsername",repository="UserAccountRepository",state="SUCCESS"} 0.183398
# HELP spring_data_repository_invocations_seconds_max Duration of repository invocations
# TYPE spring_data_repository_invocations_seconds_max gauge
spring_data_repository_invocations_seconds_max{exception="None",method="findByStatusOrderByPublishedAtDesc",repository="PaperVersionRepository",state="SUCCESS"} 0.0879216
spring_data_repository_invocations_seconds_max{exception="None",method="findByUsername",repository="UserAccountRepository",state="SUCCESS"} 0.1758474
# HELP spring_kafka_template_seconds KafkaTemplate Timer
# TYPE spring_kafka_template_seconds summary
spring_kafka_template_seconds_count{exception="none",name="kafkaTemplate",result="success"} 0
spring_kafka_template_seconds_sum{exception="none",name="kafkaTemplate",result="success"} 0.0
# HELP spring_kafka_template_seconds_max KafkaTemplate Timer
# TYPE spring_kafka_template_seconds_max gauge
spring_kafka_template_seconds_max{exception="none",name="kafkaTemplate",result="success"} 0.0
# HELP spring_security_authorizations_active_seconds  
# TYPE spring_security_authorizations_active_seconds summary
spring_security_authorizations_active_seconds_count{spring_security_authentication_type="n/a",spring_security_authorization_decision="unknown",spring_security_object="method"} 0
spring_security_authorizations_active_seconds_sum{spring_security_authentication_type="n/a",spring_security_authorization_decision="unknown",spring_security_object="method"} 0.0
spring_security_authorizations_active_seconds_count{spring_security_authentication_type="n/a",spring_security_authorization_decision="unknown",spring_security_object="request"} 0
spring_security_authorizations_active_seconds_sum{spring_security_authentication_type="n/a",spring_security_authorization_decision="unknown",spring_security_object="request"} 0.0
# HELP spring_security_authorizations_active_seconds_max  
# TYPE spring_security_authorizations_active_seconds_max gauge
spring_security_authorizations_active_seconds_max{spring_security_authentication_type="n/a",spring_security_authorization_decision="unknown",spring_security_object="method"} 0.0
spring_security_authorizations_active_seconds_max{spring_security_authentication_type="n/a",spring_security_authorization_decision="unknown",spring_security_object="request"} 0.0
# HELP spring_security_authorizations_seconds  
# TYPE spring_security_authorizations_seconds summary
spring_security_authorizations_seconds_count{error="AccessDeniedException",spring_security_authentication_type="AnonymousAuthenticationToken",spring_security_authorization_decision="false",spring_security_object="request"} 1
spring_security_authorizations_seconds_sum{error="AccessDeniedException",spring_security_authentication_type="AnonymousAuthenticationToken",spring_security_authorization_decision="false",spring_security_object="request"} 0.0023342
spring_security_authorizations_seconds_count{error="none",spring_security_authentication_type="UsernamePasswordAuthenticationToken",spring_security_authorization_decision="true",spring_security_object="method"} 20
spring_security_authorizations_seconds_sum{error="none",spring_security_authentication_type="UsernamePasswordAuthenticationToken",spring_security_authorization_decision="true",spring_security_object="method"} 0.0137387
spring_security_authorizations_seconds_count{error="none",spring_security_authentication_type="UsernamePasswordAuthenticationToken",spring_security_authorization_decision="true",spring_security_object="request"} 20
spring_security_authorizations_seconds_sum{error="none",spring_security_authentication_type="UsernamePasswordAuthenticationToken",spring_security_authorization_decision="true",spring_security_object="request"} 0.0057321
spring_security_authorizations_seconds_count{error="none",spring_security_authentication_type="n/a",spring_security_authorization_decision="true",spring_security_object="request"} 4
spring_security_authorizations_seconds_sum{error="none",spring_security_authentication_type="n/a",spring_security_authorization_decision="true",spring_security_object="request"} 0.0036927
# HELP spring_security_authorizations_seconds_max  
# TYPE spring_security_authorizations_seconds_max gauge
spring_security_authorizations_seconds_max{error="AccessDeniedException",spring_security_authentication_type="AnonymousAuthenticationToken",spring_security_authorization_decision="false",spring_security_object="request"} 0.0023342
spring_security_authorizations_seconds_max{error="none",spring_security_authentication_type="UsernamePasswordAuthenticationToken",spring_security_authorization_decision="true",spring_security_object="method"} 0.009406
spring_security_authorizations_seconds_max{error="none",spring_security_authentication_type="UsernamePasswordAuthenticationToken",spring_security_authorization_decision="true",spring_security_object="request"} 9.583E-4
spring_security_authorizations_seconds_max{error="none",spring_security_authentication_type="n/a",spring_security_authorization_decision="true",spring_security_object="request"} 0.0025264
# HELP spring_security_filterchains_ApiTokenFilter_after_total  
# TYPE spring_security_filterchains_ApiTokenFilter_after_total counter
spring_security_filterchains_ApiTokenFilter_after_total{security_security_reached_filter_section="after",spring_security_filterchain_position="0",spring_security_filterchain_size="0",spring_security_reached_filter_name="none"} 24.0
# HELP spring_security_filterchains_ApiTokenFilter_before_total  
# TYPE spring_security_filterchains_ApiTokenFilter_before_total counter
spring_security_filterchains_ApiTokenFilter_before_total{security_security_reached_filter_section="before",spring_security_filterchain_position="0",spring_security_filterchain_size="0",spring_security_reached_filter_name="none"} 25.0
# HELP spring_security_filterchains_access_exceptions_after_total  
# TYPE spring_security_filterchains_access_exceptions_after_total counter
spring_security_filterchains_access_exceptions_after_total{security_security_reached_filter_section="after",spring_security_filterchain_position="0",spring_security_filterchain_size="0",spring_security_reached_filter_name="none"} 24.0
# HELP spring_security_filterchains_access_exceptions_before_total  
# TYPE spring_security_filterchains_access_exceptions_before_total counter
spring_security_filterchains_access_exceptions_before_total{security_security_reached_filter_section="before",spring_security_filterchain_position="0",spring_security_filterchain_size="0",spring_security_reached_filter_name="none"} 25.0
# HELP spring_security_filterchains_active_seconds  
# TYPE spring_security_filterchains_active_seconds summary
spring_security_filterchains_active_seconds_count{security_security_reached_filter_section="after",spring_security_filterchain_position="0",spring_security_filterchain_size="0",spring_security_reached_filter_name="none"} 0
spring_security_filterchains_active_seconds_sum{security_security_reached_filter_section="after",spring_security_filterchain_position="0",spring_security_filterchain_size="0",spring_security_reached_filter_name="none"} 0.0
spring_security_filterchains_active_seconds_count{security_security_reached_filter_section="before",spring_security_filterchain_position="0",spring_security_filterchain_size="0",spring_security_reached_filter_name="none"} 0
spring_security_filterchains_active_seconds_sum{security_security_reached_filter_section="before",spring_security_filterchain_position="0",spring_security_filterchain_size="0",spring_security_reached_filter_name="none"} 0.0
# HELP spring_security_filterchains_active_seconds_max  
# TYPE spring_security_filterchains_active_seconds_max gauge
spring_security_filterchains_active_seconds_max{security_security_reached_filter_section="after",spring_security_filterchain_position="0",spring_security_filterchain_size="0",spring_security_reached_filter_name="none"} 0.0
spring_security_filterchains_active_seconds_max{security_security_reached_filter_section="before",spring_security_filterchain_position="0",spring_security_filterchain_size="0",spring_security_reached_filter_name="none"} 0.0
# HELP spring_security_filterchains_authentication_anonymous_after_total  
# TYPE spring_security_filterchains_authentication_anonymous_after_total counter
spring_security_filterchains_authentication_anonymous_after_total{security_security_reached_filter_section="after",spring_security_filterchain_position="0",spring_security_filterchain_size="0",spring_security_reached_filter_name="none"} 24.0
# HELP spring_security_filterchains_authentication_anonymous_before_total  
# TYPE spring_security_filterchains_authentication_anonymous_before_total counter
spring_security_filterchains_authentication_anonymous_before_total{security_security_reached_filter_section="before",spring_security_filterchain_position="0",spring_security_filterchain_size="0",spring_security_reached_filter_name="none"} 25.0
# HELP spring_security_filterchains_authorization_after_total  
# TYPE spring_security_filterchains_authorization_after_total counter
spring_security_filterchains_authorization_after_total{security_security_reached_filter_section="after",spring_security_filterchain_position="0",spring_security_filterchain_size="0",spring_security_reached_filter_name="none"} 23.0
# HELP spring_security_filterchains_authorization_before_total  
# TYPE spring_security_filterchains_authorization_before_total counter
spring_security_filterchains_authorization_before_total{security_security_reached_filter_section="before",spring_security_filterchain_position="0",spring_security_filterchain_size="0",spring_security_reached_filter_name="none"} 25.0
# HELP spring_security_filterchains_context_async_after_total  
# TYPE spring_security_filterchains_context_async_after_total counter
spring_security_filterchains_context_async_after_total{security_security_reached_filter_section="after",spring_security_filterchain_position="0",spring_security_filterchain_size="0",spring_security_reached_filter_name="none"} 24.0
# HELP spring_security_filterchains_context_async_before_total  
# TYPE spring_security_filterchains_context_async_before_total counter
spring_security_filterchains_context_async_before_total{security_security_reached_filter_section="before",spring_security_filterchain_position="0",spring_security_filterchain_size="0",spring_security_reached_filter_name="none"} 25.0
# HELP spring_security_filterchains_context_holder_after_total  
# TYPE spring_security_filterchains_context_holder_after_total counter
spring_security_filterchains_context_holder_after_total{security_security_reached_filter_section="after",spring_security_filterchain_position="0",spring_security_filterchain_size="0",spring_security_reached_filter_name="none"} 24.0
# HELP spring_security_filterchains_context_holder_before_total  
# TYPE spring_security_filterchains_context_holder_before_total counter
spring_security_filterchains_context_holder_before_total{security_security_reached_filter_section="before",spring_security_filterchain_position="0",spring_security_filterchain_size="0",spring_security_reached_filter_name="none"} 25.0
# HELP spring_security_filterchains_context_servlet_after_total  
# TYPE spring_security_filterchains_context_servlet_after_total counter
spring_security_filterchains_context_servlet_after_total{security_security_reached_filter_section="after",spring_security_filterchain_position="0",spring_security_filterchain_size="0",spring_security_reached_filter_name="none"} 24.0
# HELP spring_security_filterchains_context_servlet_before_total  
# TYPE spring_security_filterchains_context_servlet_before_total counter
spring_security_filterchains_context_servlet_before_total{security_security_reached_filter_section="before",spring_security_filterchain_position="0",spring_security_filterchain_size="0",spring_security_reached_filter_name="none"} 25.0
# HELP spring_security_filterchains_header_after_total  
# TYPE spring_security_filterchains_header_after_total counter
spring_security_filterchains_header_after_total{security_security_reached_filter_section="after",spring_security_filterchain_position="0",spring_security_filterchain_size="0",spring_security_reached_filter_name="none"} 24.0
# HELP spring_security_filterchains_header_before_total  
# TYPE spring_security_filterchains_header_before_total counter
spring_security_filterchains_header_before_total{security_security_reached_filter_section="before",spring_security_filterchain_position="0",spring_security_filterchain_size="0",spring_security_reached_filter_name="none"} 25.0
# HELP spring_security_filterchains_logout_after_total  
# TYPE spring_security_filterchains_logout_after_total counter
spring_security_filterchains_logout_after_total{security_security_reached_filter_section="after",spring_security_filterchain_position="0",spring_security_filterchain_size="0",spring_security_reached_filter_name="none"} 24.0
# HELP spring_security_filterchains_logout_before_total  
# TYPE spring_security_filterchains_logout_before_total counter
spring_security_filterchains_logout_before_total{security_security_reached_filter_section="before",spring_security_filterchain_position="0",spring_security_filterchain_size="0",spring_security_reached_filter_name="none"} 25.0
# HELP spring_security_filterchains_requestcache_after_total  
# TYPE spring_security_filterchains_requestcache_after_total counter
spring_security_filterchains_requestcache_after_total{security_security_reached_filter_section="after",spring_security_filterchain_position="0",spring_security_filterchain_size="0",spring_security_reached_filter_name="none"} 24.0
# HELP spring_security_filterchains_requestcache_before_total  
# TYPE spring_security_filterchains_requestcache_before_total counter
spring_security_filterchains_requestcache_before_total{security_security_reached_filter_section="before",spring_security_filterchain_position="0",spring_security_filterchain_size="0",spring_security_reached_filter_name="none"} 25.0
# HELP spring_security_filterchains_seconds  
# TYPE spring_security_filterchains_seconds summary
spring_security_filterchains_seconds_count{error="none",security_security_reached_filter_section="after",spring_security_filterchain_position="12",spring_security_filterchain_size="12",spring_security_reached_filter_name="DisableEncodeUrlFilter"} 24
spring_security_filterchains_seconds_sum{error="none",security_security_reached_filter_section="after",spring_security_filterchain_position="12",spring_security_filterchain_size="12",spring_security_reached_filter_name="DisableEncodeUrlFilter"} 0.0144579
spring_security_filterchains_seconds_count{error="none",security_security_reached_filter_section="before",spring_security_filterchain_position="12",spring_security_filterchain_size="12",spring_security_reached_filter_name="AuthorizationFilter"} 25
spring_security_filterchains_seconds_sum{error="none",security_security_reached_filter_section="before",spring_security_filterchain_position="12",spring_security_filterchain_size="12",spring_security_reached_filter_name="AuthorizationFilter"} 0.0690057
# HELP spring_security_filterchains_seconds_max  
# TYPE spring_security_filterchains_seconds_max gauge
spring_security_filterchains_seconds_max{error="none",security_security_reached_filter_section="after",spring_security_filterchain_position="12",spring_security_filterchain_size="12",spring_security_reached_filter_name="DisableEncodeUrlFilter"} 0.0030289
spring_security_filterchains_seconds_max{error="none",security_security_reached_filter_section="before",spring_security_filterchain_position="12",spring_security_filterchain_size="12",spring_security_reached_filter_name="AuthorizationFilter"} 0.0399769
# HELP spring_security_filterchains_session_management_after_total  
# TYPE spring_security_filterchains_session_management_after_total counter
spring_security_filterchains_session_management_after_total{security_security_reached_filter_section="after",spring_security_filterchain_position="0",spring_security_filterchain_size="0",spring_security_reached_filter_name="none"} 24.0
# HELP spring_security_filterchains_session_management_before_total  
# TYPE spring_security_filterchains_session_management_before_total counter
spring_security_filterchains_session_management_before_total{security_security_reached_filter_section="before",spring_security_filterchain_position="0",spring_security_filterchain_size="0",spring_security_reached_filter_name="none"} 25.0
# HELP spring_security_filterchains_session_urlencoding_after_total  
# TYPE spring_security_filterchains_session_urlencoding_after_total counter
spring_security_filterchains_session_urlencoding_after_total{security_security_reached_filter_section="after",spring_security_filterchain_position="0",spring_security_filterchain_size="0",spring_security_reached_filter_name="none"} 24.0
# HELP spring_security_filterchains_session_urlencoding_before_total  
# TYPE spring_security_filterchains_session_urlencoding_before_total counter
spring_security_filterchains_session_urlencoding_before_total{security_security_reached_filter_section="before",spring_security_filterchain_position="0",spring_security_filterchain_size="0",spring_security_reached_filter_name="none"} 25.0
# HELP spring_security_http_secured_requests_active_seconds  
# TYPE spring_security_http_secured_requests_active_seconds summary
spring_security_http_secured_requests_active_seconds_count 1
spring_security_http_secured_requests_active_seconds_sum 1.7294353
# HELP spring_security_http_secured_requests_active_seconds_max  
# TYPE spring_security_http_secured_requests_active_seconds_max gauge
spring_security_http_secured_requests_active_seconds_max 1.7294391
# HELP spring_security_http_secured_requests_seconds  
# TYPE spring_security_http_secured_requests_seconds summary
spring_security_http_secured_requests_seconds_count{error="none"} 23
spring_security_http_secured_requests_seconds_sum{error="none"} 1.20489
# HELP spring_security_http_secured_requests_seconds_max  
# TYPE spring_security_http_secured_requests_seconds_max gauge
spring_security_http_secured_requests_seconds_max{error="none"} 0.6953219
# HELP system_cpu_count The number of processors available to the Java virtual machine
# TYPE system_cpu_count gauge
system_cpu_count 32.0
# HELP system_cpu_usage The "recent cpu usage" of the system the application is running in
# TYPE system_cpu_usage gauge
system_cpu_usage -1.0
# HELP tomcat_sessions_active_current_sessions  
# TYPE tomcat_sessions_active_current_sessions gauge
tomcat_sessions_active_current_sessions 0.0
# HELP tomcat_sessions_active_max_sessions  
# TYPE tomcat_sessions_active_max_sessions gauge
tomcat_sessions_active_max_sessions 0.0
# HELP tomcat_sessions_alive_max_seconds  
# TYPE tomcat_sessions_alive_max_seconds gauge
tomcat_sessions_alive_max_seconds 0.0
# HELP tomcat_sessions_created_sessions_total  
# TYPE tomcat_sessions_created_sessions_total counter
tomcat_sessions_created_sessions_total 0.0
# HELP tomcat_sessions_expired_sessions_total  
# TYPE tomcat_sessions_expired_sessions_total counter
tomcat_sessions_expired_sessions_total 0.0
# HELP tomcat_sessions_rejected_sessions_total  
# TYPE tomcat_sessions_rejected_sessions_total counter
tomcat_sessions_rejected_sessions_total 0.0
