[INFO] Scanning for projects...
[INFO] ------------------------------------------------------------------------
[INFO] Reactor Build Order:
[INFO] 
[INFO] question-bank-parent                                               [pom]
[INFO] monitor-spring-boot-starter                                        [jar]
[INFO] question-bank-m0                                                   [jar]
[INFO] 
[INFO] -------------------< com.allen:question-bank-parent >-------------------
[INFO] Building question-bank-parent 0.1.0-SNAPSHOT                       [1/3]
[INFO]   from pom.xml
[INFO] --------------------------------[ pom ]---------------------------------
[INFO] 
[INFO] ---------------< com.allen:monitor-spring-boot-starter >----------------
[INFO] Building monitor-spring-boot-starter 0.1.0-SNAPSHOT                [2/3]
[INFO]   from monitor-starter\pom.xml
[INFO] --------------------------------[ jar ]---------------------------------
[INFO] 
[INFO] --- resources:3.3.1:resources (default-resources) @ monitor-spring-boot-starter ---
[INFO] Copying 0 resource from src\main\resources to target\classes
[INFO] Copying 1 resource from src\main\resources to target\classes
[INFO] 
[INFO] --- compiler:3.13.0:compile (default-compile) @ monitor-spring-boot-starter ---
[INFO] Nothing to compile - all classes are up to date.
[INFO] 
[INFO] --- resources:3.3.1:testResources (default-testResources) @ monitor-spring-boot-starter ---
[INFO] skip non existing resourceDirectory C:\Project\QuestionBank\monitor-starter\src\test\resources
[INFO] 
[INFO] --- compiler:3.13.0:testCompile (default-testCompile) @ monitor-spring-boot-starter ---
[INFO] Nothing to compile - all classes are up to date.
[INFO] 
[INFO] --- surefire:3.5.3:test (default-test) @ monitor-spring-boot-starter ---
[INFO] 
[INFO] ---------------------< com.allen:question-bank-m0 >---------------------
[INFO] Building question-bank-m0 0.1.0-SNAPSHOT                           [3/3]
[INFO]   from app\pom.xml
[INFO] --------------------------------[ jar ]---------------------------------
[INFO] 
[INFO] --- jacoco:0.8.12:prepare-agent (prepare-agent) @ question-bank-m0 ---
[INFO] argLine set to -javaagent:C:\\Users\\Allen\\.m2\\repository\\org\\jacoco\\org.jacoco.agent\\0.8.12\\org.jacoco.agent-0.8.12-runtime.jar=destfile=C:\\Project\\QuestionBank\\app\\target\\jacoco.exec
[INFO] 
[INFO] --- resources:3.3.1:resources (default-resources) @ question-bank-m0 ---
[INFO] Copying 2 resources from src\main\resources to target\classes
[INFO] Copying 6 resources from src\main\resources to target\classes
[INFO] 
[INFO] --- compiler:3.13.0:compile (default-compile) @ question-bank-m0 ---
[INFO] Nothing to compile - all classes are up to date.
[INFO] 
[INFO] --- resources:3.3.1:testResources (default-testResources) @ question-bank-m0 ---
[INFO] Copying 5 resources from src\test\resources to target\test-classes
[INFO] 
[INFO] --- compiler:3.13.0:testCompile (default-testCompile) @ question-bank-m0 ---
[INFO] Nothing to compile - all classes are up to date.
[INFO] 
[INFO] --- surefire:3.5.3:test (default-test) @ question-bank-m0 ---
[INFO] Using auto detected provider org.apache.maven.surefire.junitplatform.JUnitPlatformProvider
[INFO] 
[INFO] -------------------------------------------------------
[INFO]  T E S T S
[INFO] -------------------------------------------------------
[INFO] Running com.allen.questionbank.sharding.ShardingEvidenceTest
[evidence-setup] 8 张分片物理表 + 2 张广播表已重建（主键无 AUTO_INCREMENT，submission_item 冗余 student_id，FK 移除）
19:45:11.838 [main] INFO com.zaxxer.hikari.HikariDataSource -- HikariPool-1 - Starting...
19:45:12.579 [main] INFO com.zaxxer.hikari.pool.HikariPool -- HikariPool-1 - Added connection conn0: url=jdbc:h2:mem:config user=SA
19:45:12.595 [main] INFO com.zaxxer.hikari.HikariDataSource -- HikariPool-1 - Start completed.
19:45:12.748 [main] INFO com.zaxxer.hikari.HikariDataSource -- HikariPool-2 - Starting...
19:45:12.769 [main] INFO com.zaxxer.hikari.pool.HikariPool -- HikariPool-2 - Added connection com.mysql.cj.jdbc.ConnectionImpl@74a15f4
19:45:12.769 [main] INFO com.zaxxer.hikari.HikariDataSource -- HikariPool-2 - Start completed.
[ERROR] Tests run: 1, Failures: 0, Errors: 1, Skipped: 0, Time elapsed: 5.807 s <<< FAILURE! -- in com.allen.questionbank.sharding.ShardingEvidenceTest
[ERROR] com.allen.questionbank.sharding.ShardingEvidenceTest -- Time elapsed: 5.807 s <<< ERROR!
org.apache.shardingsphere.infra.algorithm.core.exception.AlgorithmInitializationException: Algorithm 'Object.'MOD' initialization failed, reason is: `practice_session` tables sharding configuration can not use auto sharding algorithm..
	at org.apache.shardingsphere.sharding.rule.ShardingRule.lambda$checkManualShardingAlgorithm$15(ShardingRule.java:199)
	at org.apache.shardingsphere.infra.exception.core.ShardingSpherePreconditions.checkState(ShardingSpherePreconditions.java:44)
	at org.apache.shardingsphere.sharding.rule.ShardingRule.checkManualShardingAlgorithm(ShardingRule.java:198)
	at org.apache.shardingsphere.sharding.rule.ShardingRule.lambda$createShardingTable$13(ShardingRule.java:191)
	at java.base/java.util.Optional.ifPresent(Optional.java:178)
	at org.apache.shardingsphere.sharding.rule.ShardingRule.createShardingTable(ShardingRule.java:191)
	at org.apache.shardingsphere.sharding.rule.ShardingRule.lambda$createShardingTables$11(ShardingRule.java:186)
	at java.base/java.util.stream.ReferencePipeline$3$1.accept(ReferencePipeline.java:197)
	at java.base/java.util.LinkedList$LLSpliterator.forEachRemaining(LinkedList.java:1249)
	at java.base/java.util.stream.AbstractPipeline.copyInto(AbstractPipeline.java:509)
	at java.base/java.util.stream.AbstractPipeline.wrapAndCopyInto(AbstractPipeline.java:499)
	at java.base/java.util.stream.ReduceOps$ReduceOp.evaluateSequential(ReduceOps.java:921)
	at java.base/java.util.stream.AbstractPipeline.evaluate(AbstractPipeline.java:234)
	at java.base/java.util.stream.ReferencePipeline.collect(ReferencePipeline.java:682)
	at org.apache.shardingsphere.sharding.rule.ShardingRule.createShardingTables(ShardingRule.java:187)
	at org.apache.shardingsphere.sharding.rule.ShardingRule.<init>(ShardingRule.java:126)
	at org.apache.shardingsphere.sharding.rule.builder.ShardingRuleBuilder.build(ShardingRuleBuilder.java:42)
	at org.apache.shardingsphere.sharding.rule.builder.ShardingRuleBuilder.build(ShardingRuleBuilder.java:36)
	at org.apache.shardingsphere.infra.rule.builder.database.DatabaseRulesBuilder.build(DatabaseRulesBuilder.java:69)
	at org.apache.shardingsphere.infra.metadata.database.ShardingSphereDatabase.create(ShardingSphereDatabase.java:104)
	at org.apache.shardingsphere.mode.metadata.factory.ExternalMetaDataFactory.createGenericDatabases(ExternalMetaDataFactory.java:83)
	at org.apache.shardingsphere.mode.metadata.factory.ExternalMetaDataFactory.create(ExternalMetaDataFactory.java:71)
	at org.apache.shardingsphere.mode.metadata.MetaDataContextsFactory.createByLocal(MetaDataContextsFactory.java:83)
	at org.apache.shardingsphere.mode.metadata.MetaDataContextsFactory.create(MetaDataContextsFactory.java:72)
	at org.apache.shardingsphere.mode.manager.standalone.StandaloneContextManagerBuilder.build(StandaloneContextManagerBuilder.java:51)
	at org.apache.shardingsphere.driver.jdbc.core.datasource.ShardingSphereDataSource.createContextManager(ShardingSphereDataSource.java:74)
	at org.apache.shardingsphere.driver.jdbc.core.datasource.ShardingSphereDataSource.<init>(ShardingSphereDataSource.java:63)
	at org.apache.shardingsphere.driver.api.ShardingSphereDataSourceFactory.createDataSource(ShardingSphereDataSourceFactory.java:95)
	at org.apache.shardingsphere.driver.api.yaml.YamlShardingSphereDataSourceFactory.createDataSource(YamlShardingSphereDataSourceFactory.java:136)
	at org.apache.shardingsphere.driver.api.yaml.YamlShardingSphereDataSourceFactory.createDataSource(YamlShardingSphereDataSourceFactory.java:71)
	at com.allen.questionbank.sharding.ShardingEvidenceTest.buildShardingDataSource(ShardingEvidenceTest.java:147)
	at com.allen.questionbank.sharding.ShardingEvidenceTest.init(ShardingEvidenceTest.java:70)
	at java.base/java.lang.reflect.Method.invoke(Method.java:580)
	at java.base/java.util.ArrayList.forEach(ArrayList.java:1596)

[INFO] 
[INFO] Results:
[INFO] 
[ERROR] Errors: 
[ERROR]   ShardingEvidenceTest.init:70->buildShardingDataSource:147 ? AlgorithmInitialization Algorithm 'Object.'MOD' initialization failed, reason is: `practice_session` tables sharding configuration can not use auto sharding algorithm..
[INFO] 
[ERROR] Tests run: 1, Failures: 0, Errors: 1, Skipped: 0
[INFO] 
[INFO] ------------------------------------------------------------------------
[INFO] Reactor Summary for question-bank-parent 0.1.0-SNAPSHOT:
[INFO] 
[INFO] question-bank-parent ............................... SUCCESS [  0.002 s]
[INFO] monitor-spring-boot-starter ........................ SUCCESS [  1.367 s]
[INFO] question-bank-m0 ................................... FAILURE [ 13.890 s]
[INFO] ------------------------------------------------------------------------
[INFO] BUILD FAILURE
[INFO] ------------------------------------------------------------------------
[INFO] Total time:  15.699 s
[INFO] Finished at: 2026-09-08T19:45:15+08:00
[INFO] ------------------------------------------------------------------------
[ERROR] Failed to execute goal org.apache.maven.plugins:maven-surefire-plugin:3.5.3:test (default-test) on project question-bank-m0: 
[ERROR] 
[ERROR] See C:\Project\QuestionBank\app\target\surefire-reports for the individual test results.
[ERROR] See dump files (if any exist) [date].dump, [date]-jvmRun[N].dump and [date].dumpstream.
[ERROR] -> [Help 1]
[ERROR] 
[ERROR] To see the full stack trace of the errors, re-run Maven with the -e switch.
[ERROR] Re-run Maven using the -X switch to enable full debug logging.
[ERROR] 
[ERROR] For more information about the errors and possible solutions, please read the following articles:
[ERROR] [Help 1] http://cwiki.apache.org/confluence/display/MAVEN/MojoFailureException
[ERROR] 
[ERROR] After correcting the problems, you can resume the build with the command
[ERROR]   mvn <args> -rf :question-bank-m0
