
  .   ____          _            __ _ _
 /\\ / ___'_ __ _ _(_)_ __  __ _ \ \ \ \
( ( )\___ | '_ | '_| | '_ \/ _` | \ \ \ \
 \\/  ___)| |_)| | | | | || (_| |  ) ) ) )
  '  |____| .__|_| |_|_| |_\__, | / / / /
 =========|_|==============|___/=/_/_/_/

 :: Spring Boot ::                (v3.4.5)

2026-09-09 22:44:28.872 INFO  [background-preinit] [] o.h.validator.internal.util.Version - HV000001: Hibernate Validator 8.0.2.Final
2026-09-09 22:44:28.929 INFO  [main] [] c.a.questionbank.QuestionBankApplication - Starting QuestionBankApplication v0.1.0-SNAPSHOT using Java 21.0.12 with PID 99964 (C:\Project\QuestionBank\deploy\question-bank-app.jar started by Allen in C:\Project\QuestionBank)
2026-09-09 22:44:28.930 INFO  [main] [] c.a.questionbank.QuestionBankApplication - No active profile set, falling back to 1 default profile: "default"
2026-09-09 22:44:30.206 INFO  [main] [] o.s.d.r.c.RepositoryConfigurationDelegate - Multiple Spring Data modules found, entering strict repository configuration mode
2026-09-09 22:44:30.208 INFO  [main] [] o.s.d.r.c.RepositoryConfigurationDelegate - Bootstrapping Spring Data JPA repositories in DEFAULT mode.
2026-09-09 22:44:30.364 INFO  [main] [] o.s.d.r.c.RepositoryConfigurationDelegate - Finished Spring Data repository scanning in 147 ms. Found 10 JPA repository interfaces.
2026-09-09 22:44:30.383 INFO  [main] [] o.s.d.r.c.RepositoryConfigurationDelegate - Multiple Spring Data modules found, entering strict repository configuration mode
2026-09-09 22:44:30.385 INFO  [main] [] o.s.d.r.c.RepositoryConfigurationDelegate - Bootstrapping Spring Data Redis repositories in DEFAULT mode.
2026-09-09 22:44:30.405 INFO  [main] [] o.s.d.r.c.RepositoryConfigurationExtensionSupport - Spring Data Redis - Could not safely identify store assignment for repository candidate interface com.allen.questionbank.auth.UserAccountRepository; If you want this repository to be a Redis repository, consider annotating your entities with one of these annotations: org.springframework.data.redis.core.RedisHash (preferred), or consider extending one of the following types with your repository: org.springframework.data.keyvalue.repository.KeyValueRepository
2026-09-09 22:44:30.406 INFO  [main] [] o.s.d.r.c.RepositoryConfigurationExtensionSupport - Spring Data Redis - Could not safely identify store assignment for repository candidate interface com.allen.questionbank.bank.PaperVersionRepository; If you want this repository to be a Redis repository, consider annotating your entities with one of these annotations: org.springframework.data.redis.core.RedisHash (preferred), or consider extending one of the following types with your repository: org.springframework.data.keyvalue.repository.KeyValueRepository
2026-09-09 22:44:30.406 INFO  [main] [] o.s.d.r.c.RepositoryConfigurationExtensionSupport - Spring Data Redis - Could not safely identify store assignment for repository candidate interface com.allen.questionbank.bank.QuestionBankRepository; If you want this repository to be a Redis repository, consider annotating your entities with one of these annotations: org.springframework.data.redis.core.RedisHash (preferred), or consider extending one of the following types with your repository: org.springframework.data.keyvalue.repository.KeyValueRepository
2026-09-09 22:44:30.406 INFO  [main] [] o.s.d.r.c.RepositoryConfigurationExtensionSupport - Spring Data Redis - Could not safely identify store assignment for repository candidate interface com.allen.questionbank.bank.QuestionVersionRepository; If you want this repository to be a Redis repository, consider annotating your entities with one of these annotations: org.springframework.data.redis.core.RedisHash (preferred), or consider extending one of the following types with your repository: org.springframework.data.keyvalue.repository.KeyValueRepository
2026-09-09 22:44:30.406 INFO  [main] [] o.s.d.r.c.RepositoryConfigurationExtensionSupport - Spring Data Redis - Could not safely identify store assignment for repository candidate interface com.allen.questionbank.event.ConsumedEventRepository; If you want this repository to be a Redis repository, consider annotating your entities with one of these annotations: org.springframework.data.redis.core.RedisHash (preferred), or consider extending one of the following types with your repository: org.springframework.data.keyvalue.repository.KeyValueRepository
2026-09-09 22:44:30.407 INFO  [main] [] o.s.d.r.c.RepositoryConfigurationExtensionSupport - Spring Data Redis - Could not safely identify store assignment for repository candidate interface com.allen.questionbank.event.OutboxEventRepository; If you want this repository to be a Redis repository, consider annotating your entities with one of these annotations: org.springframework.data.redis.core.RedisHash (preferred), or consider extending one of the following types with your repository: org.springframework.data.keyvalue.repository.KeyValueRepository
2026-09-09 22:44:30.407 INFO  [main] [] o.s.d.r.c.RepositoryConfigurationExtensionSupport - Spring Data Redis - Could not safely identify store assignment for repository candidate interface com.allen.questionbank.importjob.ImportJobRepository; If you want this repository to be a Redis repository, consider annotating your entities with one of these annotations: org.springframework.data.redis.core.RedisHash (preferred), or consider extending one of the following types with your repository: org.springframework.data.keyvalue.repository.KeyValueRepository
2026-09-09 22:44:30.407 INFO  [main] [] o.s.d.r.c.RepositoryConfigurationExtensionSupport - Spring Data Redis - Could not safely identify store assignment for repository candidate interface com.allen.questionbank.practice.PracticeSessionRepository; If you want this repository to be a Redis repository, consider annotating your entities with one of these annotations: org.springframework.data.redis.core.RedisHash (preferred), or consider extending one of the following types with your repository: org.springframework.data.keyvalue.repository.KeyValueRepository
2026-09-09 22:44:30.407 INFO  [main] [] o.s.d.r.c.RepositoryConfigurationExtensionSupport - Spring Data Redis - Could not safely identify store assignment for repository candidate interface com.allen.questionbank.practice.SubmissionItemRepository; If you want this repository to be a Redis repository, consider annotating your entities with one of these annotations: org.springframework.data.redis.core.RedisHash (preferred), or consider extending one of the following types with your repository: org.springframework.data.keyvalue.repository.KeyValueRepository
2026-09-09 22:44:30.407 INFO  [main] [] o.s.d.r.c.RepositoryConfigurationExtensionSupport - Spring Data Redis - Could not safely identify store assignment for repository candidate interface com.allen.questionbank.practice.WrongQuestionRepository; If you want this repository to be a Redis repository, consider annotating your entities with one of these annotations: org.springframework.data.redis.core.RedisHash (preferred), or consider extending one of the following types with your repository: org.springframework.data.keyvalue.repository.KeyValueRepository
2026-09-09 22:44:30.407 INFO  [main] [] o.s.d.r.c.RepositoryConfigurationDelegate - Finished Spring Data repository scanning in 9 ms. Found 0 Redis repository interfaces.
2026-09-09 22:44:33.410 INFO  [main] [] o.s.b.w.embedded.tomcat.TomcatWebServer - Tomcat initialized with port 8082 (http)
2026-09-09 22:44:33.427 INFO  [main] [] o.apache.coyote.http11.Http11NioProtocol - Initializing ProtocolHandler ["http-nio-8082"]
2026-09-09 22:44:33.429 INFO  [main] [] o.apache.catalina.core.StandardService - Starting service [Tomcat]
2026-09-09 22:44:33.429 INFO  [main] [] org.apache.catalina.core.StandardEngine - Starting Servlet engine: [Apache Tomcat/10.1.40]
2026-09-09 22:44:33.487 INFO  [main] [] o.a.c.c.C.[Tomcat].[localhost].[/] - Initializing Spring embedded WebApplicationContext
2026-09-09 22:44:33.488 INFO  [main] [] o.s.b.w.s.c.ServletWebServerApplicationContext - Root WebApplicationContext: initialization completed in 4514 ms
2026-09-09 22:44:37.463 INFO  [main] [] com.zaxxer.hikari.HikariDataSource - HikariPool-1 - Starting...
2026-09-09 22:44:37.749 INFO  [main] [] com.zaxxer.hikari.pool.HikariPool - HikariPool-1 - Added connection com.mysql.cj.jdbc.ConnectionImpl@74e175c7
2026-09-09 22:44:37.751 INFO  [main] [] com.zaxxer.hikari.HikariDataSource - HikariPool-1 - Start completed.
2026-09-09 22:44:37.819 INFO  [main] [] org.flywaydb.core.FlywayExecutor - Database: jdbc:mysql://127.0.0.1:3306/question_bank?useSSL=false&allowPublicKeyRetrieval=true&serverTimezone=UTC&rewriteBatchedStatements=true&createDatabaseIfNotExist=true (MySQL 9.0)
2026-09-09 22:44:37.836 WARN  [main] [] o.f.core.internal.database.base.Database - Flyway upgrade recommended: MySQL 9.0 is newer than this version of Flyway and support has not been tested. The latest supported version of MySQL is 8.1.
2026-09-09 22:44:37.907 INFO  [main] [] o.f.core.internal.command.DbValidate - Successfully validated 4 migrations (execution time 00:00.056s)
2026-09-09 22:44:37.922 INFO  [main] [] o.f.core.internal.command.DbMigrate - Current version of schema `question_bank`: 4
2026-09-09 22:44:37.925 INFO  [main] [] o.f.core.internal.command.DbMigrate - Schema `question_bank` is up to date. No migration necessary.
2026-09-09 22:44:38.143 INFO  [main] [] o.hibernate.jpa.internal.util.LogHelper - HHH000204: Processing PersistenceUnitInfo [name: default]
2026-09-09 22:44:38.222 INFO  [main] [] org.hibernate.Version - HHH000412: Hibernate ORM core version 6.6.13.Final
2026-09-09 22:44:38.253 INFO  [main] [] o.h.c.internal.RegionFactoryInitiator - HHH000026: Second-level cache disabled
2026-09-09 22:44:38.613 INFO  [main] [] o.s.o.j.p.SpringPersistenceUnitInfo - No LoadTimeWeaver setup: ignoring JPA class transformer
2026-09-09 22:44:38.745 INFO  [main] [] org.hibernate.orm.connections.pooling - HHH10001005: Database info:
	Database JDBC URL [Connecting through datasource 'HikariDataSource (HikariPool-1)']
	Database driver: undefined/unknown
	Database version: 9.0.1
	Autocommit mode: undefined/unknown
	Isolation level: undefined/unknown
	Minimum pool size: undefined/unknown
	Maximum pool size: undefined/unknown
2026-09-09 22:44:40.268 INFO  [main] [] o.h.e.t.j.p.i.JtaPlatformInitiator - HHH000489: No JTA platform available (set 'hibernate.transaction.jta.platform' to enable JTA platform integration)
2026-09-09 22:44:40.313 INFO  [main] [] o.s.o.j.LocalContainerEntityManagerFactoryBean - Initialized JPA EntityManagerFactory for persistence unit 'default'
2026-09-09 22:44:42.139 INFO  [main] [] o.s.d.j.r.query.QueryEnhancerFactory - Hibernate is in classpath; If applicable, HQL parser will be used.
2026-09-09 22:44:45.839 INFO  [main] [] o.s.s.c.a.a.c.InitializeUserDetailsBeanManagerConfigurer$InitializeUserDetailsManagerConfigurer - Global AuthenticationManager configured with UserDetailsService bean with name unusedFormLoginUserDetailsService
2026-09-09 22:44:47.376 INFO  [main] [] o.s.b.a.e.web.EndpointLinksResolver - Exposing 4 endpoints beneath base path '/actuator'
2026-09-09 22:44:48.910 INFO  [main] [] o.apache.coyote.http11.Http11NioProtocol - Starting ProtocolHandler ["http-nio-8082"]
2026-09-09 22:44:48.935 INFO  [main] [] o.s.b.w.embedded.tomcat.TomcatWebServer - Tomcat started on port 8082 (http) with context path '/'
2026-09-09 22:44:48.965 INFO  [main] [] c.a.questionbank.QuestionBankApplication - Started QuestionBankApplication in 20.492 seconds (process running for 21.017)
2026-09-09 22:44:49.256 INFO  [http-nio-8082-exec-1] [] o.a.c.c.C.[Tomcat].[localhost].[/] - Initializing Spring DispatcherServlet 'dispatcherServlet'
2026-09-09 22:44:49.256 INFO  [http-nio-8082-exec-1] [] o.s.web.servlet.DispatcherServlet - Initializing Servlet 'dispatcherServlet'
2026-09-09 22:44:49.257 INFO  [http-nio-8082-exec-1] [] o.s.web.servlet.DispatcherServlet - Completed initialization in 1 ms
2026-09-09 22:44:53.826 WARN  [http-nio-8082-exec-6] [6fe87d18-9247-4f6c-8d82-0c6b48d6c330] c.a.q.ops.ServiceLatencyAspect - 慢调用 TokenService.issue(..) 耗时 557 ms
2026-09-09 22:44:53.826 WARN  [http-nio-8082-exec-3] [8db30be5-655f-49a1-97f8-2afd5d073166] c.a.q.ops.ServiceLatencyAspect - 慢调用 TokenService.issue(..) 耗时 559 ms
2026-09-09 22:44:53.826 WARN  [http-nio-8082-exec-1] [c6db0bcb-fef3-4c94-9fcf-063fb0d603c6] c.a.q.ops.ServiceLatencyAspect - 慢调用 TokenService.issue(..) 耗时 514 ms
2026-09-09 22:44:53.827 WARN  [http-nio-8082-exec-6] [6fe87d18-9247-4f6c-8d82-0c6b48d6c330] c.a.q.ops.ServiceLatencyAspect - 慢调用 AuthService.login(..) 耗时 695 ms
2026-09-09 22:44:53.826 WARN  [http-nio-8082-exec-7] [6d2ea56f-d7b5-42d6-bd5a-cf16dffcde6a] c.a.q.ops.ServiceLatencyAspect - 慢调用 TokenService.issue(..) 耗时 550 ms
2026-09-09 22:44:53.826 WARN  [http-nio-8082-exec-5] [f423e10b-9a2d-4e0c-b85c-30f47b723641] c.a.q.ops.ServiceLatencyAspect - 慢调用 TokenService.issue(..) 耗时 552 ms
2026-09-09 22:44:53.827 WARN  [http-nio-8082-exec-7] [6d2ea56f-d7b5-42d6-bd5a-cf16dffcde6a] c.a.q.ops.ServiceLatencyAspect - 慢调用 AuthService.login(..) 耗时 668 ms
2026-09-09 22:44:53.826 WARN  [http-nio-8082-exec-8] [b703108e-1ed8-4ccc-9fc8-0f5d7b1bf5b4] c.a.q.ops.ServiceLatencyAspect - 慢调用 TokenService.issue(..) 耗时 528 ms
2026-09-09 22:44:53.826 WARN  [http-nio-8082-exec-10] [45683d9d-0f83-4ca0-bcde-e9580ccfe6cc] c.a.q.ops.ServiceLatencyAspect - 慢调用 TokenService.issue(..) 耗时 529 ms
2026-09-09 22:44:53.826 WARN  [http-nio-8082-exec-2] [805e97cb-4762-4269-a75f-55ed774f138a] c.a.q.ops.ServiceLatencyAspect - 慢调用 TokenService.issue(..) 耗时 559 ms
2026-09-09 22:44:53.826 WARN  [http-nio-8082-exec-4] [77b61666-ce5e-4afb-a6a0-b37cc32ebfe4] c.a.q.ops.ServiceLatencyAspect - 慢调用 TokenService.issue(..) 耗时 556 ms
2026-09-09 22:44:53.826 WARN  [http-nio-8082-exec-9] [62bb985e-5761-4790-b8aa-6d5609099467] c.a.q.ops.ServiceLatencyAspect - 慢调用 TokenService.issue(..) 耗时 551 ms
2026-09-09 22:44:53.827 WARN  [http-nio-8082-exec-3] [8db30be5-655f-49a1-97f8-2afd5d073166] c.a.q.ops.ServiceLatencyAspect - 慢调用 AuthService.login(..) 耗时 701 ms
2026-09-09 22:44:53.827 WARN  [http-nio-8082-exec-9] [62bb985e-5761-4790-b8aa-6d5609099467] c.a.q.ops.ServiceLatencyAspect - 慢调用 AuthService.login(..) 耗时 667 ms
2026-09-09 22:44:53.827 WARN  [http-nio-8082-exec-1] [c6db0bcb-fef3-4c94-9fcf-063fb0d603c6] c.a.q.ops.ServiceLatencyAspect - 慢调用 AuthService.login(..) 耗时 580 ms
2026-09-09 22:44:53.827 WARN  [http-nio-8082-exec-5] [f423e10b-9a2d-4e0c-b85c-30f47b723641] c.a.q.ops.ServiceLatencyAspect - 慢调用 AuthService.login(..) 耗时 694 ms
2026-09-09 22:44:53.827 WARN  [http-nio-8082-exec-8] [b703108e-1ed8-4ccc-9fc8-0f5d7b1bf5b4] c.a.q.ops.ServiceLatencyAspect - 慢调用 AuthService.login(..) 耗时 594 ms
2026-09-09 22:44:53.827 WARN  [http-nio-8082-exec-10] [45683d9d-0f83-4ca0-bcde-e9580ccfe6cc] c.a.q.ops.ServiceLatencyAspect - 慢调用 AuthService.login(..) 耗时 593 ms
2026-09-09 22:44:53.827 WARN  [http-nio-8082-exec-2] [805e97cb-4762-4269-a75f-55ed774f138a] c.a.q.ops.ServiceLatencyAspect - 慢调用 AuthService.login(..) 耗时 702 ms
2026-09-09 22:44:53.827 WARN  [http-nio-8082-exec-4] [77b61666-ce5e-4afb-a6a0-b37cc32ebfe4] c.a.q.ops.ServiceLatencyAspect - 慢调用 AuthService.login(..) 耗时 696 ms
2026-09-09 22:45:00.179 WARN  [http-nio-8082-exec-25] [eec3c463-f696-47ce-bf58-d9c3e1713171] c.a.q.ops.ServiceLatencyAspect - 慢调用 AuthService.login(..) 耗时 655 ms
