
  .   ____          _            __ _ _
 /\\ / ___'_ __ _ _(_)_ __  __ _ \ \ \ \
( ( )\___ | '_ | '_| | '_ \/ _` | \ \ \ \
 \\/  ___)| |_)| | | | | || (_| |  ) ) ) )
  '  |____| .__|_| |_|_| |_\__, | / / / /
 =========|_|==============|___/=/_/_/_/

 :: Spring Boot ::                (v3.4.5)

2026-09-09 22:43:45.793 INFO  [background-preinit] [] o.h.validator.internal.util.Version - HV000001: Hibernate Validator 8.0.2.Final
2026-09-09 22:43:45.849 INFO  [main] [] c.a.questionbank.QuestionBankApplication - Starting QuestionBankApplication v0.1.0-SNAPSHOT using Java 21.0.12 with PID 77736 (C:\Project\QuestionBank\deploy\question-bank-app.jar started by Allen in C:\Project\QuestionBank)
2026-09-09 22:43:45.851 INFO  [main] [] c.a.questionbank.QuestionBankApplication - No active profile set, falling back to 1 default profile: "default"
2026-09-09 22:43:47.153 INFO  [main] [] o.s.d.r.c.RepositoryConfigurationDelegate - Multiple Spring Data modules found, entering strict repository configuration mode
2026-09-09 22:43:47.154 INFO  [main] [] o.s.d.r.c.RepositoryConfigurationDelegate - Bootstrapping Spring Data JPA repositories in DEFAULT mode.
2026-09-09 22:43:47.288 INFO  [main] [] o.s.d.r.c.RepositoryConfigurationDelegate - Finished Spring Data repository scanning in 127 ms. Found 10 JPA repository interfaces.
2026-09-09 22:43:47.304 INFO  [main] [] o.s.d.r.c.RepositoryConfigurationDelegate - Multiple Spring Data modules found, entering strict repository configuration mode
2026-09-09 22:43:47.307 INFO  [main] [] o.s.d.r.c.RepositoryConfigurationDelegate - Bootstrapping Spring Data Redis repositories in DEFAULT mode.
2026-09-09 22:43:47.326 INFO  [main] [] o.s.d.r.c.RepositoryConfigurationExtensionSupport - Spring Data Redis - Could not safely identify store assignment for repository candidate interface com.allen.questionbank.auth.UserAccountRepository; If you want this repository to be a Redis repository, consider annotating your entities with one of these annotations: org.springframework.data.redis.core.RedisHash (preferred), or consider extending one of the following types with your repository: org.springframework.data.keyvalue.repository.KeyValueRepository
2026-09-09 22:43:47.327 INFO  [main] [] o.s.d.r.c.RepositoryConfigurationExtensionSupport - Spring Data Redis - Could not safely identify store assignment for repository candidate interface com.allen.questionbank.bank.PaperVersionRepository; If you want this repository to be a Redis repository, consider annotating your entities with one of these annotations: org.springframework.data.redis.core.RedisHash (preferred), or consider extending one of the following types with your repository: org.springframework.data.keyvalue.repository.KeyValueRepository
2026-09-09 22:43:47.327 INFO  [main] [] o.s.d.r.c.RepositoryConfigurationExtensionSupport - Spring Data Redis - Could not safely identify store assignment for repository candidate interface com.allen.questionbank.bank.QuestionBankRepository; If you want this repository to be a Redis repository, consider annotating your entities with one of these annotations: org.springframework.data.redis.core.RedisHash (preferred), or consider extending one of the following types with your repository: org.springframework.data.keyvalue.repository.KeyValueRepository
2026-09-09 22:43:47.328 INFO  [main] [] o.s.d.r.c.RepositoryConfigurationExtensionSupport - Spring Data Redis - Could not safely identify store assignment for repository candidate interface com.allen.questionbank.bank.QuestionVersionRepository; If you want this repository to be a Redis repository, consider annotating your entities with one of these annotations: org.springframework.data.redis.core.RedisHash (preferred), or consider extending one of the following types with your repository: org.springframework.data.keyvalue.repository.KeyValueRepository
2026-09-09 22:43:47.328 INFO  [main] [] o.s.d.r.c.RepositoryConfigurationExtensionSupport - Spring Data Redis - Could not safely identify store assignment for repository candidate interface com.allen.questionbank.event.ConsumedEventRepository; If you want this repository to be a Redis repository, consider annotating your entities with one of these annotations: org.springframework.data.redis.core.RedisHash (preferred), or consider extending one of the following types with your repository: org.springframework.data.keyvalue.repository.KeyValueRepository
2026-09-09 22:43:47.328 INFO  [main] [] o.s.d.r.c.RepositoryConfigurationExtensionSupport - Spring Data Redis - Could not safely identify store assignment for repository candidate interface com.allen.questionbank.event.OutboxEventRepository; If you want this repository to be a Redis repository, consider annotating your entities with one of these annotations: org.springframework.data.redis.core.RedisHash (preferred), or consider extending one of the following types with your repository: org.springframework.data.keyvalue.repository.KeyValueRepository
2026-09-09 22:43:47.328 INFO  [main] [] o.s.d.r.c.RepositoryConfigurationExtensionSupport - Spring Data Redis - Could not safely identify store assignment for repository candidate interface com.allen.questionbank.importjob.ImportJobRepository; If you want this repository to be a Redis repository, consider annotating your entities with one of these annotations: org.springframework.data.redis.core.RedisHash (preferred), or consider extending one of the following types with your repository: org.springframework.data.keyvalue.repository.KeyValueRepository
2026-09-09 22:43:47.328 INFO  [main] [] o.s.d.r.c.RepositoryConfigurationExtensionSupport - Spring Data Redis - Could not safely identify store assignment for repository candidate interface com.allen.questionbank.practice.PracticeSessionRepository; If you want this repository to be a Redis repository, consider annotating your entities with one of these annotations: org.springframework.data.redis.core.RedisHash (preferred), or consider extending one of the following types with your repository: org.springframework.data.keyvalue.repository.KeyValueRepository
2026-09-09 22:43:47.328 INFO  [main] [] o.s.d.r.c.RepositoryConfigurationExtensionSupport - Spring Data Redis - Could not safely identify store assignment for repository candidate interface com.allen.questionbank.practice.SubmissionItemRepository; If you want this repository to be a Redis repository, consider annotating your entities with one of these annotations: org.springframework.data.redis.core.RedisHash (preferred), or consider extending one of the following types with your repository: org.springframework.data.keyvalue.repository.KeyValueRepository
2026-09-09 22:43:47.328 INFO  [main] [] o.s.d.r.c.RepositoryConfigurationExtensionSupport - Spring Data Redis - Could not safely identify store assignment for repository candidate interface com.allen.questionbank.practice.WrongQuestionRepository; If you want this repository to be a Redis repository, consider annotating your entities with one of these annotations: org.springframework.data.redis.core.RedisHash (preferred), or consider extending one of the following types with your repository: org.springframework.data.keyvalue.repository.KeyValueRepository
2026-09-09 22:43:47.328 INFO  [main] [] o.s.d.r.c.RepositoryConfigurationDelegate - Finished Spring Data repository scanning in 7 ms. Found 0 Redis repository interfaces.
2026-09-09 22:43:50.378 INFO  [main] [] o.s.b.w.embedded.tomcat.TomcatWebServer - Tomcat initialized with port 8081 (http)
2026-09-09 22:43:50.404 INFO  [main] [] o.apache.coyote.http11.Http11NioProtocol - Initializing ProtocolHandler ["http-nio-8081"]
2026-09-09 22:43:50.409 INFO  [main] [] o.apache.catalina.core.StandardService - Starting service [Tomcat]
2026-09-09 22:43:50.410 INFO  [main] [] org.apache.catalina.core.StandardEngine - Starting Servlet engine: [Apache Tomcat/10.1.40]
2026-09-09 22:43:50.474 INFO  [main] [] o.a.c.c.C.[Tomcat].[localhost].[/] - Initializing Spring embedded WebApplicationContext
2026-09-09 22:43:50.476 INFO  [main] [] o.s.b.w.s.c.ServletWebServerApplicationContext - Root WebApplicationContext: initialization completed in 4575 ms
2026-09-09 22:43:54.391 INFO  [main] [] com.zaxxer.hikari.HikariDataSource - HikariPool-1 - Starting...
2026-09-09 22:43:54.633 INFO  [main] [] com.zaxxer.hikari.pool.HikariPool - HikariPool-1 - Added connection com.mysql.cj.jdbc.ConnectionImpl@c7443f
2026-09-09 22:43:54.634 INFO  [main] [] com.zaxxer.hikari.HikariDataSource - HikariPool-1 - Start completed.
2026-09-09 22:43:54.699 INFO  [main] [] org.flywaydb.core.FlywayExecutor - Database: jdbc:mysql://127.0.0.1:3306/question_bank?useSSL=false&allowPublicKeyRetrieval=true&serverTimezone=UTC&rewriteBatchedStatements=true&createDatabaseIfNotExist=true (MySQL 9.0)
2026-09-09 22:43:54.728 WARN  [main] [] o.f.core.internal.database.base.Database - Flyway upgrade recommended: MySQL 9.0 is newer than this version of Flyway and support has not been tested. The latest supported version of MySQL is 8.1.
2026-09-09 22:43:54.806 INFO  [main] [] o.f.core.internal.command.DbValidate - Successfully validated 4 migrations (execution time 00:00.058s)
2026-09-09 22:43:54.815 INFO  [main] [] o.f.core.internal.command.DbMigrate - Current version of schema `question_bank`: 4
2026-09-09 22:43:54.817 INFO  [main] [] o.f.core.internal.command.DbMigrate - Schema `question_bank` is up to date. No migration necessary.
2026-09-09 22:43:54.962 INFO  [main] [] o.hibernate.jpa.internal.util.LogHelper - HHH000204: Processing PersistenceUnitInfo [name: default]
2026-09-09 22:43:55.073 INFO  [main] [] org.hibernate.Version - HHH000412: Hibernate ORM core version 6.6.13.Final
2026-09-09 22:43:55.164 INFO  [main] [] o.h.c.internal.RegionFactoryInitiator - HHH000026: Second-level cache disabled
2026-09-09 22:43:55.573 INFO  [main] [] o.s.o.j.p.SpringPersistenceUnitInfo - No LoadTimeWeaver setup: ignoring JPA class transformer
2026-09-09 22:43:55.720 INFO  [main] [] org.hibernate.orm.connections.pooling - HHH10001005: Database info:
	Database JDBC URL [Connecting through datasource 'HikariDataSource (HikariPool-1)']
	Database driver: undefined/unknown
	Database version: 9.0.1
	Autocommit mode: undefined/unknown
	Isolation level: undefined/unknown
	Minimum pool size: undefined/unknown
	Maximum pool size: undefined/unknown
2026-09-09 22:43:57.214 INFO  [main] [] o.h.e.t.j.p.i.JtaPlatformInitiator - HHH000489: No JTA platform available (set 'hibernate.transaction.jta.platform' to enable JTA platform integration)
2026-09-09 22:43:57.293 INFO  [main] [] o.s.o.j.LocalContainerEntityManagerFactoryBean - Initialized JPA EntityManagerFactory for persistence unit 'default'
2026-09-09 22:44:00.023 INFO  [main] [] o.s.d.j.r.query.QueryEnhancerFactory - Hibernate is in classpath; If applicable, HQL parser will be used.
2026-09-09 22:44:03.887 INFO  [main] [] o.s.s.c.a.a.c.InitializeUserDetailsBeanManagerConfigurer$InitializeUserDetailsManagerConfigurer - Global AuthenticationManager configured with UserDetailsService bean with name unusedFormLoginUserDetailsService
2026-09-09 22:44:06.034 INFO  [main] [] o.s.b.a.e.web.EndpointLinksResolver - Exposing 4 endpoints beneath base path '/actuator'
2026-09-09 22:44:07.622 INFO  [main] [] o.apache.coyote.http11.Http11NioProtocol - Starting ProtocolHandler ["http-nio-8081"]
2026-09-09 22:44:07.650 INFO  [main] [] o.s.b.w.embedded.tomcat.TomcatWebServer - Tomcat started on port 8081 (http) with context path '/'
2026-09-09 22:44:07.709 INFO  [main] [] c.a.questionbank.QuestionBankApplication - Started QuestionBankApplication in 22.296 seconds (process running for 22.752)
2026-09-09 22:44:10.037 INFO  [http-nio-8081-exec-1] [] o.a.c.c.C.[Tomcat].[localhost].[/] - Initializing Spring DispatcherServlet 'dispatcherServlet'
2026-09-09 22:44:10.037 INFO  [http-nio-8081-exec-1] [] o.s.web.servlet.DispatcherServlet - Initializing Servlet 'dispatcherServlet'
2026-09-09 22:44:10.038 INFO  [http-nio-8081-exec-1] [] o.s.web.servlet.DispatcherServlet - Completed initialization in 1 ms
2026-09-09 22:44:12.265 WARN  [http-nio-8081-exec-6] [f8052da7-a31c-417c-a1d5-342ba5e4b54e] c.a.q.ops.ServiceLatencyAspect - 慢调用 TokenService.issue(..) 耗时 637 ms
2026-09-09 22:44:12.265 WARN  [http-nio-8081-exec-10] [c1b0ec49-84ae-476c-9871-a6c26594f68e] c.a.q.ops.ServiceLatencyAspect - 慢调用 TokenService.issue(..) 耗时 638 ms
2026-09-09 22:44:12.266 WARN  [http-nio-8081-exec-5] [534cd6e6-431a-41a6-8a80-1da32063a5be] c.a.q.ops.ServiceLatencyAspect - 慢调用 TokenService.issue(..) 耗时 640 ms
2026-09-09 22:44:12.265 WARN  [http-nio-8081-exec-4] [bf211c34-1a49-4899-8832-4cf7d2c9499e] c.a.q.ops.ServiceLatencyAspect - 慢调用 TokenService.issue(..) 耗时 640 ms
2026-09-09 22:44:12.266 WARN  [http-nio-8081-exec-7] [35dfbc5f-17bc-43c1-8c52-9b74bdcc6bf0] c.a.q.ops.ServiceLatencyAspect - 慢调用 TokenService.issue(..) 耗时 636 ms
2026-09-09 22:44:12.265 WARN  [http-nio-8081-exec-9] [65f987d8-a0af-459b-a90a-b7a136e636c8] c.a.q.ops.ServiceLatencyAspect - 慢调用 TokenService.issue(..) 耗时 639 ms
2026-09-09 22:44:12.265 WARN  [http-nio-8081-exec-8] [cd4fd0d7-9cc9-4964-b5de-15c59b10118a] c.a.q.ops.ServiceLatencyAspect - 慢调用 TokenService.issue(..) 耗时 640 ms
2026-09-09 22:44:12.266 WARN  [http-nio-8081-exec-3] [15e1292d-e3e3-46b0-a278-ee338e002074] c.a.q.ops.ServiceLatencyAspect - 慢调用 TokenService.issue(..) 耗时 638 ms
2026-09-09 22:44:12.266 WARN  [http-nio-8081-exec-1] [13d57beb-559a-4be0-9d36-d444641128ea] c.a.q.ops.ServiceLatencyAspect - 慢调用 TokenService.issue(..) 耗时 637 ms
2026-09-09 22:44:12.266 WARN  [http-nio-8081-exec-6] [f8052da7-a31c-417c-a1d5-342ba5e4b54e] c.a.q.ops.ServiceLatencyAspect - 慢调用 AuthService.login(..) 耗时 814 ms
2026-09-09 22:44:12.266 WARN  [http-nio-8081-exec-10] [c1b0ec49-84ae-476c-9871-a6c26594f68e] c.a.q.ops.ServiceLatencyAspect - 慢调用 AuthService.login(..) 耗时 813 ms
2026-09-09 22:44:12.266 WARN  [http-nio-8081-exec-2] [ce02cbca-eb0f-4a00-808a-cd1943b5ea38] c.a.q.ops.ServiceLatencyAspect - 慢调用 TokenService.issue(..) 耗时 637 ms
2026-09-09 22:44:12.266 WARN  [http-nio-8081-exec-4] [bf211c34-1a49-4899-8832-4cf7d2c9499e] c.a.q.ops.ServiceLatencyAspect - 慢调用 AuthService.login(..) 耗时 819 ms
2026-09-09 22:44:12.266 WARN  [http-nio-8081-exec-5] [534cd6e6-431a-41a6-8a80-1da32063a5be] c.a.q.ops.ServiceLatencyAspect - 慢调用 AuthService.login(..) 耗时 816 ms
2026-09-09 22:44:12.266 WARN  [http-nio-8081-exec-9] [65f987d8-a0af-459b-a90a-b7a136e636c8] c.a.q.ops.ServiceLatencyAspect - 慢调用 AuthService.login(..) 耗时 812 ms
2026-09-09 22:44:12.266 WARN  [http-nio-8081-exec-7] [35dfbc5f-17bc-43c1-8c52-9b74bdcc6bf0] c.a.q.ops.ServiceLatencyAspect - 慢调用 AuthService.login(..) 耗时 814 ms
2026-09-09 22:44:12.266 WARN  [http-nio-8081-exec-8] [cd4fd0d7-9cc9-4964-b5de-15c59b10118a] c.a.q.ops.ServiceLatencyAspect - 慢调用 AuthService.login(..) 耗时 814 ms
2026-09-09 22:44:12.266 WARN  [http-nio-8081-exec-3] [15e1292d-e3e3-46b0-a278-ee338e002074] c.a.q.ops.ServiceLatencyAspect - 慢调用 AuthService.login(..) 耗时 819 ms
2026-09-09 22:44:12.266 WARN  [http-nio-8081-exec-1] [13d57beb-559a-4be0-9d36-d444641128ea] c.a.q.ops.ServiceLatencyAspect - 慢调用 AuthService.login(..) 耗时 808 ms
2026-09-09 22:44:12.266 WARN  [http-nio-8081-exec-2] [ce02cbca-eb0f-4a00-808a-cd1943b5ea38] c.a.q.ops.ServiceLatencyAspect - 慢调用 AuthService.login(..) 耗时 820 ms
