
  .   ____          _            __ _ _
 /\\ / ___'_ __ _ _(_)_ __  __ _ \ \ \ \
( ( )\___ | '_ | '_| | '_ \/ _` | \ \ \ \
 \\/  ___)| |_)| | | | | || (_| |  ) ) ) )
  '  |____| .__|_| |_|_| |_\__, | / / / /
 =========|_|==============|___/=/_/_/_/

 :: Spring Boot ::                (v3.4.5)

2026-09-08T22:23:41.619+08:00  INFO [gateway-service,,] 105616 --- [gateway-service] [           main] [                                                 ] c.a.cloud.gateway.GatewayApplication     : Starting GatewayApplication v0.1.0-SNAPSHOT using Java 21.0.12 with PID 105616 (C:\Project\QuestionBank\cloud\gateway-service\target\gateway-service-0.1.0-SNAPSHOT.jar started by Allen in C:\Project\QuestionBank)
2026-09-08T22:23:41.622+08:00  INFO [gateway-service,,] 105616 --- [gateway-service] [           main] [                                                 ] c.a.cloud.gateway.GatewayApplication     : No active profile set, falling back to 1 default profile: "default"
2026-09-08T22:23:42.737+08:00  INFO [gateway-service,,] 105616 --- [gateway-service] [           main] [                                                 ] .s.d.r.c.RepositoryConfigurationDelegate : Multiple Spring Data modules found, entering strict repository configuration mode
2026-09-08T22:23:42.739+08:00  INFO [gateway-service,,] 105616 --- [gateway-service] [           main] [                                                 ] .s.d.r.c.RepositoryConfigurationDelegate : Bootstrapping Spring Data Redis repositories in DEFAULT mode.
2026-09-08T22:23:42.765+08:00  INFO [gateway-service,,] 105616 --- [gateway-service] [           main] [                                                 ] .s.d.r.c.RepositoryConfigurationDelegate : Finished Spring Data repository scanning in 9 ms. Found 0 Redis repository interfaces.
2026-09-08T22:23:42.944+08:00  INFO [gateway-service,,] 105616 --- [gateway-service] [           main] [                                                 ] o.s.cloud.context.scope.GenericScope     : BeanFactory id=47132b0a-a90b-3f8a-b81f-a39e2cae5b1f
2026-09-08T22:23:45.494+08:00  INFO [gateway-service,,] 105616 --- [gateway-service] [           main] [                                                 ] o.s.c.g.r.RouteDefinitionRouteLocator    : Loaded RoutePredicateFactory [After]
2026-09-08T22:23:45.495+08:00  INFO [gateway-service,,] 105616 --- [gateway-service] [           main] [                                                 ] o.s.c.g.r.RouteDefinitionRouteLocator    : Loaded RoutePredicateFactory [Before]
2026-09-08T22:23:45.496+08:00  INFO [gateway-service,,] 105616 --- [gateway-service] [           main] [                                                 ] o.s.c.g.r.RouteDefinitionRouteLocator    : Loaded RoutePredicateFactory [Between]
2026-09-08T22:23:45.496+08:00  INFO [gateway-service,,] 105616 --- [gateway-service] [           main] [                                                 ] o.s.c.g.r.RouteDefinitionRouteLocator    : Loaded RoutePredicateFactory [Cookie]
2026-09-08T22:23:45.497+08:00  INFO [gateway-service,,] 105616 --- [gateway-service] [           main] [                                                 ] o.s.c.g.r.RouteDefinitionRouteLocator    : Loaded RoutePredicateFactory [Header]
2026-09-08T22:23:45.503+08:00  INFO [gateway-service,,] 105616 --- [gateway-service] [           main] [                                                 ] o.s.c.g.r.RouteDefinitionRouteLocator    : Loaded RoutePredicateFactory [Host]
2026-09-08T22:23:45.503+08:00  INFO [gateway-service,,] 105616 --- [gateway-service] [           main] [                                                 ] o.s.c.g.r.RouteDefinitionRouteLocator    : Loaded RoutePredicateFactory [Method]
2026-09-08T22:23:45.503+08:00  INFO [gateway-service,,] 105616 --- [gateway-service] [           main] [                                                 ] o.s.c.g.r.RouteDefinitionRouteLocator    : Loaded RoutePredicateFactory [Path]
2026-09-08T22:23:45.504+08:00  INFO [gateway-service,,] 105616 --- [gateway-service] [           main] [                                                 ] o.s.c.g.r.RouteDefinitionRouteLocator    : Loaded RoutePredicateFactory [Query]
2026-09-08T22:23:45.507+08:00  INFO [gateway-service,,] 105616 --- [gateway-service] [           main] [                                                 ] o.s.c.g.r.RouteDefinitionRouteLocator    : Loaded RoutePredicateFactory [ReadBody]
2026-09-08T22:23:45.507+08:00  INFO [gateway-service,,] 105616 --- [gateway-service] [           main] [                                                 ] o.s.c.g.r.RouteDefinitionRouteLocator    : Loaded RoutePredicateFactory [RemoteAddr]
2026-09-08T22:23:45.507+08:00  INFO [gateway-service,,] 105616 --- [gateway-service] [           main] [                                                 ] o.s.c.g.r.RouteDefinitionRouteLocator    : Loaded RoutePredicateFactory [XForwardedRemoteAddr]
2026-09-08T22:23:45.507+08:00  INFO [gateway-service,,] 105616 --- [gateway-service] [           main] [                                                 ] o.s.c.g.r.RouteDefinitionRouteLocator    : Loaded RoutePredicateFactory [Weight]
2026-09-08T22:23:45.507+08:00  INFO [gateway-service,,] 105616 --- [gateway-service] [           main] [                                                 ] o.s.c.g.r.RouteDefinitionRouteLocator    : Loaded RoutePredicateFactory [CloudFoundryRouteService]
2026-09-08T22:23:45.882+08:00  INFO [gateway-service,,] 105616 --- [gateway-service] [           main] [                                                 ] o.s.b.a.e.web.EndpointLinksResolver      : Exposing 3 endpoints beneath base path '/actuator'
2026-09-08T22:23:46.532+08:00  INFO [gateway-service,,] 105616 --- [gateway-service] [           main] [                                                 ] DiscoveryClientOptionalArgsConfiguration : Eureka HTTP Client uses RestTemplate.
2026-09-08T22:23:46.633+08:00  WARN [gateway-service,,] 105616 --- [gateway-service] [           main] [                                                 ] iguration$LoadBalancerCaffeineWarnLogger : Spring Cloud LoadBalancer is currently working with the default cache. While this cache implementation is useful for development and tests, it's recommended to use Caffeine cache in production.You can switch to using Caffeine cache, by adding it and org.springframework.cache.caffeine.CaffeineCacheManager to the classpath.
2026-09-08T22:23:46.819+08:00  INFO [gateway-service,,] 105616 --- [gateway-service] [           main] [                                                 ] o.s.c.n.eureka.InstanceInfoFactory       : Setting initial instance status as: STARTING
2026-09-08T22:23:46.847+08:00  INFO [gateway-service,,] 105616 --- [gateway-service] [           main] [                                                 ] com.netflix.discovery.DiscoveryClient    : Initializing Eureka in region us-east-1
2026-09-08T22:23:46.852+08:00  INFO [gateway-service,,] 105616 --- [gateway-service] [           main] [                                                 ] c.n.d.s.r.aws.ConfigClusterResolver      : Resolving eureka endpoints via configuration
2026-09-08T22:23:46.868+08:00  INFO [gateway-service,,] 105616 --- [gateway-service] [           main] [                                                 ] com.netflix.discovery.DiscoveryClient    : Disable delta property : false
2026-09-08T22:23:46.868+08:00  INFO [gateway-service,,] 105616 --- [gateway-service] [           main] [                                                 ] com.netflix.discovery.DiscoveryClient    : Single vip registry refresh property : null
2026-09-08T22:23:46.868+08:00  INFO [gateway-service,,] 105616 --- [gateway-service] [           main] [                                                 ] com.netflix.discovery.DiscoveryClient    : Force full registry fetch : false
2026-09-08T22:23:46.868+08:00  INFO [gateway-service,,] 105616 --- [gateway-service] [           main] [                                                 ] com.netflix.discovery.DiscoveryClient    : Application is null : false
2026-09-08T22:23:46.868+08:00  INFO [gateway-service,,] 105616 --- [gateway-service] [           main] [                                                 ] com.netflix.discovery.DiscoveryClient    : Registered Applications size is zero : true
2026-09-08T22:23:46.868+08:00  INFO [gateway-service,,] 105616 --- [gateway-service] [           main] [                                                 ] com.netflix.discovery.DiscoveryClient    : Application version is -1: true
2026-09-08T22:23:46.869+08:00  INFO [gateway-service,,] 105616 --- [gateway-service] [           main] [                                                 ] com.netflix.discovery.DiscoveryClient    : Getting all instance registry info from the eureka server
2026-09-08T22:23:47.478+08:00  INFO [gateway-service,,] 105616 --- [gateway-service] [           main] [                                                 ] com.netflix.discovery.DiscoveryClient    : The response status is 200
2026-09-08T22:23:47.481+08:00  INFO [gateway-service,,] 105616 --- [gateway-service] [           main] [                                                 ] com.netflix.discovery.DiscoveryClient    : Starting heartbeat executor: renew interval is: 5
2026-09-08T22:23:47.483+08:00  INFO [gateway-service,,] 105616 --- [gateway-service] [           main] [                                                 ] c.n.discovery.InstanceInfoReplicator     : InstanceInfoReplicator onDemand update allowed rate per min is 4
2026-09-08T22:23:47.484+08:00  INFO [gateway-service,,] 105616 --- [gateway-service] [           main] [                                                 ] com.netflix.discovery.DiscoveryClient    : Discovery Client initialized at timestamp 1788877427483 with initial instances count: 2
2026-09-08T22:23:47.490+08:00  INFO [gateway-service,,] 105616 --- [gateway-service] [           main] [                                                 ] o.s.c.n.e.s.EurekaServiceRegistry        : Registering application GATEWAY-SERVICE with eureka with status UP
2026-09-08T22:23:47.491+08:00  INFO [gateway-service,,] 105616 --- [gateway-service] [           main] [                                                 ] com.netflix.discovery.DiscoveryClient    : Saw local status change event StatusChangeEvent [timestamp=1788877427491, current=UP, previous=STARTING]
2026-09-08T22:23:47.492+08:00  INFO [gateway-service,,] 105616 --- [gateway-service] [foReplicator-%d] [                                                 ] com.netflix.discovery.DiscoveryClient    : DiscoveryClient_GATEWAY-SERVICE/allen:gateway-service:8080: registering service...
2026-09-08T22:23:47.558+08:00  INFO [gateway-service,,] 105616 --- [gateway-service] [foReplicator-%d] [                                                 ] com.netflix.discovery.DiscoveryClient    : DiscoveryClient_GATEWAY-SERVICE/allen:gateway-service:8080 - registration status: 204
2026-09-08T22:23:47.827+08:00  INFO [gateway-service,,] 105616 --- [gateway-service] [           main] [                                                 ] o.s.b.web.embedded.netty.NettyWebServer  : Netty started on port 8080 (http)
2026-09-08T22:23:47.828+08:00  INFO [gateway-service,,] 105616 --- [gateway-service] [           main] [                                                 ] .s.c.n.e.s.EurekaAutoServiceRegistration : Updating port to 8080
2026-09-08T22:23:47.909+08:00  INFO [gateway-service,,] 105616 --- [gateway-service] [           main] [                                                 ] c.a.cloud.gateway.GatewayApplication     : Started GatewayApplication in 6.803 seconds (process running for 7.451)
