
  .   ____          _            __ _ _
 /\\ / ___'_ __ _ _(_)_ __  __ _ \ \ \ \
( ( )\___ | '_ | '_| | '_ \/ _` | \ \ \ \
 \\/  ___)| |_)| | | | | || (_| |  ) ) ) )
  '  |____| .__|_| |_|_| |_\__, | / / / /
 =========|_|==============|___/=/_/_/_/

 :: Spring Boot ::                (v3.4.5)

2026-09-08T22:23:21.536+08:00  INFO [practice-service,,] 113544 --- [practice-service] [           main] [                                                 ] c.a.cloud.practice.PracticeApplication   : Starting PracticeApplication v0.1.0-SNAPSHOT using Java 21.0.12 with PID 113544 (C:\Project\QuestionBank\cloud\practice-service\target\practice-service-0.1.0-SNAPSHOT.jar started by Allen in C:\Project\QuestionBank)
2026-09-08T22:23:21.544+08:00  INFO [practice-service,,] 113544 --- [practice-service] [           main] [                                                 ] c.a.cloud.practice.PracticeApplication   : No active profile set, falling back to 1 default profile: "default"
2026-09-08T22:23:22.806+08:00  INFO [practice-service,,] 113544 --- [practice-service] [           main] [                                                 ] .s.d.r.c.RepositoryConfigurationDelegate : Bootstrapping Spring Data JPA repositories in DEFAULT mode.
2026-09-08T22:23:22.893+08:00  INFO [practice-service,,] 113544 --- [practice-service] [           main] [                                                 ] .s.d.r.c.RepositoryConfigurationDelegate : Finished Spring Data repository scanning in 80 ms. Found 2 JPA repository interfaces.
2026-09-08T22:23:23.220+08:00  INFO [practice-service,,] 113544 --- [practice-service] [           main] [                                                 ] o.s.cloud.context.scope.GenericScope     : BeanFactory id=910c0357-9003-38bd-b93a-6e132fdddda7
2026-09-08T22:23:25.525+08:00  INFO [practice-service,,] 113544 --- [practice-service] [           main] [                                                 ] o.s.b.w.embedded.tomcat.TomcatWebServer  : Tomcat initialized with port 8083 (http)
2026-09-08T22:23:25.572+08:00  INFO [practice-service,,] 113544 --- [practice-service] [           main] [                                                 ] o.apache.catalina.core.StandardService   : Starting service [Tomcat]
2026-09-08T22:23:25.573+08:00  INFO [practice-service,,] 113544 --- [practice-service] [           main] [                                                 ] o.apache.catalina.core.StandardEngine    : Starting Servlet engine: [Apache Tomcat/10.1.40]
2026-09-08T22:23:25.632+08:00  INFO [practice-service,,] 113544 --- [practice-service] [           main] [                                                 ] o.a.c.c.C.[Tomcat].[localhost].[/]       : Initializing Spring embedded WebApplicationContext
2026-09-08T22:23:25.635+08:00  INFO [practice-service,,] 113544 --- [practice-service] [           main] [                                                 ] w.s.c.ServletWebServerApplicationContext : Root WebApplicationContext: initialization completed in 4027 ms
2026-09-08T22:23:28.620+08:00  INFO [practice-service,,] 113544 --- [practice-service] [           main] [                                                 ] com.zaxxer.hikari.HikariDataSource       : HikariPool-1 - Starting...
2026-09-08T22:23:28.887+08:00  INFO [practice-service,,] 113544 --- [practice-service] [           main] [                                                 ] com.zaxxer.hikari.pool.HikariPool        : HikariPool-1 - Added connection com.mysql.cj.jdbc.ConnectionImpl@3702d0ed
2026-09-08T22:23:28.888+08:00  INFO [practice-service,,] 113544 --- [practice-service] [           main] [                                                 ] com.zaxxer.hikari.HikariDataSource       : HikariPool-1 - Start completed.
2026-09-08T22:23:28.948+08:00  INFO [practice-service,,] 113544 --- [practice-service] [           main] [                                                 ] org.flywaydb.core.FlywayExecutor         : Database: jdbc:mysql://127.0.0.1:3307/qb_practice?createDatabaseIfNotExist=true&characterEncoding=UTF-8&useSSL=false&allowPublicKeyRetrieval=true&serverTimezone=UTC (MySQL 9.0)
2026-09-08T22:23:28.970+08:00  WARN [practice-service,,] 113544 --- [practice-service] [           main] [                                                 ] o.f.c.internal.database.base.Database    : Flyway upgrade recommended: MySQL 9.0 is newer than this version of Flyway and support has not been tested. The latest supported version of MySQL is 8.1.
2026-09-08T22:23:29.030+08:00  INFO [practice-service,,] 113544 --- [practice-service] [           main] [                                                 ] o.f.core.internal.command.DbValidate     : Successfully validated 1 migration (execution time 00:00.045s)
2026-09-08T22:23:29.050+08:00  INFO [practice-service,,] 113544 --- [practice-service] [           main] [                                                 ] o.f.core.internal.command.DbMigrate      : Current version of schema `qb_practice`: 1
2026-09-08T22:23:29.053+08:00  INFO [practice-service,,] 113544 --- [practice-service] [           main] [                                                 ] o.f.core.internal.command.DbMigrate      : Schema `qb_practice` is up to date. No migration necessary.
2026-09-08T22:23:29.195+08:00  INFO [practice-service,,] 113544 --- [practice-service] [           main] [                                                 ] o.hibernate.jpa.internal.util.LogHelper  : HHH000204: Processing PersistenceUnitInfo [name: default]
2026-09-08T22:23:29.262+08:00  INFO [practice-service,,] 113544 --- [practice-service] [           main] [                                                 ] org.hibernate.Version                    : HHH000412: Hibernate ORM core version 6.6.13.Final
2026-09-08T22:23:29.299+08:00  INFO [practice-service,,] 113544 --- [practice-service] [           main] [                                                 ] o.h.c.internal.RegionFactoryInitiator    : HHH000026: Second-level cache disabled
2026-09-08T22:23:29.609+08:00  INFO [practice-service,,] 113544 --- [practice-service] [           main] [                                                 ] o.s.o.j.p.SpringPersistenceUnitInfo      : No LoadTimeWeaver setup: ignoring JPA class transformer
2026-09-08T22:23:29.702+08:00  INFO [practice-service,,] 113544 --- [practice-service] [           main] [                                                 ] org.hibernate.orm.connections.pooling    : HHH10001005: Database info:
	Database JDBC URL [Connecting through datasource 'HikariDataSource (HikariPool-1)']
	Database driver: undefined/unknown
	Database version: 9.0.1
	Autocommit mode: undefined/unknown
	Isolation level: undefined/unknown
	Minimum pool size: undefined/unknown
	Maximum pool size: undefined/unknown
2026-09-08T22:23:30.522+08:00  INFO [practice-service,,] 113544 --- [practice-service] [           main] [                                                 ] o.h.e.t.j.p.i.JtaPlatformInitiator       : HHH000489: No JTA platform available (set 'hibernate.transaction.jta.platform' to enable JTA platform integration)
2026-09-08T22:23:30.559+08:00  INFO [practice-service,,] 113544 --- [practice-service] [           main] [                                                 ] j.LocalContainerEntityManagerFactoryBean : Initialized JPA EntityManagerFactory for persistence unit 'default'
2026-09-08T22:23:30.899+08:00  INFO [practice-service,,] 113544 --- [practice-service] [           main] [                                                 ] o.s.c.openfeign.FeignClientFactoryBean   : For 'bank-service' URL not provided. Will try picking an instance via load-balancing.
2026-09-08T22:23:34.904+08:00  INFO [practice-service,,] 113544 --- [practice-service] [           main] [                                                 ] DiscoveryClientOptionalArgsConfiguration : Eureka HTTP Client uses RestTemplate.
2026-09-08T22:23:35.028+08:00  WARN [practice-service,,] 113544 --- [practice-service] [           main] [                                                 ] iguration$LoadBalancerCaffeineWarnLogger : Spring Cloud LoadBalancer is currently working with the default cache. While this cache implementation is useful for development and tests, it's recommended to use Caffeine cache in production.You can switch to using Caffeine cache, by adding it and org.springframework.cache.caffeine.CaffeineCacheManager to the classpath.
2026-09-08T22:23:35.089+08:00  INFO [practice-service,,] 113544 --- [practice-service] [           main] [                                                 ] o.s.b.a.e.web.EndpointLinksResolver      : Exposing 5 endpoints beneath base path '/actuator'
2026-09-08T22:23:35.193+08:00  INFO [practice-service,,] 113544 --- [practice-service] [           main] [                                                 ] o.s.c.n.eureka.InstanceInfoFactory       : Setting initial instance status as: STARTING
2026-09-08T22:23:35.245+08:00  INFO [practice-service,,] 113544 --- [practice-service] [           main] [                                                 ] com.netflix.discovery.DiscoveryClient    : Initializing Eureka in region us-east-1
2026-09-08T22:23:35.250+08:00  INFO [practice-service,,] 113544 --- [practice-service] [           main] [                                                 ] c.n.d.s.r.aws.ConfigClusterResolver      : Resolving eureka endpoints via configuration
2026-09-08T22:23:35.269+08:00  INFO [practice-service,,] 113544 --- [practice-service] [           main] [                                                 ] com.netflix.discovery.DiscoveryClient    : Disable delta property : false
2026-09-08T22:23:35.269+08:00  INFO [practice-service,,] 113544 --- [practice-service] [           main] [                                                 ] com.netflix.discovery.DiscoveryClient    : Single vip registry refresh property : null
2026-09-08T22:23:35.269+08:00  INFO [practice-service,,] 113544 --- [practice-service] [           main] [                                                 ] com.netflix.discovery.DiscoveryClient    : Force full registry fetch : false
2026-09-08T22:23:35.269+08:00  INFO [practice-service,,] 113544 --- [practice-service] [           main] [                                                 ] com.netflix.discovery.DiscoveryClient    : Application is null : false
2026-09-08T22:23:35.269+08:00  INFO [practice-service,,] 113544 --- [practice-service] [           main] [                                                 ] com.netflix.discovery.DiscoveryClient    : Registered Applications size is zero : true
2026-09-08T22:23:35.269+08:00  INFO [practice-service,,] 113544 --- [practice-service] [           main] [                                                 ] com.netflix.discovery.DiscoveryClient    : Application version is -1: true
2026-09-08T22:23:35.269+08:00  INFO [practice-service,,] 113544 --- [practice-service] [           main] [                                                 ] com.netflix.discovery.DiscoveryClient    : Getting all instance registry info from the eureka server
2026-09-08T22:23:35.886+08:00  INFO [practice-service,,] 113544 --- [practice-service] [           main] [                                                 ] com.netflix.discovery.DiscoveryClient    : The response status is 200
2026-09-08T22:23:35.888+08:00  INFO [practice-service,,] 113544 --- [practice-service] [           main] [                                                 ] com.netflix.discovery.DiscoveryClient    : Starting heartbeat executor: renew interval is: 5
2026-09-08T22:23:35.889+08:00  INFO [practice-service,,] 113544 --- [practice-service] [           main] [                                                 ] c.n.discovery.InstanceInfoReplicator     : InstanceInfoReplicator onDemand update allowed rate per min is 4
2026-09-08T22:23:35.891+08:00  INFO [practice-service,,] 113544 --- [practice-service] [           main] [                                                 ] com.netflix.discovery.DiscoveryClient    : Discovery Client initialized at timestamp 1788877415891 with initial instances count: 2
2026-09-08T22:23:35.929+08:00  INFO [practice-service,,] 113544 --- [practice-service] [           main] [                                                 ] o.s.c.n.e.s.EurekaServiceRegistry        : Registering application PRACTICE-SERVICE with eureka with status UP
2026-09-08T22:23:35.930+08:00  INFO [practice-service,,] 113544 --- [practice-service] [           main] [                                                 ] com.netflix.discovery.DiscoveryClient    : Saw local status change event StatusChangeEvent [timestamp=1788877415930, current=UP, previous=STARTING]
2026-09-08T22:23:35.933+08:00  INFO [practice-service,,] 113544 --- [practice-service] [foReplicator-%d] [                                                 ] com.netflix.discovery.DiscoveryClient    : DiscoveryClient_PRACTICE-SERVICE/allen:practice-service:8083: registering service...
2026-09-08T22:23:35.993+08:00  INFO [practice-service,,] 113544 --- [practice-service] [           main] [                                                 ] o.s.b.w.embedded.tomcat.TomcatWebServer  : Tomcat started on port 8083 (http) with context path '/'
2026-09-08T22:23:35.994+08:00  INFO [practice-service,,] 113544 --- [practice-service] [           main] [                                                 ] .s.c.n.e.s.EurekaAutoServiceRegistration : Updating port to 8083
2026-09-08T22:23:36.006+08:00  INFO [practice-service,,] 113544 --- [practice-service] [foReplicator-%d] [                                                 ] com.netflix.discovery.DiscoveryClient    : DiscoveryClient_PRACTICE-SERVICE/allen:practice-service:8083 - registration status: 204
2026-09-08T22:23:36.075+08:00  INFO [practice-service,,] 113544 --- [practice-service] [           main] [                                                 ] c.a.cloud.practice.PracticeApplication   : Started PracticeApplication in 15.039 seconds (process running for 15.608)
2026-09-08T22:23:36.417+08:00  INFO [practice-service,,] 113544 --- [practice-service] [nio-8083-exec-1] [                                                 ] o.a.c.c.C.[Tomcat].[localhost].[/]       : Initializing Spring DispatcherServlet 'dispatcherServlet'
2026-09-08T22:23:36.417+08:00  INFO [practice-service,,] 113544 --- [practice-service] [nio-8083-exec-1] [                                                 ] o.s.web.servlet.DispatcherServlet        : Initializing Servlet 'dispatcherServlet'
2026-09-08T22:23:36.418+08:00  INFO [practice-service,,] 113544 --- [practice-service] [nio-8083-exec-1] [                                                 ] o.s.web.servlet.DispatcherServlet        : Completed initialization in 1 ms
