
  .   ____          _            __ _ _
 /\\ / ___'_ __ _ _(_)_ __  __ _ \ \ \ \
( ( )\___ | '_ | '_| | '_ \/ _` | \ \ \ \
 \\/  ___)| |_)| | | | | || (_| |  ) ) ) )
  '  |____| .__|_| |_|_| |_\__, | / / / /
 =========|_|==============|___/=/_/_/_/

 :: Spring Boot ::                (v3.4.5)

2026-09-08T22:23:13.556+08:00  INFO [auth-service,,] 93256 --- [auth-service] [           main] [                                                 ] com.allen.cloud.auth.AuthApplication     : Starting AuthApplication v0.1.0-SNAPSHOT using Java 21.0.12 with PID 93256 (C:\Project\QuestionBank\cloud\auth-service\target\auth-service-0.1.0-SNAPSHOT.jar started by Allen in C:\Project\QuestionBank)
2026-09-08T22:23:13.563+08:00  INFO [auth-service,,] 93256 --- [auth-service] [           main] [                                                 ] com.allen.cloud.auth.AuthApplication     : No active profile set, falling back to 1 default profile: "default"
2026-09-08T22:23:14.620+08:00  INFO [auth-service,,] 93256 --- [auth-service] [           main] [                                                 ] .s.d.r.c.RepositoryConfigurationDelegate : Bootstrapping Spring Data JPA repositories in DEFAULT mode.
2026-09-08T22:23:14.708+08:00  INFO [auth-service,,] 93256 --- [auth-service] [           main] [                                                 ] .s.d.r.c.RepositoryConfigurationDelegate : Finished Spring Data repository scanning in 81 ms. Found 1 JPA repository interface.
2026-09-08T22:23:14.868+08:00  INFO [auth-service,,] 93256 --- [auth-service] [           main] [                                                 ] o.s.cloud.context.scope.GenericScope     : BeanFactory id=3789ea32-3e69-335d-a75c-bacd2ae5bf58
2026-09-08T22:23:16.021+08:00  INFO [auth-service,,] 93256 --- [auth-service] [           main] [                                                 ] o.s.b.w.embedded.tomcat.TomcatWebServer  : Tomcat initialized with port 8081 (http)
2026-09-08T22:23:16.073+08:00  INFO [auth-service,,] 93256 --- [auth-service] [           main] [                                                 ] o.apache.catalina.core.StandardService   : Starting service [Tomcat]
2026-09-08T22:23:16.073+08:00  INFO [auth-service,,] 93256 --- [auth-service] [           main] [                                                 ] o.apache.catalina.core.StandardEngine    : Starting Servlet engine: [Apache Tomcat/10.1.40]
2026-09-08T22:23:16.181+08:00  INFO [auth-service,,] 93256 --- [auth-service] [           main] [                                                 ] o.a.c.c.C.[Tomcat].[localhost].[/]       : Initializing Spring embedded WebApplicationContext
2026-09-08T22:23:16.194+08:00  INFO [auth-service,,] 93256 --- [auth-service] [           main] [                                                 ] w.s.c.ServletWebServerApplicationContext : Root WebApplicationContext: initialization completed in 2555 ms
2026-09-08T22:23:18.022+08:00  INFO [auth-service,,] 93256 --- [auth-service] [           main] [                                                 ] com.zaxxer.hikari.HikariDataSource       : HikariPool-1 - Starting...
2026-09-08T22:23:18.325+08:00  INFO [auth-service,,] 93256 --- [auth-service] [           main] [                                                 ] com.zaxxer.hikari.pool.HikariPool        : HikariPool-1 - Added connection com.mysql.cj.jdbc.ConnectionImpl@4067634b
2026-09-08T22:23:18.327+08:00  INFO [auth-service,,] 93256 --- [auth-service] [           main] [                                                 ] com.zaxxer.hikari.HikariDataSource       : HikariPool-1 - Start completed.
2026-09-08T22:23:18.387+08:00  INFO [auth-service,,] 93256 --- [auth-service] [           main] [                                                 ] org.flywaydb.core.FlywayExecutor         : Database: jdbc:mysql://127.0.0.1:3307/qb_auth?createDatabaseIfNotExist=true&characterEncoding=UTF-8&useSSL=false&allowPublicKeyRetrieval=true&serverTimezone=UTC (MySQL 9.0)
2026-09-08T22:23:18.417+08:00  WARN [auth-service,,] 93256 --- [auth-service] [           main] [                                                 ] o.f.c.internal.database.base.Database    : Flyway upgrade recommended: MySQL 9.0 is newer than this version of Flyway and support has not been tested. The latest supported version of MySQL is 8.1.
2026-09-08T22:23:18.479+08:00  INFO [auth-service,,] 93256 --- [auth-service] [           main] [                                                 ] o.f.core.internal.command.DbValidate     : Successfully validated 1 migration (execution time 00:00.049s)
2026-09-08T22:23:18.503+08:00  INFO [auth-service,,] 93256 --- [auth-service] [           main] [                                                 ] o.f.core.internal.command.DbMigrate      : Current version of schema `qb_auth`: 1
2026-09-08T22:23:18.508+08:00  INFO [auth-service,,] 93256 --- [auth-service] [           main] [                                                 ] o.f.core.internal.command.DbMigrate      : Schema `qb_auth` is up to date. No migration necessary.
2026-09-08T22:23:18.665+08:00  INFO [auth-service,,] 93256 --- [auth-service] [           main] [                                                 ] o.hibernate.jpa.internal.util.LogHelper  : HHH000204: Processing PersistenceUnitInfo [name: default]
2026-09-08T22:23:18.733+08:00  INFO [auth-service,,] 93256 --- [auth-service] [           main] [                                                 ] org.hibernate.Version                    : HHH000412: Hibernate ORM core version 6.6.13.Final
2026-09-08T22:23:18.790+08:00  INFO [auth-service,,] 93256 --- [auth-service] [           main] [                                                 ] o.h.c.internal.RegionFactoryInitiator    : HHH000026: Second-level cache disabled
2026-09-08T22:23:19.126+08:00  INFO [auth-service,,] 93256 --- [auth-service] [           main] [                                                 ] o.s.o.j.p.SpringPersistenceUnitInfo      : No LoadTimeWeaver setup: ignoring JPA class transformer
2026-09-08T22:23:19.211+08:00  INFO [auth-service,,] 93256 --- [auth-service] [           main] [                                                 ] org.hibernate.orm.connections.pooling    : HHH10001005: Database info:
	Database JDBC URL [Connecting through datasource 'HikariDataSource (HikariPool-1)']
	Database driver: undefined/unknown
	Database version: 9.0.1
	Autocommit mode: undefined/unknown
	Isolation level: undefined/unknown
	Minimum pool size: undefined/unknown
	Maximum pool size: undefined/unknown
2026-09-08T22:23:20.084+08:00  INFO [auth-service,,] 93256 --- [auth-service] [           main] [                                                 ] o.h.e.t.j.p.i.JtaPlatformInitiator       : HHH000489: No JTA platform available (set 'hibernate.transaction.jta.platform' to enable JTA platform integration)
2026-09-08T22:23:20.122+08:00  INFO [auth-service,,] 93256 --- [auth-service] [           main] [                                                 ] j.LocalContainerEntityManagerFactoryBean : Initialized JPA EntityManagerFactory for persistence unit 'default'
2026-09-08T22:23:22.620+08:00  INFO [auth-service,,] 93256 --- [auth-service] [           main] [                                                 ] DiscoveryClientOptionalArgsConfiguration : Eureka HTTP Client uses RestTemplate.
2026-09-08T22:23:22.742+08:00  WARN [auth-service,,] 93256 --- [auth-service] [           main] [                                                 ] iguration$LoadBalancerCaffeineWarnLogger : Spring Cloud LoadBalancer is currently working with the default cache. While this cache implementation is useful for development and tests, it's recommended to use Caffeine cache in production.You can switch to using Caffeine cache, by adding it and org.springframework.cache.caffeine.CaffeineCacheManager to the classpath.
2026-09-08T22:23:22.755+08:00  INFO [auth-service,,] 93256 --- [auth-service] [           main] [                                                 ] o.s.b.a.e.web.EndpointLinksResolver      : Exposing 2 endpoints beneath base path '/actuator'
2026-09-08T22:23:22.910+08:00  INFO [auth-service,,] 93256 --- [auth-service] [           main] [                                                 ] o.s.c.n.eureka.InstanceInfoFactory       : Setting initial instance status as: STARTING
2026-09-08T22:23:22.948+08:00  INFO [auth-service,,] 93256 --- [auth-service] [           main] [                                                 ] com.netflix.discovery.DiscoveryClient    : Initializing Eureka in region us-east-1
2026-09-08T22:23:22.959+08:00  INFO [auth-service,,] 93256 --- [auth-service] [           main] [                                                 ] c.n.d.s.r.aws.ConfigClusterResolver      : Resolving eureka endpoints via configuration
2026-09-08T22:23:22.983+08:00  INFO [auth-service,,] 93256 --- [auth-service] [           main] [                                                 ] com.netflix.discovery.DiscoveryClient    : Disable delta property : false
2026-09-08T22:23:22.983+08:00  INFO [auth-service,,] 93256 --- [auth-service] [           main] [                                                 ] com.netflix.discovery.DiscoveryClient    : Single vip registry refresh property : null
2026-09-08T22:23:22.984+08:00  INFO [auth-service,,] 93256 --- [auth-service] [           main] [                                                 ] com.netflix.discovery.DiscoveryClient    : Force full registry fetch : false
2026-09-08T22:23:22.984+08:00  INFO [auth-service,,] 93256 --- [auth-service] [           main] [                                                 ] com.netflix.discovery.DiscoveryClient    : Application is null : false
2026-09-08T22:23:22.984+08:00  INFO [auth-service,,] 93256 --- [auth-service] [           main] [                                                 ] com.netflix.discovery.DiscoveryClient    : Registered Applications size is zero : true
2026-09-08T22:23:22.985+08:00  INFO [auth-service,,] 93256 --- [auth-service] [           main] [                                                 ] com.netflix.discovery.DiscoveryClient    : Application version is -1: true
2026-09-08T22:23:22.985+08:00  INFO [auth-service,,] 93256 --- [auth-service] [           main] [                                                 ] com.netflix.discovery.DiscoveryClient    : Getting all instance registry info from the eureka server
2026-09-08T22:23:23.961+08:00  INFO [auth-service,,] 93256 --- [auth-service] [           main] [                                                 ] com.netflix.discovery.DiscoveryClient    : The response status is 200
2026-09-08T22:23:23.962+08:00  INFO [auth-service,,] 93256 --- [auth-service] [           main] [                                                 ] com.netflix.discovery.DiscoveryClient    : Starting heartbeat executor: renew interval is: 5
2026-09-08T22:23:23.964+08:00  INFO [auth-service,,] 93256 --- [auth-service] [           main] [                                                 ] c.n.discovery.InstanceInfoReplicator     : InstanceInfoReplicator onDemand update allowed rate per min is 4
2026-09-08T22:23:23.966+08:00  INFO [auth-service,,] 93256 --- [auth-service] [           main] [                                                 ] com.netflix.discovery.DiscoveryClient    : Discovery Client initialized at timestamp 1788877403965 with initial instances count: 0
2026-09-08T22:23:23.972+08:00  INFO [auth-service,,] 93256 --- [auth-service] [           main] [                                                 ] o.s.c.n.e.s.EurekaServiceRegistry        : Registering application AUTH-SERVICE with eureka with status UP
2026-09-08T22:23:23.973+08:00  INFO [auth-service,,] 93256 --- [auth-service] [           main] [                                                 ] com.netflix.discovery.DiscoveryClient    : Saw local status change event StatusChangeEvent [timestamp=1788877403973, current=UP, previous=STARTING]
2026-09-08T22:23:23.975+08:00  INFO [auth-service,,] 93256 --- [auth-service] [foReplicator-%d] [                                                 ] com.netflix.discovery.DiscoveryClient    : DiscoveryClient_AUTH-SERVICE/allen:auth-service:8081: registering service...
2026-09-08T22:23:24.004+08:00  INFO [auth-service,,] 93256 --- [auth-service] [           main] [                                                 ] o.s.b.w.embedded.tomcat.TomcatWebServer  : Tomcat started on port 8081 (http) with context path '/'
2026-09-08T22:23:24.005+08:00  INFO [auth-service,,] 93256 --- [auth-service] [           main] [                                                 ] .s.c.n.e.s.EurekaAutoServiceRegistration : Updating port to 8081
2026-09-08T22:23:24.033+08:00  INFO [auth-service,,] 93256 --- [auth-service] [           main] [                                                 ] com.allen.cloud.auth.AuthApplication     : Started AuthApplication in 10.908 seconds (process running for 11.383)
2026-09-08T22:23:24.136+08:00  INFO [auth-service,,] 93256 --- [auth-service] [foReplicator-%d] [                                                 ] com.netflix.discovery.DiscoveryClient    : DiscoveryClient_AUTH-SERVICE/allen:auth-service:8081 - registration status: 204
2026-09-08T22:23:25.384+08:00  INFO [auth-service,,] 93256 --- [auth-service] [nio-8081-exec-1] [                                                 ] o.a.c.c.C.[Tomcat].[localhost].[/]       : Initializing Spring DispatcherServlet 'dispatcherServlet'
2026-09-08T22:23:25.384+08:00  INFO [auth-service,,] 93256 --- [auth-service] [nio-8081-exec-1] [                                                 ] o.s.web.servlet.DispatcherServlet        : Initializing Servlet 'dispatcherServlet'
2026-09-08T22:23:25.385+08:00  INFO [auth-service,,] 93256 --- [auth-service] [nio-8081-exec-1] [                                                 ] o.s.web.servlet.DispatcherServlet        : Completed initialization in 1 ms
2026-09-08T22:23:28.976+08:00  INFO [auth-service,,] 93256 --- [auth-service] [reshExecutor-%d] [                                                 ] com.netflix.discovery.DiscoveryClient    : Disable delta property : false
2026-09-08T22:23:28.976+08:00  INFO [auth-service,,] 93256 --- [auth-service] [reshExecutor-%d] [                                                 ] com.netflix.discovery.DiscoveryClient    : Single vip registry refresh property : null
2026-09-08T22:23:28.976+08:00  INFO [auth-service,,] 93256 --- [auth-service] [reshExecutor-%d] [                                                 ] com.netflix.discovery.DiscoveryClient    : Force full registry fetch : false
2026-09-08T22:23:28.976+08:00  INFO [auth-service,,] 93256 --- [auth-service] [reshExecutor-%d] [                                                 ] com.netflix.discovery.DiscoveryClient    : Application is null : false
2026-09-08T22:23:28.976+08:00  INFO [auth-service,,] 93256 --- [auth-service] [reshExecutor-%d] [                                                 ] com.netflix.discovery.DiscoveryClient    : Registered Applications size is zero : true
2026-09-08T22:23:28.976+08:00  INFO [auth-service,,] 93256 --- [auth-service] [reshExecutor-%d] [                                                 ] com.netflix.discovery.DiscoveryClient    : Application version is -1: false
2026-09-08T22:23:28.976+08:00  INFO [auth-service,,] 93256 --- [auth-service] [reshExecutor-%d] [                                                 ] com.netflix.discovery.DiscoveryClient    : Getting all instance registry info from the eureka server
2026-09-08T22:23:28.996+08:00  INFO [auth-service,,] 93256 --- [auth-service] [reshExecutor-%d] [                                                 ] com.netflix.discovery.DiscoveryClient    : The response status is 200
2026-09-08T22:23:34.010+08:00  INFO [auth-service,,] 93256 --- [auth-service] [reshExecutor-%d] [                                                 ] com.netflix.discovery.DiscoveryClient    : Disable delta property : false
2026-09-08T22:23:34.010+08:00  INFO [auth-service,,] 93256 --- [auth-service] [reshExecutor-%d] [                                                 ] com.netflix.discovery.DiscoveryClient    : Single vip registry refresh property : null
2026-09-08T22:23:34.010+08:00  INFO [auth-service,,] 93256 --- [auth-service] [reshExecutor-%d] [                                                 ] com.netflix.discovery.DiscoveryClient    : Force full registry fetch : false
2026-09-08T22:23:34.010+08:00  INFO [auth-service,,] 93256 --- [auth-service] [reshExecutor-%d] [                                                 ] com.netflix.discovery.DiscoveryClient    : Application is null : false
2026-09-08T22:23:34.010+08:00  INFO [auth-service,,] 93256 --- [auth-service] [reshExecutor-%d] [                                                 ] com.netflix.discovery.DiscoveryClient    : Registered Applications size is zero : true
2026-09-08T22:23:34.010+08:00  INFO [auth-service,,] 93256 --- [auth-service] [reshExecutor-%d] [                                                 ] com.netflix.discovery.DiscoveryClient    : Application version is -1: false
2026-09-08T22:23:34.010+08:00  INFO [auth-service,,] 93256 --- [auth-service] [reshExecutor-%d] [                                                 ] com.netflix.discovery.DiscoveryClient    : Getting all instance registry info from the eureka server
2026-09-08T22:23:34.043+08:00  INFO [auth-service,,] 93256 --- [auth-service] [reshExecutor-%d] [                                                 ] com.netflix.discovery.DiscoveryClient    : The response status is 200
